[    0.000000] Initializing cgroup subsys cpuset
[    0.000000] Initializing cgroup subsys cpu
[    0.000000] Initializing cgroup subsys cpuacct
[    0.000000] Linux version 4.4.0-97-generic (buildd@lcy01-33) (gcc version 5.4.0 20160609 (Ubuntu 5.4.0-6ubuntu1~16.04.4) ) #120-Ubuntu SMP Tue Sep 19 17:28:18 UTC 2017 (Ubuntu 4.4.0-97.120-generic 4.4.87)
[    0.000000] Command line: BOOT_IMAGE=/boot/vmlinuz-4.4.0-97-generic root=LABEL=cloudimg-rootfs ro console=tty1 console=ttyS0
[    0.000000] KERNEL supported cpus:
[    0.000000]   Intel GenuineIntel
[    0.000000]   AMD AuthenticAMD
[    0.000000]   Centaur CentaurHauls
[    0.000000] x86/fpu: xstate_offset[2]:  576, xstate_sizes[2]:  256
[    0.000000] x86/fpu: Supporting XSAVE feature 0x01: 'x87 floating point registers'
[    0.000000] x86/fpu: Supporting XSAVE feature 0x02: 'SSE registers'
[    0.000000] x86/fpu: Supporting XSAVE feature 0x04: 'AVX registers'
[    0.000000] x86/fpu: Enabled xstate features 0x7, context size is 832 bytes, using 'standard' format.
[    0.000000] x86/fpu: Using 'lazy' FPU context switches.
[    0.000000] e820: BIOS-provided physical RAM map:
[    0.000000] BIOS-e820: [mem 0x0000000000000000-0x000000000009fbff] usable
[    0.000000] BIOS-e820: [mem 0x000000000009fc00-0x000000000009ffff] reserved
[    0.000000] BIOS-e820: [mem 0x00000000000f0000-0x00000000000fffff] reserved
[    0.000000] BIOS-e820: [mem 0x0000000000100000-0x000000003ffeffff] usable
[    0.000000] BIOS-e820: [mem 0x000000003fff0000-0x000000003fffffff] ACPI data
[    0.000000] BIOS-e820: [mem 0x00000000fec00000-0x00000000fec00fff] reserved
[    0.000000] BIOS-e820: [mem 0x00000000fee00000-0x00000000fee00fff] reserved
[    0.000000] BIOS-e820: [mem 0x00000000fffc0000-0x00000000ffffffff] reserved
[    0.000000] NX (Execute Disable) protection: active
[    0.000000] SMBIOS 2.5 present.
[    0.000000] Hypervisor detected: KVM
[    0.000000] e820: last_pfn = 0x3fff0 max_arch_pfn = 0x400000000
[    0.000000] MTRR: Disabled
[    0.000000] x86/PAT: MTRRs disabled, skipping PAT initialization too.
[    0.000000] CPU MTRRs all blank - virtualized system.
[    0.000000] x86/PAT: Configuration [0-7]: WB  WT  UC- UC  WB  WT  UC- UC  
[    0.000000] found SMP MP-table at [mem 0x0009fff0-0x0009ffff] mapped at [ffff88000009fff0]
[    0.000000] Scanning 1 areas for low memory corruption
[    0.000000] RAMDISK: [mem 0x36adc000-0x37565fff]
[    0.000000] ACPI: Early table checksum verification disabled
[    0.000000] ACPI: RSDP 0x00000000000E0000 000024 (v02 VBOX  )
[    0.000000] ACPI: XSDT 0x000000003FFF0030 00003C (v01 VBOX   VBOXXSDT 00000001 ASL  00000061)
[    0.000000] ACPI: FACP 0x000000003FFF00F0 0000F4 (v04 VBOX   VBOXFACP 00000001 ASL  00000061)
[    0.000000] ACPI: DSDT 0x000000003FFF0470 0021FF (v02 VBOX   VBOXBIOS 00000002 INTL 20100528)
[    0.000000] ACPI: FACS 0x000000003FFF0200 000040
[    0.000000] ACPI: FACS 0x000000003FFF0200 000040
[    0.000000] ACPI: APIC 0x000000003FFF0240 00005C (v02 VBOX   VBOXAPIC 00000001 ASL  00000061)
[    0.000000] ACPI: SSDT 0x000000003FFF02A0 0001CC (v01 VBOX   VBOXCPUT 00000002 INTL 20100528)
[    0.000000] No NUMA configuration found
[    0.000000] Faking a node at [mem 0x0000000000000000-0x000000003ffeffff]
[    0.000000] NODE_DATA(0) allocated [mem 0x3ffeb000-0x3ffeffff]
[    0.000000] kvm-clock: Using msrs 4b564d01 and 4b564d00
[    0.000000] kvm-clock: cpu 0, msr 0:3ffe3001, primary cpu clock
[    0.000000] kvm-clock: using sched offset of 3360204498 cycles
[    0.000000] clocksource: kvm-clock: mask: 0xffffffffffffffff max_cycles: 0x1cd42e4dffb, max_idle_ns: 881590591483 ns
[    0.000000] Zone ranges:
[    0.000000]   DMA      [mem 0x0000000000001000-0x0000000000ffffff]
[    0.000000]   DMA32    [mem 0x0000000001000000-0x000000003ffeffff]
[    0.000000]   Normal   empty
[    0.000000]   Device   empty
[    0.000000] Movable zone start for each node
[    0.000000] Early memory node ranges
[    0.000000]   node   0: [mem 0x0000000000001000-0x000000000009efff]
[    0.000000]   node   0: [mem 0x0000000000100000-0x000000003ffeffff]
[    0.000000] Initmem setup node 0 [mem 0x0000000000001000-0x000000003ffeffff]
[    0.000000] ACPI: PM-Timer IO Port: 0x4008
[    0.000000] IOAPIC[0]: apic_id 2, version 32, address 0xfec00000, GSI 0-23
[    0.000000] ACPI: INT_SRC_OVR (bus 0 bus_irq 0 global_irq 2 dfl dfl)
[    0.000000] ACPI: INT_SRC_OVR (bus 0 bus_irq 9 global_irq 9 high level)
[    0.000000] Using ACPI (MADT) for SMP configuration information
[    0.000000] smpboot: Allowing 2 CPUs, 0 hotplug CPUs
[    0.000000] PM: Registered nosave memory: [mem 0x00000000-0x00000fff]
[    0.000000] PM: Registered nosave memory: [mem 0x0009f000-0x0009ffff]
[    0.000000] PM: Registered nosave memory: [mem 0x000a0000-0x000effff]
[    0.000000] PM: Registered nosave memory: [mem 0x000f0000-0x000fffff]
[    0.000000] e820: [mem 0x40000000-0xfebfffff] available for PCI devices
[    0.000000] Booting paravirtualized kernel on KVM
[    0.000000] clocksource: refined-jiffies: mask: 0xffffffff max_cycles: 0xffffffff, max_idle_ns: 7645519600211568 ns
[    0.000000] setup_percpu: NR_CPUS:512 nr_cpumask_bits:512 nr_cpu_ids:2 nr_node_ids:1
[    0.000000] PERCPU: Embedded 34 pages/cpu @ffff88003fc00000 s98328 r8192 d32744 u1048576
[    0.000000] PV qspinlock hash table entries: 256 (order: 0, 4096 bytes)
[    0.000000] Built 1 zonelists in Node order, mobility grouping on.  Total pages: 257913
[    0.000000] Policy zone: DMA32
[    0.000000] Kernel command line: BOOT_IMAGE=/boot/vmlinuz-4.4.0-97-generic root=LABEL=cloudimg-rootfs ro console=tty1 console=ttyS0
[    0.000000] PID hash table entries: 4096 (order: 3, 32768 bytes)
[    0.000000] Memory: 1001772K/1048120K available (8480K kernel code, 1294K rwdata, 3984K rodata, 1492K init, 1316K bss, 46348K reserved, 0K cma-reserved)
[    0.000000] SLUB: HWalign=64, Order=0-3, MinObjects=0, CPUs=2, Nodes=1
[    0.000000] Hierarchical RCU implementation.
[    0.000000] 	Build-time adjustment of leaf fanout to 64.
[    0.000000] 	RCU restricting CPUs from NR_CPUS=512 to nr_cpu_ids=2.
[    0.000000] RCU: Adjusting geometry for rcu_fanout_leaf=64, nr_cpu_ids=2
[    0.000000] NR_IRQS:33024 nr_irqs:440 16
[    0.000000] Console: colour VGA+ 80x25
[    0.000000] console [tty1] enabled
[    0.000000] console [ttyS0] enabled
[    0.000000] tsc: Detected 1599.999 MHz processor
[    2.636552] Calibrating delay loop (skipped) preset value.. 3199.99 BogoMIPS (lpj=6399996)
[    2.639471] pid_max: default: 32768 minimum: 301
[    2.651074] ACPI: Core revision 20150930
[    2.656144] ACPI: 2 ACPI AML tables successfully acquired and loaded
[    2.658623] Security Framework initialized
[    2.666151] Yama: becoming mindful.
[    2.667429] AppArmor: AppArmor initialized
[    2.669633] Dentry cache hash table entries: 131072 (order: 8, 1048576 bytes)
[    2.678383] Inode-cache hash table entries: 65536 (order: 7, 524288 bytes)
[    2.684091] Mount-cache hash table entries: 2048 (order: 2, 16384 bytes)
[    2.728102] Mountpoint-cache hash table entries: 2048 (order: 2, 16384 bytes)
[    2.741329] Initializing cgroup subsys io
[    2.744471] Initializing cgroup subsys memory
[    2.752193] Initializing cgroup subsys devices
[    2.764151] Initializing cgroup subsys freezer
[    2.773694] Initializing cgroup subsys net_cls
[    2.774922] Initializing cgroup subsys perf_event
[    2.816514] Initializing cgroup subsys net_prio
[    2.840684] Initializing cgroup subsys hugetlb
[    2.873568] Initializing cgroup subsys pids
[    2.898968] CPU: Physical Processor ID: 0
[    2.912354] CPU: Processor Core ID: 0
[    2.915638] mce: CPU supports 0 MCE banks
[    2.950819] Last level iTLB entries: 4KB 64, 2MB 8, 4MB 8
[    2.981739] Last level dTLB entries: 4KB 64, 2MB 0, 4MB 0, 1GB 4
[    2.985430] Freeing SMP alternatives memory: 32K
[    3.010316] ftrace: allocating 32148 entries in 126 pages
[    3.120546] smpboot: APIC(0) Converting physical 0 to logical package 0
[    3.136870] smpboot: Max logical packages: 1
[    3.138444] x2apic enabled
[    3.141235] Switched APIC routing to physical x2apic.
[    3.153035] ..TIMER: vector=0x30 apic1=0 pin1=2 apic2=-1 pin2=-1
[    3.271466] smpboot: CPU0: Intel(R) Core(TM) i5-5250U CPU @ 1.60GHz (family: 0x6, model: 0x3d, stepping: 0x4)
[    3.289080] Performance Events: unsupported p6 CPU model 61 no PMU driver, software events only.
[    3.311976] KVM setup paravirtual spinlock
[    3.319681] x86: Booting SMP configuration:
[    3.322307] .... node  #0, CPUs:      #1
[    3.324461] kvm-clock: cpu 1, msr 0:3ffe3041, secondary cpu clock
[    3.334544] mce: CPU supports 0 MCE banks
[    3.351841] x86: Booted up 1 node, 2 CPUs
[    3.360699] smpboot: Total of 2 processors activated (6399.99 BogoMIPS)
[    3.372685] devtmpfs: initialized
[    3.386929] evm: security.selinux
[    3.389264] evm: security.SMACK64
[    3.393535] evm: security.SMACK64EXEC
[    3.394662] evm: security.SMACK64TRANSMUTE
[    3.395890] evm: security.SMACK64MMAP
[    3.397038] evm: security.ima
[    3.398023] evm: security.capability
[    3.414951] clocksource: jiffies: mask: 0xffffffff max_cycles: 0xffffffff, max_idle_ns: 7645041785100000 ns
[    3.504173] futex hash table entries: 512 (order: 3, 32768 bytes)
[    3.523062] pinctrl core: initialized pinctrl subsystem
[    3.537580] RTC time: 18:24:20, date: 10/17/17
[    3.541919] NET: Registered protocol family 16
[    3.553649] cpuidle: using governor ladder
[    3.565570] cpuidle: using governor menu
[    3.576816] PCCT header not found.
[    3.583529] ACPI: bus type PCI registered
[    3.589293] acpiphp: ACPI Hot Plug PCI Controller Driver version: 0.5
[    3.601021] PCI: Using configuration type 1 for base access
[    3.633089] ACPI: Added _OSI(Module Device)
[    3.638697] ACPI: Added _OSI(Processor Device)
[    3.645561] ACPI: Added _OSI(3.0 _SCP Extensions)
[    3.648592] ACPI: Added _OSI(Processor Aggregator Device)
[    3.659536] ACPI: Executed 1 blocks of module-level executable AML code
[    3.665330] ACPI: Interpreter enabled
[    3.692309] ACPI: (supports S0 S5)
[    3.701415] ACPI: Using IOAPIC for interrupt routing
[    3.702858] PCI: Using host bridge windows from ACPI; if necessary, use "pci=nocrs" and report a bug
[    3.721787] ACPI: PCI Root Bridge [PCI0] (domain 0000 [bus 00-ff])
[    3.747814] acpi PNP0A03:00: _OSC: OS supports [ASPM ClockPM Segments MSI]
[    3.767348] acpi PNP0A03:00: _OSC: not requesting OS control; OS requires [ExtendedConfig ASPM ClockPM MSI]
[    3.772251] acpi PNP0A03:00: fail to add MMCONFIG information, can't access extended PCI configuration space under this bridge.
[    3.800438] PCI host bridge to bus 0000:00
[    3.835571] pci_bus 0000:00: root bus resource [io  0x0000-0x0cf7 window]
[    3.899093] pci_bus 0000:00: root bus resource [io  0x0d00-0xffff window]
[    3.954718] pci_bus 0000:00: root bus resource [mem 0x000a0000-0x000bffff window]
[    4.006398] pci_bus 0000:00: root bus resource [mem 0x40000000-0xffdfffff window]
[    4.029438] pci_bus 0000:00: root bus resource [bus 00-ff]
[    4.084531] pci 0000:00:01.1: legacy IDE quirk: reg 0x10: [io  0x01f0-0x01f7]
[    4.152865] pci 0000:00:01.1: legacy IDE quirk: reg 0x14: [io  0x03f6]
[    4.220054] pci 0000:00:01.1: legacy IDE quirk: reg 0x18: [io  0x0170-0x0177]
[    4.232977] pci 0000:00:01.1: legacy IDE quirk: reg 0x1c: [io  0x0376]
[    4.301137] pci 0000:00:07.0: quirk: [io  0x4000-0x403f] claimed by PIIX4 ACPI
[    4.379283] pci 0000:00:07.0: quirk: [io  0x4100-0x410f] claimed by PIIX4 SMB
[    4.423405] ACPI: PCI Interrupt Link [LNKA] (IRQs 5 9 10 *11)
[    4.483893] ACPI: PCI Interrupt Link [LNKB] (IRQs 5 9 10 *11)
[    4.527447] ACPI: PCI Interrupt Link [LNKC] (IRQs 5 9 *10 11)
[    4.562942] ACPI: PCI Interrupt Link [LNKD] (IRQs 5 *9 10 11)
[    4.629599] ACPI: Enabled 2 GPEs in block 00 to 07
[    4.662140] vgaarb: setting as boot device: PCI:0000:00:02.0
[    4.673555] vgaarb: device added: PCI:0000:00:02.0,decodes=io+mem,owns=io+mem,locks=none
[    4.736434] vgaarb: loaded
[    4.757025] vgaarb: bridge control possible 0000:00:02.0
[    4.800255] SCSI subsystem initialized
[    4.814808] ACPI: bus type USB registered
[    4.852316] usbcore: registered new interface driver usbfs
[    4.890387] usbcore: registered new interface driver hub
[    4.908423] usbcore: registered new device driver usb
[    4.924187] PCI: Using ACPI for IRQ routing
[    4.936262] NetLabel: Initializing
[    4.967592] NetLabel:  domain hash size = 128
[    5.005142] NetLabel:  protocols = UNLABELED CIPSOv4
[    5.060316] NetLabel:  unlabeled traffic allowed by default
[    5.099299] amd_nb: Cannot enumerate AMD northbridges
[    5.117900] clocksource: Switched to clocksource kvm-clock
[    5.175390] AppArmor: AppArmor Filesystem Enabled
[    5.257584] pnp: PnP ACPI init
[    5.298692] pnp: PnP ACPI: found 3 devices
[    5.348975] clocksource: acpi_pm: mask: 0xffffff max_cycles: 0xffffff, max_idle_ns: 2085701024 ns
[    5.506833] NET: Registered protocol family 2
[    5.577235] TCP established hash table entries: 8192 (order: 4, 65536 bytes)
[    5.668327] TCP bind hash table entries: 8192 (order: 5, 131072 bytes)
[    5.670090] TCP: Hash tables configured (established 8192 bind 8192)
[    5.671829] UDP hash table entries: 512 (order: 2, 16384 bytes)
[    5.677287] UDP-Lite hash table entries: 512 (order: 2, 16384 bytes)
[    5.785949] NET: Registered protocol family 1
[    5.860488] pci 0000:00:00.0: Limiting direct PCI/PCI transfers
[    5.901418] pci 0000:00:01.0: Activating ISA DMA hang workarounds
[    6.006008] Unpacking initramfs...
[    8.203075] Freeing initrd memory: 10792K
[    8.239086] RAPL PMU detected, API unit is 2^-32 Joules, 4 fixed counters 10737418240 ms ovfl timer
[    8.328150] hw unit of domain pp0-core 2^-0 Joules
[    8.329612] hw unit of domain package 2^-0 Joules
[    8.387551] hw unit of domain dram 2^-0 Joules
[    8.432665] hw unit of domain pp1-gpu 2^-0 Joules
[    8.473741] platform rtc_cmos: registered platform RTC device (no PNP device found)
[    8.541232] Scanning for low memory corruption every 60 seconds
[    8.554431] audit: initializing netlink subsys (disabled)
[    8.573525] audit: type=2000 audit(1508264666.670:1): initialized
[    8.665608] Initialise system trusted keyring
[    8.678483] HugeTLB registered 2 MB page size, pre-allocated 0 pages
[    8.750774] zbud: loaded
[    8.810634] VFS: Disk quotas dquot_6.6.0
[    8.862844] VFS: Dquot-cache hash table entries: 512 (order 0, 4096 bytes)
[    8.979806] squashfs: version 4.0 (2009/01/31) Phillip Lougher
[    9.025378] fuse init (API version 7.23)
[    9.087698] Key type big_key registered
[    9.120132] Allocating IMA MOK and blacklist keyrings.
[    9.152207] Key type asymmetric registered
[    9.207333] Asymmetric key parser 'x509' registered
[    9.223780] Block layer SCSI generic (bsg) driver version 0.4 loaded (major 249)
[    9.241796] io scheduler noop registered
[    9.258995] io scheduler deadline registered (default)
[    9.272147] io scheduler cfq registered
[    9.286005] pci_hotplug: PCI Hot Plug PCI Core version: 0.5
[    9.315327] pciehp: PCI Express Hot Plug Controller Driver version: 0.4
[    9.330058] ACPI: AC Adapter [AC] (off-line)
[    9.399691] input: Power Button as /devices/LNXSYSTM:00/LNXPWRBN:00/input/input0
[    9.418664] ACPI: Power Button [PWRF]
[    9.419866] input: Sleep Button as /devices/LNXSYSTM:00/LNXSLPBN:00/input/input1
[    9.423572] ACPI: Sleep Button [SLPF]
[    9.445160] GHES: HEST is not enabled!
[    9.466434] ACPI: Battery Slot [BAT0] (battery present)
[    9.566399] Serial: 8250/16550 driver, 32 ports, IRQ sharing enabled
[    9.597402] tsc: Refined TSC clocksource calibration: 1600.704 MHz
[    9.704993] clocksource: tsc: mask: 0xffffffffffffffff max_cycles: 0x1712be05ca0, max_idle_ns: 440795225966 ns
[    9.896656] 00:02: ttyS0 at I/O 0x3f8 (irq = 4, base_baud = 115200) is a 16550A
[   10.052145] Linux agpgart interface v0.103
[   10.130166] loop: module loaded
[   10.182986] scsi host0: ata_piix
[   10.233336] scsi host1: ata_piix
[   10.242998] ata1: PATA max UDMA/33 cmd 0x1f0 ctl 0x3f6 bmdma 0xd000 irq 14
[   10.313558] ata2: PATA max UDMA/33 cmd 0x170 ctl 0x376 bmdma 0xd008 irq 15
[   10.315633] libphy: Fixed MDIO Bus: probed
[   10.334102] tun: Universal TUN/TAP device driver, 1.6
[   10.338600] tun: (C) 1999-2004 Max Krasnyansky <maxk@qualcomm.com>
[   10.356579] PPP generic driver version 2.4.2
[   10.365279] ehci_hcd: USB 2.0 'Enhanced' Host Controller (EHCI) Driver
[   10.382192] ehci-pci: EHCI PCI platform driver
[   10.390947] ehci-platform: EHCI generic platform driver
[   10.400952] ohci_hcd: USB 1.1 'Open' Host Controller (OHCI) Driver
[   10.445904] ohci-pci: OHCI PCI platform driver
[   10.485080] ohci-platform: OHCI generic platform driver
[   10.532975] uhci_hcd: USB Universal Host Controller Interface driver
[   10.538299] i8042: PNP: PS/2 Controller [PNP0303:PS2K,PNP0f03:PS2M] at 0x60,0x64 irq 1,12
[   10.542650] serio: i8042 KBD port at 0x60,0x64 irq 1
[   10.584962] serio: i8042 AUX port at 0x60,0x64 irq 12
[   10.610949] mousedev: PS/2 mouse device common for all mice
[   10.665365] rtc_cmos rtc_cmos: rtc core: registered rtc_cmos as rtc0
[   10.769888] rtc_cmos rtc_cmos: alarms up to one day, 114 bytes nvram
[   10.799133] input: AT Translated Set 2 keyboard as /devices/platform/i8042/serio0/input/input2
[   10.937734] i2c /dev entries driver
[   10.971076] device-mapper: uevent: version 1.0.3
[   11.047741] device-mapper: ioctl: 4.34.0-ioctl (2015-10-28) initialised: dm-devel@redhat.com
[   11.116114] ledtrig-cpu: registered to indicate activity on CPUs
[   11.216762] NET: Registered protocol family 10
[   11.250576] NET: Registered protocol family 17
[   11.332446] Key type dns_resolver registered
[   11.376590] microcode: CPU0 sig=0x306d4, pf=0x40, revision=0x0
[   11.386999] microcode: CPU1 sig=0x306d4, pf=0x40, revision=0x0
[   11.427752] microcode: Microcode Update Driver: v2.01 <tigran@aivazian.fsnet.co.uk>, Peter Oruba
[   11.450844] registered taskstats version 1
[   11.454979] Loading compiled-in X.509 certificates
[   11.457122] Loaded X.509 cert 'Build time autogenerated kernel key: d1010f9627fd9242df4b03365d2931dfd1ad3d42'
[   11.494455] zswap: loaded using pool lzo/zbud
[   11.517269] Key type trusted registered
[   11.535569] Key type encrypted registered
[   11.546436] AppArmor: AppArmor sha1 policy hashing enabled
[   11.591883] ima: No TPM chip found, activating TPM-bypass!
[   11.650427] evm: HMAC attrs: 0x1
[   11.678875]   Magic number: 5:586:443
[   11.688221] rtc_cmos rtc_cmos: setting system clock to 2017-10-17 18:24:29 UTC (1508264669)
[   11.721865] BIOS EDD facility v0.16 2004-Jun-25, 0 devices found
[   11.782399] EDD information not available.
[   11.819091] Freeing unused kernel memory: 1492K
[   11.877227] Write protecting the kernel read-only data: 14336k
[   11.925438] Freeing unused kernel memory: 1748K
[   11.966136] Freeing unused kernel memory: 112K
Loading, please wait...
starting version[   12.032260] random: systemd-udevd: uninitialized urandom read (16 bytes read, 5 bits of entropy available)
 229
[   12.032984] random: udevadm: uninitialized urandom read (16 bytes read, 5 bits of entropy available)
[   12.033022] random: udevadm: uninitialized urandom read (16 bytes read, 5 bits of entropy available)
[   12.033139] random: udevadm: uninitialized urandom read (16 bytes read, 5 bits of entropy available)
[   12.033180] random: udevadm: uninitialized urandom read (16 bytes read, 5 bits of entropy available)
[   12.033223] random: udevadm: uninitialized urandom read (16 bytes read, 5 bits of entropy available)
[   12.033265] random: udevadm: uninitialized urandom read (16 bytes read, 5 bits of entropy available)
[   12.033306] random: udevadm: uninitialized urandom read (16 bytes read, 5 bits of entropy available)
[   12.033345] random: udevadm: uninitialized urandom read (16 bytes read, 5 bits of entropy available)
[   12.033383] random: udevadm: uninitialized urandom read (16 bytes read, 5 bits of entropy available)
[   12.731849] e1000: Intel(R) PRO/1000 Network Driver - version 7.3.21-k8-NAPI
[   12.742811] e1000: Copyright (c) 1999-2006 Intel Corporation.
[   12.744586] Fusion MPT base driver 3.04.20
[   12.808092] Copyright (c) 1999-2008 LSI Corporation
[   12.816409] Fusion MPT SPI Host driver 3.04.20
[   12.836697] AVX version of gcm_enc/dec engaged.
[   12.845668] AES CTR mode by8 optimization enabled
[   13.023368] input: ImExPS/2 Generic Explorer Mouse as /devices/platform/i8042/serio1/input/input4
[   13.180240] e1000 0000:00:03.0 eth0: (PCI:33MHz:32-bit) 02:14:68:3e:84:47
[   13.310036] e1000 0000:00:03.0 eth0: Intel(R) PRO/1000 Network Connection
[   13.719638] e1000 0000:00:08.0 eth1: (PCI:33MHz:32-bit) 08:00:27:89:ef:01
[   13.731728] e1000 0000:00:08.0 eth1: Intel(R) PRO/1000 Network Connection
[   13.743661] e1000 0000:00:03.0 enp0s3: renamed from eth0
[   13.793285] mptbase: ioc0: Initiating bringup
[   13.822622] e1000 0000:00:08.0 enp0s8: renamed from eth1
[   13.946092] ioc0: LSI53C1030 A0: Capabilities={Initiator}
[   14.205970] scsi host2: ioc0: LSI53C1030 A0, FwRev=00000000h, Ports=1, MaxQ=256, IRQ=20
[   14.474556] scsi 2:0:0:0: Direct-Access     VBOX     HARDDISK         1.0  PQ: 0 ANSI: 5
[   14.597721] scsi target2:0:0: Beginning Domain Validation
[   14.670546] scsi target2:0:0: Domain Validation skipping write tests
[   14.800069] scsi target2:0:0: Ending Domain Validation
[   14.835992] scsi target2:0:0: asynchronous
[   14.838800] scsi 2:0:1:0: Direct-Access     VBOX     HARDDISK         1.0  PQ: 0 ANSI: 5
[   14.861443] scsi target2:0:1: Beginning Domain Validation
[   14.869250] scsi target2:0:1: Domain Validation skipping write tests
[   14.945693] scsi target2:0:1: Ending Domain Validation
[   14.978329] scsi target2:0:1: asynchronous
[   15.001265] sd 2:0:0:0: Attached scsi generic sg0 type 0
[   15.003819] sd 2:0:1:0: Attached scsi generic sg1 type 0
[   15.003928] sd 2:0:0:0: [sda] 20971520 512-byte logical blocks: (10.7 GB/10.0 GiB)
[   15.072170] sd 2:0:1:0: [sdb] 20480 512-byte logical blocks: (10.5 MB/10.0 MiB)
[   15.175491] sd 2:0:0:0: [sda] Write Protect is off
[   15.203569] sd 2:0:1:0: [sdb] Write Protect is off
[   15.203662] sd 2:0:1:0: [sdb] Incomplete mode parameter data
[   15.203663] sd 2:0:1:0: [sdb] Assuming drive cache: write through
[   15.205406] sd 2:0:1:0: [sdb] Attached SCSI disk
[   15.387914] sd 2:0:0:0: [sda] Incomplete mode parameter data
[   15.448407] sd 2:0:0:0: [sda] Assuming drive cache: write through
[   15.526100]  sda: sda1
[   15.531154] sd 2:0:0:0: [sda] Attached SCSI disk
[   15.840205] floppy0: no floppy controllers found
Begin: Loading e[   17.360382] md: linear personality registered for level -1
ssential drivers ... [   17.401645] md: multipath personality registered for level -4
[   17.482907] md: raid0 personality registered for level 0
[   17.534248] md: raid1 personality registered for level 1
[   17.686173] raid6: sse2x1   gen()  7204 MB/s
[   17.774405] raid6: sse2x1   xor()  5888 MB/s
[   17.874390] raid6: sse2x2   gen()  9043 MB/s
[   17.986010] raid6: sse2x2   xor()  5763 MB/s
[   18.069921] raid6: sse2x4   gen() 10124 MB/s
[   18.194251] raid6: sse2x4   xor()  7716 MB/s
[   18.206254] raid6: using algorithm sse2x4 gen() 10124 MB/s
[   18.216939] raid6: .... xor() 7716 MB/s, rmw enabled
[   18.225036] raid6: using ssse3x2 recovery algorithm
[   18.237169] xor: automatically using best checksumming function:
[   18.289941]    avx       :  9023.000 MB/sec
[   18.306321] async_tx: api initialized (async)
[   18.353469] md: raid6 personality registered for level 6
[   18.378622] md: raid5 personality registered for level 5
[   18.430897] md: raid4 personality registered for level 4
[   18.488486] md: raid10 personality registered for level 10
done.
Begin: Running /scripts/init-premount ... done.
Begin: Mounti[   18.614759] Btrfs loaded
ng root file system ... Begin: Running /scripts/local-top ... done.
Begin: Running /scripts/local-premount ... Scanning for Btrfs filesystems
done.
Warning: fsck not present, so sk[   18.691733] EXT4-fs (sda1): mounted filesystem with ordered data mode. Opts: (null)
ipping root file system
done.
Begin: Running /scripts/local-bottom ... done.
Begin: Running /scripts/init-bottom ... done.
[   18.909080] systemd[1]: systemd 229 running in system mode. (+PAM +AUDIT +SELINUX +IMA +APPARMOR +SMACK +SYSVINIT +UTMP +LIBCRYPTSETUP +GCRYPT +GNUTLS +ACL +XZ -LZ4 +SECCOMP +BLKID +ELFUTILS +KMOD -IDN)
[   19.040906] systemd[1]: Detected virtualization oracle.
[   19.096936] systemd[1]: Detected architecture x86-64.

Welcome to [1mUbuntu 16.04.3 LTS[0m!

[   19.255249] systemd[1]: Set hostname to <ubuntu>.
[   19.335533] systemd[1]: Initializing machine ID from random generator.
[   19.351720] systemd[1]: Installed transient /etc/machine-id file.
[   19.549263] systemd[1]: Created slice User and Session Slice.
[[0;32m  OK  [0m] Created slice User and Session Slice.
[   19.587886] systemd[1]: Listening on Journal Socket (/dev/log).
[[0;32m  OK  [0m] Listening on Journal Socket (/dev/log).
[   19.634556] systemd[1]: Started Trigger resolvconf update for networkd DNS.
[[0;32m  OK  [0m] Started Trigger resolvconf update for networkd DNS.
[   19.698724] systemd[1]: Listening on Syslog Socket.
[[0;32m  OK  [0m] Listening on Syslog Socket.
[   19.805174] systemd[1]: Reached target Swap.
[[0;32m  OK  [0m] Reached target Swap.
[   19.858789] systemd[1]: Set up automount Arbitrary Executable File Formats File System Automount Point.
[[0;32m  OK  [0m] Set up automount Arbitrary Executab...ats File System Automount Point.
[   19.913074] systemd[1]: Listening on LVM2 poll daemon socket.
[[0;32m  OK  [0m] Listening on LVM2 poll daemon socket.
[   19.921316] systemd[1]: Listening on LVM2 metadata daemon socket.
[[0;32m  OK  [0m] Listening on LVM2 metadata daemon socket.
[   19.946361] systemd[1]: Started Forward Password Requests to Wall Directory Watch.
[[0;32m  OK  [0m] Started Forward Password Requests to Wall Directory Watch.
[   20.029476] systemd[1]: Listening on udev Control Socket.
[[0;32m  OK  [0m] Listening on udev Control Socket.
[   20.098578] systemd[1]: Listening on Journal Socket.
[[0;32m  OK  [0m] Listening on Journal Socket.
[   20.178988] systemd[1]: Created slice System Slice.
[[0;32m  OK  [0m] Created slice System Slice.
[   20.244204] systemd[1]: Created slice system-serial\x2dgetty.slice.
[[0;32m  OK  [0m] Created slice system-serial\x2dgetty.slice.
[   20.375308] random: nonblocking pool is initialized
[   20.439171] systemd[1]: Reached target Slices.
[[0;32m  OK  [0m] Reached target Slices.
[   20.510636] systemd[1]: Mounting Huge Pages File System...
         Mounting Huge Pages File System...
[   20.554245] systemd[1]: Starting Set console keymap...
         Starting Set console keymap...
[   20.618786] systemd[1]: Starting Load Kernel Modules...
         Startin[   20.628416] Loading iSCSI transport class v2.0-870.
g Load Kernel Modules...
[   20.664188] iscsi: registered transport (tcp)
[   20.730222] systemd[1]: Starting Create list of required static device nodes for the current kernel...
         Startin[   20.746061] iscsi: registered transport (iser)
g Create list of required st... nodes for the current kernel...
[   20.793809] systemd[1]: Starting Remount Root and Kernel File Systems...
[   20.798136] EXT4-fs (sda1): re-mounted. Opts: (null)
         Starting Remount Root and Kernel File Systems...
[   20.821629] systemd[1]: Mounting Debug File System...
         Mounting Debug File System...
[   20.846502] systemd[1]: Starting Uncomplicated firewall...
         Starting Uncomplicated firewall...
[   20.906274] systemd[1]: Starting Nameserver information manager...
         Starting Nameserver information manager...
[   20.950508] systemd[1]: Listening on udev Kernel Socket.
[[0;32m  OK  [0m] Listening on udev Kernel Socket.
[   21.026241] systemd[1]: Listening on Device-mapper event daemon FIFOs.
[[0;32m  OK  [0m] Listening on Device-mapper event daemon FIFOs.
[   21.078554] systemd[1]: Starting Monitoring of LVM2 mirrors, snapshots etc. using dmeventd or progress polling...
         Starting Monitoring of LVM2 mirrors... dmeventd or progress polling...
[   21.197909] systemd[1]: Reached target User and Group Name Lookups.
[[0;32m  OK  [0m] Reached target User and Group Name Lookups.
[   21.272356] systemd[1]: Reached target Encrypted Volumes.
[[0;32m  OK  [0m] Reached target Encrypted Volumes.
[   21.358908] systemd[1]: Listening on Journal Audit Socket.
[[0;32m  OK  [0m] Listening on Journal Audit Socket.
[   21.446671] systemd[1]: Starting Journal Service...
         Starting Journal Service...
[   21.472946] systemd[1]: Mounting POSIX Message Queue File System...
         Mounting POSIX Message Queue File System...
[   21.550495] systemd[1]: Listening on /dev/initctl Compatibility Named Pipe.
[[0;32m  OK  [0m] Listening on /dev/initctl Compatibility Named Pipe.
[   21.655433] systemd[1]: Mounted Debug File System.
[[0;32m  OK  [0m] Mounted Debug File System.
[   21.706316] systemd[1]: Mounted Huge Pages File System.
[[0;32m  OK  [0m] Mounted Huge Pages File System.
[   21.754204] systemd[1]: Mounted POSIX Message Queue File System.
[[0;32m  OK  [0m] Mounted POSIX Message Queue File System.
[   21.764025] systemd[1]: Started Journal Service.
[[0;32m  OK  [0m] Started Journal Service.
[[0;32m  OK  [0m] Started Set console keymap.
[[0;32m  OK  [0m] Started Load Kernel Modules.
[[0;32m  OK  [0m] Started Create list of required sta...ce nodes for the current kernel.
[[0;32m  OK  [0m] Started Remount Root and Kernel File Systems.
[[0;32m  OK  [0m] Started Uncomplicated firewall.
[[0;32m  OK  [0m] Started Nameserver information manager.
[[0;32m  OK  [0m] Started LVM2 metadata daemon.
         Starting Initial cloud-init job (pre-networking)...
         Starting Load/Save Random Seed...
         Starting udev Coldplug all Devices...
         Starting Create Static Device Nodes in /dev...
         Mounting FUSE Control File System...
         Starting Apply Kernel Variables...
         Starting Flush Journal to Persistent Storage...
[[0;32m  OK  [0m] Mounted FUSE Control File System.
[[0;32m  OK  [0m] Started Load/Save Random Seed.
[[0;32m  OK  [0m] Started Create Static Device Nodes in /dev.
[[0;32m  OK  [0m] Started Apply Kernel Variables.
[[0;32m  OK  [0m] Started udev Coldplug all Devices.
[[0;32m  OK  [0m] Started Flush Journal to Persistent Storage.
         Starting udev Kernel Device Manager...
[[0;32m  OK  [0m] Started Monitoring of LVM2 mirrors,...ng dmeventd or progress polling.
[[0;32m  OK  [0m] Started udev Kernel Device Manager.
[[0;32m  OK  [0m] Started Dispatch Password Requests to Console Directory Watch.
[[0;32m  OK  [0m] Reached target Local File Systems (Pre).
[[0;32m  OK  [0m] Reached target Local File Systems.
         Starting LSB: AppArmor initialization...
         Starting Commit a transient machine-id on disk...
         Starting Create Volatile Files and Directories...
         Starting Set console font and keymap...
         Starting Tell Plymouth To Write Out Runtime Data...
[[0;32m  OK  [0m] Started Commit a transient machine-id on disk.
[[0;32m  OK  [0m] Started Create Volatile Files and Directories.
[[0;32m  OK  [0m] Started Tell Plymouth To Write Out Runtime Data.
[   19.164843] cloud-init[446]: Cloud-init v. 0.7.9 running 'init-local' at Tue, 17 Oct 2017 18:24:41 +0000. Up 18.85 seconds.
[[0;32m  OK  [0m] Started Initial cloud-init job (pre-networking).
[[0;32m  OK  [0m] Found device /dev/ttyS0.
[[0;32m  OK  [0m] Listening on Load/Save RF Kill Switch Status /dev/rfkill Watch.
[[0;32m  OK  [0m] Reached target Network (Pre).
[[0;32m  OK  [0m] Reached target System Time Synchronized.
         Starting Update UTMP about System Boot/Shutdown...
[[0;32m  OK  [0m] Started Set console font and keymap.
[[0;32m  OK  [0m] Created slice system-getty.slice.
[[0;32m  OK  [0m] Started Update UTMP about System Boot/Shutdown.
[[0;32m  OK  [0m] Started LSB: AppArmor initialization.
         Starting Raise network interfaces...
[[0;32m  OK  [0m] Started Raise network interfaces.
[[0;32m  OK  [0m] Reached target Network.
         Starting Initial cloud-init job (metadata service crawler)...
[   23.185793] cloud-init[948]: Cloud-init v. 0.7.9 running 'init' at Tue, 17 Oct 2017 18:24:44 +0000. Up 22.06 seconds.
[   23.233040] cloud-init[948]: ci-info: ++++++++++++++++++++++++++++++++++++++Net device info++++++++++++++++++++++++++++++++++++++
[   23.300663] cloud-init[948]: ci-info: +--------+-------+----------------------------+---------------+-------+-------------------+
[   23.301145] cloud-init[948]: ci-info: | Device |   Up  |          Address           |      Mask     | Scope |     Hw-Address    |
[[0;32m  OK  [0m] Started Initial cloud-init job (metadata service crawler).
[   23.301356] cloud-init[948]: ci-info: +--------+-------+----------------------------+---------------+-------+-------------------+
[   23.462618] cloud-init[948]: ci-info: | enp0s8 | False |             .              |       .       |   .   | 08:00:27:89:ef:01 |
[   23.463059] cloud-init[948]: ci-info: | enp0s3 |  True |         10.0.2.15          | 255.255.255.0 |   .   | 02:14:68:3e:84:47 |
[[0;32m  OK  [0m] Reached target Cloud-config availability.
[[   23.463290] cloud-init[948]: ci-info: | enp0s3 |  True | fe80::14:68ff:fe3e:8447/64 |       .       |  link | 02:14:68:3e:84:47 |
[   23.539706] cloud-init[948]: ci-info: |   lo   |  True |         127.0.0.1          |   255.0.0.0   |   .   |         .         |
[   23.540722] cloud-init[948]: ci-info: |   lo   |  True |          ::1/128           |       .       |  host |         .         |
[   23.541785] cloud-init[948]: ci-info: +--------+-------+----------------------------+---------------+-------+-------------------+
[   23.545435] cloud-init[948]: ci-info: +++++++++++++++++++++++++++Route IPv4 info++++++++++++++++++++++++++++
[   23.545561] cloud-init[948]: ci-info: +-------+-------------+----------+---------------+-----------+-------+
[   23.545638] cloud-init[948]: ci-info: | Route | Destination | Gateway  |    Genmask    | Interface | Flags |
[   23.545727] cloud-init[948]: ci-info: +-------+-------------+----------+---------------+-----------+-------+
[0;32m  OK  [0m] Reached target System Initialization.
[   23.545786] cloud-init[948]: ci-info: |   0   |   0.0.0.0   | 10.0.2.2 |    0.0.0.0    |   enp0s3  |   UG  |
[   23.924734] cloud-init[948]: ci-info: |   1   |   10.0.2.0  | 0.0.0.0  | 255.255.255.0 |   enp0s3  |   U   |
[[0;32m  OK  [0m] Started Daily Cleanup of Temporary Directories.
[[   23.924990] cloud-init[948]: ci-info: +-------+-------------+----------+---------------+-----------+-------+
[   24.022461] cloud-init[948]: Generating public/private rsa key pair.
[0;32m  OK  [0m] Listening on UUID daemon activation socket.
[   24.022594] cloud-init[948]: Your identification has been saved in /etc/ssh/ssh_host_rsa_key.
[   24.240874] cloud-init[948]: Your public key has been saved in /etc/ssh/ssh_host_rsa_key.pub.
[   24.241365] cloud-init[948]: The key fingerprint is:
[[0;32m  OK  [0m] Started ACPI Events Check.
[   24.241635] cloud-init[948]: SHA256:HvnOgQ7YiAkvkP0EQMgDmIUdLWOYPDU3IUyOOZRWxPU root@ubuntu-xenial
[   24.313126] cloud-init[948]: The key's randomart image is:
[[0;32m  OK  [0m] Reached target Paths.
[   24.313389] cloud-init[948]: +---[RSA 2048]----+
[   24.442634] cloud-init[948]: |XX@X.=.          |
         Starting LXD - unix socket.
[[   24.443526] [0;32m  OK  [0mcloud-init] [948]: Listening on D-Bus System Message Bus Socket.|OOOo= o          |

[   24.543608] cloud-init[948]: |.=++   E         |
[   24.625229] cloud-init[948]: | o..     .       |
[[0;32m  OK  [0m] Listening on ACPID Listen Socket.
[[   24.625424] cloud-init[948]: |+ . .   S        |
[   24.771950] cloud-init[948]: |.o = + . +       |
[0;32m  OK  [0m] Started Timer to automatically refresh installed snaps.
[   24.772182] cloud-init[948]: |. + + o o o      |
[   24.868404] cloud-init[948]: | .     o o .     |
[   24.868815] cloud-init[948]: |        . o      |
         Starting Socket activation for snappy daemon.
[   24.869150] cloud-init[948]: +----[SHA256]-----+
[   24.901711] cloud-init[948]: Generating public/private dsa key pair.
[[0;32m  OK  [0m] Started Timer to automatically fetch and run repair assertions.
[[   24.901819] cloud-init[948]: Your identification has been saved in /etc/ssh/ssh_host_dsa_key.
[   24.932381] cloud-init[948]: Your public key has been saved in /etc/ssh/ssh_host_dsa_key.pub.
[   24.932568] cloud-init[948]: The key fingerprint is:
[   24.932800] cloud-init[948]: SHA256:V8zYh6bAjwP/MEvOW/73Qprp1JPEonpj8veMn9PDYHM root@ubuntu-xenial
[   24.933055] cloud-init[948]: The key's randomart image is:
[   24.933277] cloud-init[948]: +---[DSA 1024]----+
[0;32m  OK  [0m] Reached target Network is Online.
[   24.933516] cloud-init[948]: |                 |
[   25.062748] cloud-init[948]: |       .   = .   |
[[0;32m  OK  [0m] Started Daily apt download activities.
[[   25.062970] cloud-init[948]: |      . o . B .  |
[   25.162343] cloud-init[948]: |       o + + o   |
[0;32m  OK  [0m] Started Daily apt upgrade and clean activities.
[   25.162444] cloud-init[948]: |        S + . o  |
[   25.193198] cloud-init[948]: |       + B . B.E |
[[0;32m  OK  [0m] Reached target Timers.
[   25.193355] cloud-init[948]: |        + + o=O. |
[   25.348407] cloud-init[948]: |        .=+.=o+=.|
[   25.348932] cloud-init[948]: |        o=o=++=+o|
         Starting iSCSI initiator daemon (iscsid)...
[   25.349234] cloud-init[948]: +----[SHA256]-----+
[   25.488555] cloud-init[948]: Generating public/private ecdsa key pair.
[   25.489142] cloud-init[948]: Your identification has been saved in /etc/ssh/ssh_host_ecdsa_key.
[[0;32m  OK  [0m] Listening on LXD - unix socket.
[   25.489443] cloud-init[948]: Your public key has been saved in /etc/ssh/ssh_host_ecdsa_key.pub.
[   25.557348] cloud-init[948]: The key fingerprint is:
[[0;32m  OK  [0m] Listening on Socket activation for snappy daemon.
[   25.557555] cloud-init[948]: SHA256:m84xYSXy14FK233qpMyMei3UQ9MJNSe86XhhU522MM4 root@ubuntu-xenial
[   25.637151] cloud-init[948]: The key's randomart image is:
[   25.637585] cloud-init[948]: +---[ECDSA 256]---+
[[0;32m  OK  [0m] Reached target Sockets.
[   25.637810] cloud-init[948]: |           o+ ...|
[   25.693430] cloud-init[948]: |          ...*.o.|
[[0;32m  OK  [0m] Reached target Basic System.
[   25.693722] cloud-init[948]: |      . o oo+=+ .|
[   25.759814] cloud-init[948]: |       + *ooOE . |
[   25.760378] cloud-init[948]: |        Soo=oo.  |
         Starting /etc/rc.local Compatibility...
[   25.760599] cloud-init[948]: |       ..=+ oo   |
[   25.848598] cloud-init[948]: |       .=. oo    |
[   25.849019] cloud-init[948]: |       ooB.+     |
         Starting LSB: MD monitoring daemon...
[   25.849242] cloud-init[948]: |      .o+.= .    |
[   25.945433] cloud-init[948]: +----[SHA256]-----+
[   25.946010] cloud-init[948]: Generating public/private ed25519 key pair.
[[0;32m  OK  [0m] Started D-Bus System Message Bus.
[   25.946553] cloud-init[948]: Your identification has been saved in /etc/ssh/ssh_host_ed25519_key.
[   26.040495] cloud-init[948]: Your public key has been saved in /etc/ssh/ssh_host_ed25519_key.pub.
[   26.041039] cloud-init[948]: The key fingerprint is:
[[0;32m  OK  [0m] Started Deferred execution scheduler.
[   26.041276] cloud-init[948]: SHA256:52UUVfuf5wBUfW8BOLLnLW9CFDZDi8fj/34drrExzA4 root@ubuntu-xenial
         [   26.212501] Starting LXD - container startup/shutdown...cloud-init
[948]: The key's randomart image is:
[   26.272556] cloud-init[948]: +--[ED25519 256]--+
[   26.272994] cloud-init[948]: |          ..oo+o.|
         Starting Apply the settings specified in cloud-config...
[   26.273308] cloud-init[948]: |         .oB.o .+|
[[0;32m  OK  [0m] Started ACPI event daemon.
[   26.385113] cloud-init[948]: |         .+=B  .+|
[[0;32m  OK  [0m] Started FUSE filesystem for LXC.
[   26.436852] cloud-init[948]: |         .o=.   +|
         Starting Accounts Service...
[[0;32m  OK  [0m] Started Unattended Upgrades Shutdown.
[   26.488249] cloud-init[948]: |        S =.=  ..|
[   26.544407] cloud-init[948]: |         o *+o .o|
[   26.544968] cloud-init[948]: |          oEoBo.=|
[   26.545134] cloud-init[948]: |           .oo*++|
[   26.545239] cloud-init[948]: |            o+ooo|
[   26.545401] cloud-init[948]: +----[SHA256]-----+
[[0;32m  OK  [0m] Started Regular background program processing daemon.
         Starting Pollinate to seed the pseudo random number generator...
         Starting Snappy daemon...
         Starting LSB: Record successful boot for GRUB...
         Starting Login Service...
         Starting System Logging Service...
[[0;32m  OK  [0m] Started iSCSI initiator daemon (iscsid).
[[0;32m  OK  [0m] Started /etc/rc.local Compatibility.
[[0;32m  OK  [0m] Started LXD - container startup/shutdown.
[[0;32m  OK  [0m] Started System Logging Service.
[[0;32m  OK  [0m] Started LSB: MD monitoring daemon.
         Starting Authenticate and Authorize Users to Run Privileged Tasks...
         Starting Login to default iSCSI targets...
[[0;32m  OK  [0m] Started LSB: Record successful boot for GRUB.
[[0;32m  OK  [0m] Started Login Service.
[[0;32m  OK  [0m] Started Authenticate and Authorize Users to Run Privileged Tasks.
[[0;32m  OK  [0m] Started Snappy daemon.
[[0;32m  OK  [0m] Started Login to default iSCSI targets.
[[0;32m  OK  [0m] Started Accounts Service.
[[0;32m  OK  [0m] Reached target Remote File Systems (Pre).
[[0;32m  OK  [0m] Reached target Remote File Systems.
         Starting LSB: daemon to balance interrupts for SMP systems...
         Starting LSB: VirtualBox Linux Additions...
         Starting LSB: automatic crash report generation...
         Starting Permit User Sessions...
         Starting LSB: Set the CPU Frequency Scaling governor to "ondemand"...
         Starting Auto import assertions from block devices...
[[0;32m  OK  [0m] Started Permit User Sessions.
[[0;32m  OK  [0m] Started Auto import assertions from block devices.
         Starting Hold until boot process finishes up...
         Starting Terminate Plymouth Boot Screen...
[[0;32m  OK  [0m] Started LSB: daemon to balance interrupts for SMP systems.
[[0;32m  OK  [0m] Started LSB: automatic crash report generation.
[[0;32m  OK  [0m] Started Pollinate to seed the pseudo random number generator.
[[0;32m  OK  [0m] Started LSB: Set the CPU Frequency Scaling governor to "ondemand".
[[0;32m  OK  [0m] Started Hold until boot process finishes up.
[[0;32m  OK  [0m] Started Terminate Plymouth Boot Screen.
[[0;32m  OK  [0m] Started LSB: VirtualBox Linux Additions.
[[0;32m  OK  [0m] Started Getty on tty1.
         Starting Set console scheme...
[[0;32m  OK  [0m] Started Serial Getty on ttyS0.
[[0;32m  OK  [0m] Reached target Login Prompts.
         Starting OpenBSD Secure Shell server...
[[0;32m  OK  [0m] Started Set console scheme.
[[0;32m  OK  [0m] Started OpenBSD Secure Shell server.
[[0;32m  OK  [0m] Reached target Multi-User System.
[[0;32m  OK  [0m] Reached target Graphical Interface.
         Starting Update UTMP about System Runlevel Changes...
[[0;32m  OK  [0m] Started Update UTMP about System Runlevel Changes.
[   27.849860] cloud-init[1059]: Generating locales (this might take a while)...
[   29.330849] cloud-init[1059]:   en_US.UTF-8... done
[   29.364994] cloud-init[1059]: Generation complete.
         Stopping OpenBSD Secure Shell server...
[[0;32m  OK  [0m] Stopped OpenBSD Secure Shell server.
         Starting OpenBSD Secure Shell server...
[[0;32m  OK  [0m] Started OpenBSD Secure Shell server.
[[0;32m  OK  [0m] Created slice User Slice of ubuntu.
         Starting User Manager for UID 1000...
[[0;32m  OK  [0m] Started Session 1 of user ubuntu.
[[0;32m  OK  [0m] Started User Manager for UID 1000.
[   30.188881] cloud-init[1059]: Cloud-init v. 0.7.9 running 'modules:config' at Tue, 17 Oct 2017 18:24:49 +0000. Up 27.35 seconds.
[[0;32m  OK  [0m] Started Apply the settings specified in cloud-config.
         Starting Execute cloud user/final scripts...
ci-info: no authorized ssh keys fingerprints found for user ubuntu.
<14>Oct 17 18:24:53 ec2: 
<14>Oct 17 18:24:53 ec2: #############################################################
<14>Oct 17 18:24:53 ec2: -----BEGIN SSH HOST KEY FINGERPRINTS-----
<14>Oct 17 18:24:53 ec2: 1024 SHA256:V8zYh6bAjwP/MEvOW/73Qprp1JPEonpj8veMn9PDYHM root@ubuntu-xenial (DSA)
<14>Oct 17 18:24:53 ec2: 256 SHA256:m84xYSXy14FK233qpMyMei3UQ9MJNSe86XhhU522MM4 root@ubuntu-xenial (ECDSA)
<14>Oct 17 18:24:53 ec2: 256 SHA256:52UUVfuf5wBUfW8BOLLnLW9CFDZDi8fj/34drrExzA4 root@ubuntu-xenial (ED25519)
<14>Oct 17 18:24:53 ec2: 2048 SHA256:HvnOgQ7YiAkvkP0EQMgDmIUdLWOYPDU3IUyOOZRWxPU root@ubuntu-xenial (RSA)
<14>Oct 17 18:24:53 ec2: -----END SSH HOST KEY FINGERPRINTS-----
<14>Oct 17 18:24:53 ec2: #############################################################
-----BEGIN SSH HOST KEY KEYS-----
ecdsa-sha2-nistp256 AAAAE2VjZHNhLXNoYTItbmlzdHAyNTYAAAAIbmlzdHAyNTYAAABBBM47VrZF0fLwii1s1RU4nlLFbIU4DnJf2+Nh+0Kyhyrceypy5LAKSiiD5dM+W9TnXRnsQOSMuSJoZpHcOOewxzI= root@ubuntu-xenial
ssh-ed25519 AAAAC3NzaC1lZDI1NTE5AAAAIJcXXR3fiXl0gmeUTQGeejxKUDtaItBAnC7StAc0+0Fs root@ubuntu-xenial
ssh-rsa AAAAB3NzaC1yc2EAAAADAQABAAABAQC/s4cqrnVzv85XWB4VqCuHXc+SIFuKIz4ZzalFY4jfypUKQLZOC+uxK2BhYz7HFFO0PdfTLjV4nswKeC0AOmBbVpTf+KAo4MxQI+7PhFtaoVRbBqIdVbPAR4u408E+67vjDWYlqZs8VAejbQ1OvaWRWBbNz3PMSsM/4VUrcl1E6Yf+MLvkgIcT9EgpalVkfOx1NhoIQ/pxGHg4RUOx0BvFyxeQAXtlmjAHsi1gjLG8ZtAAOpe0warYxvJWBkkEx2fs2QSG7JIbzx/Oy7y1P0+gJdMEL/mg7hwb3Yx+zRItpG4WcPdSCc35yqcIKmERkN+5EVtAqWVhMdjaJddGfhZt root@ubuntu-xenial
-----END SSH HOST KEY KEYS-----
[   31.473047] cloud-init[1396]: Cloud-init v. 0.7.9 running 'modules:final' at Tue, 17 Oct 2017 18:24:53 +0000. Up 30.80 seconds.
[   31.522153] cloud-init[1396]: ci-info: no authorized ssh keys fingerprints found for user ubuntu.
[   31.543913] cloud-init[1396]: Cloud-init v. 0.7.9 finished at Tue, 17 Oct 2017 18:24:53 +0000. Datasource DataSourceNoCloud [seed=/dev/sdb][dsmode=net].  Up 31.45 seconds
[[0;32m  OK  [0m] Started Execute cloud user/final scripts.
[[0;32m  OK  [0m] Reached target Cloud-init target.

Ubuntu 16.04.3 LTS ubuntu-xenial ttyS0

ubuntu-xenial login: 