[    0.000000] Initializing cgroup subsys cpuset
[    0.000000] Initializing cgroup subsys cpu
[    0.000000] Initializing cgroup subsys cpuacct
[    0.000000] Linux version 4.4.0-97-generic (buildd@lcy01-33) (gcc version 5.4.0 20160609 (Ubuntu 5.4.0-6ubuntu1~16.04.4) ) #120-Ubuntu SMP Tue Sep 19 17:28:18 UTC 2017 (Ubuntu 4.4.0-97.120-generic 4.4.87)
[    0.000000] Command line: BOOT_IMAGE=/boot/vmlinuz-4.4.0-97-generic root=LABEL=cloudimg-rootfs ro console=tty1 console=ttyS0
[    0.000000] KERNEL supported cpus:
[    0.000000]   Intel GenuineIntel
[    0.000000]   AMD AuthenticAMD
[    0.000000]   Centaur CentaurHauls
[    0.000000] x86/fpu: xstate_offset[2]:  576, xstate_sizes[2]:  256
[    0.000000] x86/fpu: Supporting XSAVE feature 0x01: 'x87 floating point registers'
[    0.000000] x86/fpu: Supporting XSAVE feature 0x02: 'SSE registers'
[    0.000000] x86/fpu: Supporting XSAVE feature 0x04: 'AVX registers'
[    0.000000] x86/fpu: Enabled xstate features 0x7, context size is 832 bytes, using 'standard' format.
[    0.000000] x86/fpu: Using 'lazy' FPU context switches.
[    0.000000] e820: BIOS-provided physical RAM map:
[    0.000000] BIOS-e820: [mem 0x0000000000000000-0x000000000009fbff] usable
[    0.000000] BIOS-e820: [mem 0x000000000009fc00-0x000000000009ffff] reserved
[    0.000000] BIOS-e820: [mem 0x00000000000f0000-0x00000000000fffff] reserved
[    0.000000] BIOS-e820: [mem 0x0000000000100000-0x000000003ffeffff] usable
[    0.000000] BIOS-e820: [mem 0x000000003fff0000-0x000000003fffffff] ACPI data
[    0.000000] BIOS-e820: [mem 0x00000000fec00000-0x00000000fec00fff] reserved
[    0.000000] BIOS-e820: [mem 0x00000000fee00000-0x00000000fee00fff] reserved
[    0.000000] BIOS-e820: [mem 0x00000000fffc0000-0x00000000ffffffff] reserved
[    0.000000] NX (Execute Disable) protection: active
[    0.000000] SMBIOS 2.5 present.
[    0.000000] Hypervisor detected: KVM
[    0.000000] e820: last_pfn = 0x3fff0 max_arch_pfn = 0x400000000
[    0.000000] MTRR: Disabled
[    0.000000] x86/PAT: MTRRs disabled, skipping PAT initialization too.
[    0.000000] CPU MTRRs all blank - virtualized system.
[    0.000000] x86/PAT: Configuration [0-7]: WB  WT  UC- UC  WB  WT  UC- UC  
[    0.000000] found SMP MP-table at [mem 0x0009fff0-0x0009ffff] mapped at [ffff88000009fff0]
[    0.000000] Scanning 1 areas for low memory corruption
[    0.000000] RAMDISK: [mem 0x36adc000-0x37565fff]
[    0.000000] ACPI: Early table checksum verification disabled
[    0.000000] ACPI: RSDP 0x00000000000E0000 000024 (v02 VBOX  )
[    0.000000] ACPI: XSDT 0x000000003FFF0030 00003C (v01 VBOX   VBOXXSDT 00000001 ASL  00000061)
[    0.000000] ACPI: FACP 0x000000003FFF00F0 0000F4 (v04 VBOX   VBOXFACP 00000001 ASL  00000061)
[    0.000000] ACPI: DSDT 0x000000003FFF0470 0021FF (v02 VBOX   VBOXBIOS 00000002 INTL 20100528)
[    0.000000] ACPI: FACS 0x000000003FFF0200 000040
[    0.000000] ACPI: FACS 0x000000003FFF0200 000040
[    0.000000] ACPI: APIC 0x000000003FFF0240 00005C (v02 VBOX   VBOXAPIC 00000001 ASL  00000061)
[    0.000000] ACPI: SSDT 0x000000003FFF02A0 0001CC (v01 VBOX   VBOXCPUT 00000002 INTL 20100528)
[    0.000000] No NUMA configuration found
[    0.000000] Faking a node at [mem 0x0000000000000000-0x000000003ffeffff]
[    0.000000] NODE_DATA(0) allocated [mem 0x3ffeb000-0x3ffeffff]
[    0.000000] kvm-clock: Using msrs 4b564d01 and 4b564d00
[    0.000000] kvm-clock: cpu 0, msr 0:3ffe3001, primary cpu clock
[    0.000000] kvm-clock: using sched offset of 3130318979 cycles
[    0.000000] clocksource: kvm-clock: mask: 0xffffffffffffffff max_cycles: 0x1cd42e4dffb, max_idle_ns: 881590591483 ns
[    0.000000] Zone ranges:
[    0.000000]   DMA      [mem 0x0000000000001000-0x0000000000ffffff]
[    0.000000]   DMA32    [mem 0x0000000001000000-0x000000003ffeffff]
[    0.000000]   Normal   empty
[    0.000000]   Device   empty
[    0.000000] Movable zone start for each node
[    0.000000] Early memory node ranges
[    0.000000]   node   0: [mem 0x0000000000001000-0x000000000009efff]
[    0.000000]   node   0: [mem 0x0000000000100000-0x000000003ffeffff]
[    0.000000] Initmem setup node 0 [mem 0x0000000000001000-0x000000003ffeffff]
[    0.000000] ACPI: PM-Timer IO Port: 0x4008
[    0.000000] IOAPIC[0]: apic_id 2, version 32, address 0xfec00000, GSI 0-23
[    0.000000] ACPI: INT_SRC_OVR (bus 0 bus_irq 0 global_irq 2 dfl dfl)
[    0.000000] ACPI: INT_SRC_OVR (bus 0 bus_irq 9 global_irq 9 high level)
[    0.000000] Using ACPI (MADT) for SMP configuration information
[    0.000000] smpboot: Allowing 2 CPUs, 0 hotplug CPUs
[    0.000000] PM: Registered nosave memory: [mem 0x00000000-0x00000fff]
[    0.000000] PM: Registered nosave memory: [mem 0x0009f000-0x0009ffff]
[    0.000000] PM: Registered nosave memory: [mem 0x000a0000-0x000effff]
[    0.000000] PM: Registered nosave memory: [mem 0x000f0000-0x000fffff]
[    0.000000] e820: [mem 0x40000000-0xfebfffff] available for PCI devices
[    0.000000] Booting paravirtualized kernel on KVM
[    0.000000] clocksource: refined-jiffies: mask: 0xffffffff max_cycles: 0xffffffff, max_idle_ns: 7645519600211568 ns
[    0.000000] setup_percpu: NR_CPUS:512 nr_cpumask_bits:512 nr_cpu_ids:2 nr_node_ids:1
[    0.000000] PERCPU: Embedded 34 pages/cpu @ffff88003fc00000 s98328 r8192 d32744 u1048576
[    0.000000] PV qspinlock hash table entries: 256 (order: 0, 4096 bytes)
[    0.000000] Built 1 zonelists in Node order, mobility grouping on.  Total pages: 257913
[    0.000000] Policy zone: DMA32
[    0.000000] Kernel command line: BOOT_IMAGE=/boot/vmlinuz-4.4.0-97-generic root=LABEL=cloudimg-rootfs ro console=tty1 console=ttyS0
[    0.000000] PID hash table entries: 4096 (order: 3, 32768 bytes)
[    0.000000] Memory: 1001772K/1048120K available (8480K kernel code, 1294K rwdata, 3984K rodata, 1492K init, 1316K bss, 46348K reserved, 0K cma-reserved)
[    0.000000] SLUB: HWalign=64, Order=0-3, MinObjects=0, CPUs=2, Nodes=1
[    0.000000] Hierarchical RCU implementation.
[    0.000000] 	Build-time adjustment of leaf fanout to 64.
[    0.000000] 	RCU restricting CPUs from NR_CPUS=512 to nr_cpu_ids=2.
[    0.000000] RCU: Adjusting geometry for rcu_fanout_leaf=64, nr_cpu_ids=2
[    0.000000] NR_IRQS:33024 nr_irqs:440 16
[    0.000000] Console: colour VGA+ 80x25
[    0.000000] console [tty1] enabled
[    0.000000] console [ttyS0] enabled
[    0.000000] tsc: Detected 1599.999 MHz processor
[    5.151064] Calibrating delay loop (skipped) preset value.. 3199.99 BogoMIPS (lpj=6399996)
[    5.243608] pid_max: default: 32768 minimum: 301
[    5.295932] ACPI: Core revision 20150930
[    5.342436] ACPI: 2 ACPI AML tables successfully acquired and loaded
[    5.409783] Security Framework initialized
[    5.455792] Yama: becoming mindful.
[    5.498738] AppArmor: AppArmor initialized
[    5.552590] Dentry cache hash table entries: 131072 (order: 8, 1048576 bytes)
[    5.626437] Inode-cache hash table entries: 65536 (order: 7, 524288 bytes)
[    5.705780] Mount-cache hash table entries: 2048 (order: 2, 16384 bytes)
[    5.792952] Mountpoint-cache hash table entries: 2048 (order: 2, 16384 bytes)
[    5.843983] Initializing cgroup subsys io
[    5.860511] Initializing cgroup subsys memory
[    5.891589] Initializing cgroup subsys devices
[    5.895203] Initializing cgroup subsys freezer
[    5.896481] Initializing cgroup subsys net_cls
[    5.915007] Initializing cgroup subsys perf_event
[    5.950785] Initializing cgroup subsys net_prio
[    5.981528] Initializing cgroup subsys hugetlb
[    5.985083] Initializing cgroup subsys pids
[    5.987587] CPU: Physical Processor ID: 0
[    5.992413] CPU: Processor Core ID: 0
[    6.000054] mce: CPU supports 0 MCE banks
[    6.017634] Last level iTLB entries: 4KB 64, 2MB 8, 4MB 8
[    6.024852] Last level dTLB entries: 4KB 64, 2MB 0, 4MB 0, 1GB 4
[    6.040936] Freeing SMP alternatives memory: 32K
[    6.080938] ftrace: allocating 32148 entries in 126 pages
[    6.154487] smpboot: APIC(0) Converting physical 0 to logical package 0
[    6.167440] smpboot: Max logical packages: 1
[    6.168895] x2apic enabled
[    6.177129] Switched APIC routing to physical x2apic.
[    6.212807] ..TIMER: vector=0x30 apic1=0 pin1=2 apic2=-1 pin2=-1
[    6.354907] smpboot: CPU0: Intel(R) Core(TM) i5-5250U CPU @ 1.60GHz (family: 0x6, model: 0x3d, stepping: 0x4)
[    6.395080] Performance Events: unsupported p6 CPU model 61 no PMU driver, software events only.
[    6.469490] KVM setup paravirtual spinlock
[    6.483821] x86: Booting SMP configuration:
[    6.490865] .... node  #0, CPUs:      #1
[    6.504834] kvm-clock: cpu 1, msr 0:3ffe3041, secondary cpu clock
[    6.520067] mce: CPU supports 0 MCE banks
[    6.527303] x86: Booted up 1 node, 2 CPUs
[    6.578607] smpboot: Total of 2 processors activated (6399.99 BogoMIPS)
[    6.595339] devtmpfs: initialized
[    6.638364] evm: security.selinux
[    6.660409] evm: security.SMACK64
[    6.691827] evm: security.SMACK64EXEC
[    6.732176] evm: security.SMACK64TRANSMUTE
[    6.787888] evm: security.SMACK64MMAP
[    6.818516] evm: security.ima
[    6.832508] evm: security.capability
[    6.868029] clocksource: jiffies: mask: 0xffffffff max_cycles: 0xffffffff, max_idle_ns: 7645041785100000 ns
[    6.898487] futex hash table entries: 512 (order: 3, 32768 bytes)
[    6.946716] pinctrl core: initialized pinctrl subsystem
[    6.984529] RTC time: 14:25:28, date: 10/17/17
[    7.010518] NET: Registered protocol family 16
[    7.027206] cpuidle: using governor ladder
[    7.070995] cpuidle: using governor menu
[    7.102172] PCCT header not found.
[    7.114128] ACPI: bus type PCI registered
[    7.151905] acpiphp: ACPI Hot Plug PCI Controller Driver version: 0.5
[    7.193164] PCI: Using configuration type 1 for base access
[    7.209171] ACPI: Added _OSI(Module Device)
[    7.230388] ACPI: Added _OSI(Processor Device)
[    7.265355] ACPI: Added _OSI(3.0 _SCP Extensions)
[    7.309197] ACPI: Added _OSI(Processor Aggregator Device)
[    7.341621] ACPI: Executed 1 blocks of module-level executable AML code
[    7.415070] ACPI: Interpreter enabled
[    7.440946] ACPI: (supports S0 S5)
[    7.453026] ACPI: Using IOAPIC for interrupt routing
[    7.476186] PCI: Using host bridge windows from ACPI; if necessary, use "pci=nocrs" and report a bug
[    7.495630] ACPI: PCI Root Bridge [PCI0] (domain 0000 [bus 00-ff])
[    7.544803] acpi PNP0A03:00: _OSC: OS supports [ASPM ClockPM Segments MSI]
[    7.561239] acpi PNP0A03:00: _OSC: not requesting OS control; OS requires [ExtendedConfig ASPM ClockPM MSI]
[    7.630796] acpi PNP0A03:00: fail to add MMCONFIG information, can't access extended PCI configuration space under this bridge.
[    7.686136] PCI host bridge to bus 0000:00
[    7.688851] pci_bus 0000:00: root bus resource [io  0x0000-0x0cf7 window]
[    7.732900] pci_bus 0000:00: root bus resource [io  0x0d00-0xffff window]
[    7.805029] pci_bus 0000:00: root bus resource [mem 0x000a0000-0x000bffff window]
[    7.876073] pci_bus 0000:00: root bus resource [mem 0x40000000-0xffdfffff window]
[    7.948357] pci_bus 0000:00: root bus resource [bus 00-ff]
[    7.994059] pci 0000:00:01.1: legacy IDE quirk: reg 0x10: [io  0x01f0-0x01f7]
[    8.077770] pci 0000:00:01.1: legacy IDE quirk: reg 0x14: [io  0x03f6]
[    8.115730] pci 0000:00:01.1: legacy IDE quirk: reg 0x18: [io  0x0170-0x0177]
[    8.117559] pci 0000:00:01.1: legacy IDE quirk: reg 0x1c: [io  0x0376]
[    8.148558] pci 0000:00:07.0: quirk: [io  0x4000-0x403f] claimed by PIIX4 ACPI
[    8.200918] pci 0000:00:07.0: quirk: [io  0x4100-0x410f] claimed by PIIX4 SMB
[    8.269220] ACPI: PCI Interrupt Link [LNKA] (IRQs 5 9 10 *11)
[    8.322952] ACPI: PCI Interrupt Link [LNKB] (IRQs 5 9 10 *11)
[    8.350615] ACPI: PCI Interrupt Link [LNKC] (IRQs 5 9 *10 11)
[    8.400155] ACPI: PCI Interrupt Link [LNKD] (IRQs 5 *9 10 11)
[    8.449037] ACPI: Enabled 2 GPEs in block 00 to 07
[    8.508334] vgaarb: setting as boot device: PCI:0000:00:02.0
[    8.571026] vgaarb: device added: PCI:0000:00:02.0,decodes=io+mem,owns=io+mem,locks=none
[    8.657728] vgaarb: loaded
[    8.686757] vgaarb: bridge control possible 0000:00:02.0
[    8.735735] SCSI subsystem initialized
[    8.783860] ACPI: bus type USB registered
[    8.809945] usbcore: registered new interface driver usbfs
[    8.849495] usbcore: registered new interface driver hub
[    8.877506] usbcore: registered new device driver usb
[    8.911844] PCI: Using ACPI for IRQ routing
[    8.949149] NetLabel: Initializing
[    8.976099] NetLabel:  domain hash size = 128
[    9.014449] NetLabel:  protocols = UNLABELED CIPSOv4
[    9.064698] NetLabel:  unlabeled traffic allowed by default
[    9.129008] amd_nb: Cannot enumerate AMD northbridges
[    9.140963] clocksource: Switched to clocksource kvm-clock
[    9.219753] AppArmor: AppArmor Filesystem Enabled
[    9.247213] pnp: PnP ACPI init
[    9.249261] pnp: PnP ACPI: found 3 devices
[    9.265414] clocksource: acpi_pm: mask: 0xffffff max_cycles: 0xffffff, max_idle_ns: 2085701024 ns
[    9.351000] NET: Registered protocol family 2
[    9.361647] TCP established hash table entries: 8192 (order: 4, 65536 bytes)
[    9.409378] TCP bind hash table entries: 8192 (order: 5, 131072 bytes)
[    9.460217] TCP: Hash tables configured (established 8192 bind 8192)
[    9.573716] UDP hash table entries: 512 (order: 2, 16384 bytes)
[    9.704682] UDP-Lite hash table entries: 512 (order: 2, 16384 bytes)
[    9.765875] NET: Registered protocol family 1
[    9.860640] pci 0000:00:00.0: Limiting direct PCI/PCI transfers
[    9.972354] pci 0000:00:01.0: Activating ISA DMA hang workarounds
[   10.104152] Unpacking initramfs...
[   12.166075] Freeing initrd memory: 10792K
[   12.218409] RAPL PMU detected, API unit is 2^-32 Joules, 4 fixed counters 10737418240 ms ovfl timer
[   12.278338] hw unit of domain pp0-core 2^-0 Joules
[   12.371821] hw unit of domain package 2^-0 Joules
[   12.386354] hw unit of domain dram 2^-0 Joules
[   12.387600] hw unit of domain pp1-gpu 2^-0 Joules
[   12.389045] platform rtc_cmos: registered platform RTC device (no PNP device found)
[   12.489538] Scanning for low memory corruption every 60 seconds
[   12.571370] audit: initializing netlink subsys (disabled)
[   12.577619] audit: type=2000 audit(1508250329.856:1): initialized
[   12.591304] Initialise system trusted keyring
[   12.649767] HugeTLB registered 2 MB page size, pre-allocated 0 pages
[   12.737830] zbud: loaded
[   12.747334] VFS: Disk quotas dquot_6.6.0
[   12.754566] VFS: Dquot-cache hash table entries: 512 (order 0, 4096 bytes)
[   12.770732] squashfs: version 4.0 (2009/01/31) Phillip Lougher
[   12.788759] fuse init (API version 7.23)
[   12.806645] Key type big_key registered
[   12.899511] Allocating IMA MOK and blacklist keyrings.
[   12.937712] Key type asymmetric registered
[   12.973677] Asymmetric key parser 'x509' registered
[   13.068144] Block layer SCSI generic (bsg) driver version 0.4 loaded (major 249)
[   13.153080] io scheduler noop registered
[   13.228433] io scheduler deadline registered (default)
[   13.232923] io scheduler cfq registered
[   13.234190] pci_hotplug: PCI Hot Plug PCI Core version: 0.5
[   13.235709] pciehp: PCI Express Hot Plug Controller Driver version: 0.4
[   13.237773] ACPI: AC Adapter [AC] (on-line)
[   13.239047] input: Power Button as /devices/LNXSYSTM:00/LNXPWRBN:00/input/input0
[   13.292967] ACPI: Power Button [PWRF]
[   13.386034] tsc: Refined TSC clocksource calibration: 1599.979 MHz
[   13.386036] clocksource: tsc: mask: 0xffffffffffffffff max_cycles: 0x1710111c4d9, max_idle_ns: 440795268507 ns
[   13.604280] input: Sleep Button as /devices/LNXSYSTM:00/LNXSLPBN:00/input/input1
[   13.700899] ACPI: Sleep Button [SLPF]
[   13.753949] ACPI: Battery Slot [BAT0] (battery present)
[   13.763139] GHES: HEST is not enabled!
[   13.764402] Serial: 8250/16550 driver, 32 ports, IRQ sharing enabled
 ÿ[   13.792645] 00:02: ttyS0 at I/O 0x3f8 (irq = 4, base_baud = 115200) is a 16550A
[   13.817336] Linux agpgart interface v0.103
[   13.842953] loop: module loaded
[   13.847968] scsi host0: ata_piix
[   13.849494] scsi host1: ata_piix
[   13.852685] ata1: PATA max UDMA/33 cmd 0x1f0 ctl 0x3f6 bmdma 0xd000 irq 14
[   13.872539] ata2: PATA max UDMA/33 cmd 0x170 ctl 0x376 bmdma 0xd008 irq 15
[   13.874959] libphy: Fixed MDIO Bus: probed
[   13.948421] tun: Universal TUN/TAP device driver, 1.6
[   13.975484] tun: (C) 1999-2004 Max Krasnyansky <maxk@qualcomm.com>
[   13.979332] PPP generic driver version 2.4.2
[   14.050181] ehci_hcd: USB 2.0 'Enhanced' Host Controller (EHCI) Driver
[   14.144497] ehci-pci: EHCI PCI platform driver
[   14.303994] ehci-platform: EHCI generic platform driver
[   14.380319] ohci_hcd: USB 1.1 'Open' Host Controller (OHCI) Driver
[   14.497346] ohci-pci: OHCI PCI platform driver
[   14.610556] ohci-platform: OHCI generic platform driver
[   14.651784] uhci_hcd: USB Universal Host Controller Interface driver
[   14.769818] i8042: PNP: PS/2 Controller [PNP0303:PS2K,PNP0f03:PS2M] at 0x60,0x64 irq 1,12
[   14.871766] serio: i8042 KBD port at 0x60,0x64 irq 1
[   14.901764] serio: i8042 AUX port at 0x60,0x64 irq 12
[   14.913259] mousedev: PS/2 mouse device common for all mice
[   14.929848] input: AT Translated Set 2 keyboard as /devices/platform/i8042/serio0/input/input2
[   14.948141] rtc_cmos rtc_cmos: rtc core: registered rtc_cmos as rtc0
[   14.981590] rtc_cmos rtc_cmos: alarms up to one day, 114 bytes nvram
[   15.049370] i2c /dev entries driver
[   15.085641] device-mapper: uevent: version 1.0.3
[   15.088340] device-mapper: ioctl: 4.34.0-ioctl (2015-10-28) initialised: dm-devel@redhat.com
[   15.093241] ledtrig-cpu: registered to indicate activity on CPUs
[   15.182625] NET: Registered protocol family 10
[   15.261048] NET: Registered protocol family 17
[   15.310610] Key type dns_resolver registered
[   15.401344] microcode: CPU0 sig=0x306d4, pf=0x40, revision=0x0
[   15.448103] microcode: CPU1 sig=0x306d4, pf=0x40, revision=0x0
[   15.577869] microcode: Microcode Update Driver: v2.01 <tigran@aivazian.fsnet.co.uk>, Peter Oruba
[   15.693544] registered taskstats version 1
[   15.739877] Loading compiled-in X.509 certificates
[   15.803229] Loaded X.509 cert 'Build time autogenerated kernel key: d1010f9627fd9242df4b03365d2931dfd1ad3d42'
[   15.879822] zswap: loaded using pool lzo/zbud
[   15.904960] Key type trusted registered
[   15.925828] Key type encrypted registered
[   15.959748] AppArmor: AppArmor sha1 policy hashing enabled
[   15.984706] ima: No TPM chip found, activating TPM-bypass!
[   16.019310] evm: HMAC attrs: 0x1
[   16.027303]   Magic number: 5:162:435
[   16.032683] rtc_cmos rtc_cmos: setting system clock to 2017-10-17 14:25:37 UTC (1508250337)
[   16.053228] BIOS EDD facility v0.16 2004-Jun-25, 0 devices found
[   16.073569] EDD information not available.
[   16.095647] Freeing unused kernel memory: 1492K
[   16.128359] Write protecting the kernel read-only data: 14336k
[   16.206605] Freeing unused kernel memory: 1748K
[   16.219147] Freeing unused kernel memory: 112K
Loading, please wait...
starting version[   16.315557] random: systemd-udevd: uninitialized urandom read (16 bytes read, 7 bits of entropy available)
 229
[   16.316229] random: udevadm: uninitialized urandom read (16 bytes read, 7 bits of entropy available)
[   16.316269] random: udevadm: uninitialized urandom read (16 bytes read, 7 bits of entropy available)
[   16.316399] random: udevadm: uninitialized urandom read (16 bytes read, 7 bits of entropy available)
[   16.316445] random: udevadm: uninitialized urandom read (16 bytes read, 7 bits of entropy available)
[   16.316486] random: udevadm: uninitialized urandom read (16 bytes read, 7 bits of entropy available)
[   16.316527] random: udevadm: uninitialized urandom read (16 bytes read, 7 bits of entropy available)
[   16.316568] random: udevadm: uninitialized urandom read (16 bytes read, 7 bits of entropy available)
[   16.316611] random: udevadm: uninitialized urandom read (16 bytes read, 7 bits of entropy available)
[   16.316651] random: udevadm: uninitialized urandom read (16 bytes read, 7 bits of entropy available)
[   17.210272] Fusion MPT base driver 3.04.20
[   17.237655] Copyright (c) 1999-2008 LSI Corporation
[   17.244271] Fusion MPT SPI Host driver 3.04.20
[   17.251702] e1000: Intel(R) PRO/1000 Network Driver - version 7.3.21-k8-NAPI
[   17.254846] e1000: Copyright (c) 1999-2006 Intel Corporation.
[   17.257049] mptbase: ioc0: Initiating bringup
[   17.279108] AVX version of gcm_enc/dec engaged.
[   17.284709] AES CTR mode by8 optimization enabled
[   17.349084] ioc0: LSI53C1030 A0: Capabilities={Initiator}
[   17.484564] input: ImExPS/2 Generic Explorer Mouse as /devices/platform/i8042/serio1/input/input4
[   17.641491] scsi host2: ioc0: LSI53C1030 A0, FwRev=00000000h, Ports=1, MaxQ=256, IRQ=20
[   17.907078] scsi 2:0:0:0: Direct-Access     VBOX     HARDDISK         1.0  PQ: 0 ANSI: 5
[   17.980272] scsi target2:0:0: Beginning Domain Validation
[   18.013227] scsi target2:0:0: Domain Validation skipping write tests
[   18.039561] scsi target2:0:0: Ending Domain Validation
[   18.046645] scsi target2:0:0: asynchronous
[   18.048778] scsi 2:0:1:0: Direct-Access     VBOX     HARDDISK         1.0  PQ: 0 ANSI: 5
[   18.096054] scsi target2:0:1: Beginning Domain Validation
[   18.113107] scsi target2:0:1: Domain Validation skipping write tests
[   18.130851] scsi target2:0:1: Ending Domain Validation
[   18.155471] scsi target2:0:1: asynchronous
[   18.169838] sd 2:0:0:0: Attached scsi generic sg0 type 0
[   18.203427] sd 2:0:0:0: [sda] 20971520 512-byte logical blocks: (10.7 GB/10.0 GiB)
[   18.206096] sd 2:0:0:0: [sda] Write Protect is off
[   18.207710] sd 2:0:0:0: [sda] Incomplete mode parameter data
[   18.209339] sd 2:0:0:0: [sda] Assuming drive cache: write through
[   18.212822] sd 2:0:1:0: [sdb] 20480 512-byte logical blocks: (10.5 MB/10.0 MiB)
[   18.216007]  sda: sda1
[   18.216963] sd 2:0:1:0: [sdb] Write Protect is off
[   18.218841] sd 2:0:1:0: [sdb] Incomplete mode parameter data
[   18.220599] sd 2:0:1:0: [sdb] Assuming drive cache: write through
[   18.223732] sd 2:0:0:0: [sda] Attached SCSI disk
[   18.225224] sd 2:0:1:0: Attached scsi generic sg1 type 0
[   18.230316] sd 2:0:1:0: [sdb] Attached SCSI disk
[   18.399108] e1000 0000:00:03.0 eth0: (PCI:33MHz:32-bit) 02:14:68:3e:84:47
[   18.449051] e1000 0000:00:03.0 eth0: Intel(R) PRO/1000 Network Connection
[   18.819899] e1000 0000:00:08.0 eth1: (PCI:33MHz:32-bit) 08:00:27:8e:af:c4
[   18.887424] e1000 0000:00:08.0 eth1: Intel(R) PRO/1000 Network Connection
[   19.016181] e1000 0000:00:08.0 enp0s8: renamed from eth1
[   19.146166] e1000 0000:00:03.0 enp0s3: renamed from eth0
[   20.252170] floppy0: no floppy controllers found
[   20.340333] work still pending
Begin: Loading essential drivers ... [   21.835960] md: linear personality registered for level -1
[   21.840918] md: multipath personality registered for level -4
[   21.847323] md: raid0 personality registered for level 0
[   21.897925] md: raid1 personality registered for level 1
[   22.001221] raid6: sse2x1   gen()  7415 MB/s
[   22.077075] raid6: sse2x1   xor()  5649 MB/s
[   22.165313] raid6: sse2x2   gen()  9317 MB/s
[   22.261038] raid6: sse2x2   xor()  6569 MB/s
[   22.373076] raid6: sse2x4   gen() 11807 MB/s
[   22.485057] raid6: sse2x4   xor()  8205 MB/s
[   22.516283] raid6: using algorithm sse2x4 gen() 11807 MB/s
[   22.565801] raid6: .... xor() 8205 MB/s, rmw enabled
[   22.611971] raid6: using ssse3x2 recovery algorithm
[   22.657980] xor: automatically using best checksumming function:
[   22.733826]    avx       : 24825.000 MB/sec
[   22.747948] async_tx: api initialized (async)
[   22.760173] md: raid6 personality registered for level 6
[   22.763452] md: raid5 personality registered for level 5
[   22.805901] md: raid4 personality registered for level 4
[   22.843921] md: raid10 personality registered for level 10
done.
Begin: Running /scripts/init-premount ... done.
Begin: Mounting root file system ... Begin: Ru[   22.918886] Btrfs loaded
nning /scripts/local-top ... done.
Begin: Running /scripts/local-premount ... Scanning for Btrfs filesystems
done.
Warning: fsck not present, so sk[   22.981949] EXT4-fs (sda1): mounted filesystem with ordered data mode. Opts: (null)
ipping root file system
done.
Begin: Running /scripts/local-bottom ... done.
Begin: Running /scripts/init-bottom ... done.
[   23.144105] systemd[1]: systemd 229 running in system mode. (+PAM +AUDIT +SELINUX +IMA +APPARMOR +SMACK +SYSVINIT +UTMP +LIBCRYPTSETUP +GCRYPT +GNUTLS +ACL +XZ -LZ4 +SECCOMP +BLKID +ELFUTILS +KMOD -IDN)
[   23.293437] systemd[1]: Detected virtualization oracle.
[   23.462123] systemd[1]: Detected architecture x86-64.

Welcome to [1mUbuntu 16.04.3 LTS[0m!

[   23.534067] systemd[1]: Set hostname to <ubuntu>.
[   23.626003] systemd[1]: Initializing machine ID from random generator.
[   23.781240] systemd[1]: Installed transient /etc/machine-id file.
[   24.040263] random: nonblocking pool is initialized
[   24.075084] systemd[1]: Listening on /dev/initctl Compatibility Named Pipe.
[[0;32m  OK  [0m] Listening on /dev/initctl Compatibility Named Pipe.
[   24.129897] systemd[1]: Listening on udev Kernel Socket.
[[0;32m  OK  [0m] Listening on udev Kernel Socket.
[   24.269930] systemd[1]: Listening on LVM2 poll daemon socket.
[[0;32m  OK  [0m] Listening on LVM2 poll daemon socket.
[   24.530101] systemd[1]: Started Forward Password Requests to Wall Directory Watch.
[[0;32m  OK  [0m] Started Forward Password Requests to Wall Directory Watch.
[   24.572101] systemd[1]: Listening on Journal Audit Socket.
[[0;32m  OK  [0m] Listening on Journal Audit Socket.
[   24.753677] systemd[1]: Reached target User and Group Name Lookups.
[[0;32m  OK  [0m] Reached target User and Group Name Lookups.
[   24.940291] systemd[1]: Listening on udev Control Socket.
[[0;32m  OK  [0m] Listening on udev Control Socket.
[   25.025573] systemd[1]: Started Trigger resolvconf update for networkd DNS.
[[0;32m  OK  [0m] Started Trigger resolvconf update for networkd DNS.
[   25.073443] systemd[1]: Listening on Journal Socket.
[[0;32m  OK  [0m] Listening on Journal Socket.
[   25.103389] systemd[1]: Created slice System Slice.
[[0;32m  OK  [0m] Created slice System Slice.
[   25.133694] systemd[1]: Mounting Huge Pages File System...
         Mounting Huge Pages File System...
[   25.163800] systemd[1]: Starting Set console keymap...
         Starting Set console keymap...
[   25.273858] systemd[1]: Starting Nameserver information manager...
         Starting Nameserver information manager...
[   25.457885] systemd[1]: Starting Uncomplicated firewall...
         Starting Uncomplicated firewall...
[   25.582179] systemd[1]: Created slice system-serial\x2dgetty.slice.
[[0;32m  OK  [0m] Created slice system-serial\x2dgetty.slice.
[   25.742013] systemd[1]: Reached target Swap.
[[0;32m  OK  [0m] Reached target Swap.
[   25.909934] systemd[1]: Starting Create list of required static device nodes for the current kernel...
         Starting Create list of required st... nodes for the current kernel...
[   26.089882] systemd[1]: Mounting POSIX Message Queue File System...
         Mounting POSIX Message Queue File System...
[   26.165670] systemd[1]: Listening on LVM2 metadata daemon socket.
[[0;32m  OK  [0m] Listening on LVM2 metadata daemon socket.
[   26.185886] systemd[1]: Created slice User and Session Slice.
[[0;32m  OK  [0m] Created slice User and Session Slice.
[   26.217360] systemd[1]: Reached target Slices.
[[0;32m  OK  [0m] Reached target Slices.
[   26.277960] systemd[1]: Starting Load Kernel Modules...
[   26.291399] Loading iSCSI transport class v2.0-870.
         Startin[   26.363814] iscsi: registered transport (tcp)
g Load Kernel Modules...
[   26.433386] systemd[1]: Listening on Journal Socket (/dev/log).
[[0;32m  OK  [0m] Listening on[   26.629232] iscsi: registered transport (iser)
 Journal Socket (/dev/log).
[   26.702135] systemd[1]: Set up automount Arbitrary Executable File Formats File System Automount Point.
[[0;32m  OK  [0m] Set up automount Arbitrary Executab...ats File System Automount Point.
[   26.837755] systemd[1]: Listening on Device-mapper event daemon FIFOs.
[[0;32m  OK  [0m] Listening on Device-mapper event daemon FIFOs.
[   26.973312] systemd[1]: Starting Monitoring of LVM2 mirrors, snapshots etc. using dmeventd or progress polling...
         Starting Monitoring of LVM2 mirrors... dmeventd or progress polling...
[   27.165840] systemd[1]: Mounting Debug File System...
         Mounting Debug File System...
[   27.257746] systemd[1]: Reached target Encrypted Volumes.
[[0;32m  OK  [0m] Reached target Encrypted Volumes.
[   27.313230] systemd[1]: Starting Remount Root and Kernel File Systems...
[   27.317736] EXT4-fs (sda1): re-mounted. Opts: (null)
         Starting Remount Root and Kernel File Systems...
[   27.369621] systemd[1]: Listening on Syslog Socket.
[[0;32m  OK  [0m] Listening on Syslog Socket.
[   27.410077] systemd[1]: Starting Journal Service...
         Starting Journal Service...
[   27.503593] systemd[1]: Mounted Debug File System.
[[0;32m  OK  [0m] Mounted Debug File System.
[   27.549716] systemd[1]: Mounted Huge Pages File System.
[[0;32m  OK  [0m] Mounted Huge Pages File System.
[   27.609664] systemd[1]: Mounted POSIX Message Queue File System.
[[0;32m  OK  [0m] Mounted POSIX Message Queue File System.
[   27.781887] systemd[1]: Started Journal Service.
[[0;32m  OK  [0m] Started Journal Service.
[[0;32m  OK  [0m] Started Set console keymap.
[[0;32m  OK  [0m] Started Uncomplicated firewall.
[[0;32m  OK  [0m] Started Create list of required sta...ce nodes for the current kernel.
[[0;32m  OK  [0m] Started Load Kernel Modules.
[[0;32m  OK  [0m] Started Remount Root and Kernel File Systems.
[[0;32m  OK  [0m] Started Nameserver information manager.
[[0;32m  OK  [0m] Started LVM2 metadata daemon.
         Starting udev Coldplug all Devices...
         Starting Initial cloud-init job (pre-networking)...
         Starting Load/Save Random Seed...
         Mounting FUSE Control File System...
         Starting Apply Kernel Variables...
         Starting Create Static Device Nodes in /dev...
         Starting Flush Journal to Persistent Storage...
[[0;32m  OK  [0m] Mounted FUSE Control File System.
[[0;32m  OK  [0m] Started Monitoring of LVM2 mirrors,...ng dmeventd or progress polling.
[[0;32m  OK  [0m] Started Load/Save Random Seed.
[[0;32m  OK  [0m] Started Apply Kernel Variables.
[[0;32m  OK  [0m] Started Create Static Device Nodes in /dev.
[[0;32m  OK  [0m] Started udev Coldplug all Devices.
[[0;32m  OK  [0m] Started Flush Journal to Persistent Storage.
         Starting udev Kernel Device Manager...
[[0;32m  OK  [0m] Started udev Kernel Device Manager.
[[0;32m  OK  [0m] Reached target Local File Systems (Pre).
[[0;32m  OK  [0m] Reached target Local File Systems.
         Starting Commit a transient machine-id on disk...
         Starting LSB: AppArmor initialization...
         Starting Set console font and keymap...
         Starting Create Volatile Files and Directories...
         Starting Tell Plymouth To Write Out Runtime Data...
[[0;32m  OK  [0m] Started Dispatch Password Requests to Console Directory Watch.
[[0;32m  OK  [0m] Started Commit a transient machine-id on disk.
[   20.698172] [cloud-init[0;32m  OK  [0m[438]: ] Cloud-init v. 0.7.9 running 'init-local' at Tue, 17 Oct 2017 14:25:50 +0000. Up 20.25 seconds.Started Create Volatile Files and Directories.

[[0;32m  OK  [0m] Started Tell Plymouth To Write Out Runtime Data.
[[0;32m  OK  [0m] Started Set console font and keymap.
[[0;32m  OK  [0m] Started Initial cloud-init job (pre-networking).
[[0;32m  OK  [0m] Found device /dev/ttyS0.
[[0;32m  OK  [0m] Listening on Load/Save RF Kill Switch Status /dev/rfkill Watch.
[[0;32m  OK  [0m] Reached target Network (Pre).
[[0;32m  OK  [0m] Created slice system-getty.slice.
[[0;32m  OK  [0m] Reached target System Time Synchronized.
         Starting Update UTMP about System Boot/Shutdown...
[[0;32m  OK  [0m] Started Update UTMP about System Boot/Shutdown.
[[0;32m  OK  [0m] Started LSB: AppArmor initialization.
         Starting Raise network interfaces...
[[0;32m  OK  [0m] Started Raise network interfaces.
[[0;32m  OK  [0m] Reached target Network.
         Starting Initial cloud-init job (metadata service crawler)...
[   24.987561] cloud-init[926]: Cloud-init v. 0.7.9 running 'init' at Tue, 17 Oct 2017 14:25:54 +0000. Up 24.02 seconds.
[[0;32m  OK  [0m] Started Initial cloud-init job (metadata service crawler).[   25.072303] cloud-init[926]: ci-info: ++++++++++++++++++++++++++++++++++++++Net device info++++++++++++++++++++++++++++++++++++++
[   25.073194] cloud-init[926]: ci-info: +--------+-------+----------------------------+---------------+-------+-------------------+
[   25.073428] cloud-init[926]: ci-info: | Device |   Up  |          Address           |      Mask     | Scope |     Hw-Address    |
[   25.073670] cloud-init[926]: ci-info: +--------+-------+----------------------------+---------------+-------+-------------------+
[   25.073917] cloud-init[926]: ci-info: | enp0s8 | False |             .              |       .       |   .   | 08:00:27:8e:af:c4 |
[   25.074159] 
cloud-init[926]: ci-info: |   lo   |  True |         127.0.0.1          |   255.0.0.0   |   .   |         .         |
[   25.352795] cloud-init[926]: ci-info: |   lo   |  True |          ::1/128           |       .       |  host |         .         |
[   25.353504] cloud-init[926]: ci-info: | enp0s3 |  True |         10.0.2.15          | 255.255.255.0 |   .   | 02:14:68:3e:84:47 |
[[0;32m  OK  [0m] Reached target Cloud-config availability.
[[   25.353791] cloud-init[926]: ci-info: | enp0s3 |  True | fe80::14:68ff:fe3e:8447/64 |       .       |  link | 02:14:68:3e:84:47 |
[   25.382654] cloud-init[926]: ci-info: +--------+-------+----------------------------+---------------+-------+-------------------+
[   25.382853] cloud-init[926]: ci-info: +++++++++++++++++++++++++++Route IPv4 info++++++++++++++++++++++++++++
[0;32m  OK  [0m] Reached target System Initialization.
[[0;32m  OK  [0m[   25.383411] cloud-init[926]: ci-info: +-------+-------------+----------+---------------+-----------+-------+
[   25.611447] cloud-init[926]: ci-info: | Route | Destination | Gateway  |    Genmask    | Interface | Flags |
[   25.611699] cloud-init[926]: ci-info: +-------+-------------+----------+---------------+-----------+-------+
[   25.612116] cloud-init[926]: ci-info: |   0   |   0.0.0.0   | 10.0.2.2 |    0.0.0.0    |   enp0s3  |   UG  |
[   25.612331] cloud-init[926]: ci-info: |   1   |   10.0.2.0  | 0.0.0.0  | 255.255.255.0 |   enp0s3  |   U   |
[   25.612631] cloud-init[926]: ci-info: +-------+-------------+----------+---------------+-----------+-------+
[   25.612935] cloud-init[926]: Generating public/private rsa key pair.
[   25.613237] cloud-init[926]: Your identification has been saved in /etc/ssh/ssh_host_rsa_key.
[   25.613524] cloud-init[926]: Your public key has been saved in /etc/ssh/ssh_host_rsa_key.pub.
[   25.613759] cloud-init[926]: The key fingerprint is:
[   25.614008] cloud-init[926]: SHA256:0t3U6+7mOaHTcYLJRWJ7xzK17rhg6c+cOLHPoNLt0Do root@ubuntu-xenial
[   25.614255] cloud-init[926]: The key's randomart image is:
[   25.614579] cloud-init[926]: +---[RSA 2048]----+
] Listening on D-Bus System Message Bus Socket.
[   25.614742] cloud-init[926]: |                 |
[[0;32m  OK  [0m] Listening on UUID daemon activation socket.
[   25.922726] cloud-init[926]: |            o.. .|
[[   25.923198] cloud-init[926]: |           ..+.o.|
[   25.986065] cloud-init[926]: |       . . o. =oo|
[0;32m  OK  [0m] Listening on ACPID Listen Socket.
[[   25.986220] cloud-init[926]: |      . S ...=o+ |
[   26.061325] cloud-init[926]: |       .  ..=.+..|
[0;32m  OK  [0m] Started Timer to automatically fetch and run repair assertions.
[   26.061536] cloud-init[926]: |        ...*oo+= |
[   26.137022] cloud-init[926]: |       . E*+Xo=o |
[   26.137630] cloud-init[926]: |        .oo++&*. |
[[0;32m  OK  [0m] Started ACPI Events Check.
[[   26.137863] cloud-init[926]: +----[SHA256]-----+
[   26.201398] cloud-init[926]: Generating public/private dsa key pair.
[0;32m  OK  [0m] Reached target Paths.
[   26.201626] cloud-init[926]: Your identification has been saved in /etc/ssh/ssh_host_dsa_key.
         [   26.323948] Starting LXD - unix socket.cloud-init
[926]: Your public key has been saved in /etc/ssh/ssh_host_dsa_key.pub.
[   26.332666] cloud-init[926]: The key fingerprint is:
[   26.332990] cloud-init[926]: SHA256:uJ9xiqZKu/y/TUeJleI1VI5x+y1GFYdhOuivdAPoHFE root@ubuntu-xenial
[[0;32m  OK  [0m] Started Timer to automatically refresh installed snaps.
         Starting Socket activation for snappy daemon.
[   26.333263] cloud-init[926]: The key's randomart image is:
[   26.472861] cloud-init[926]: +---[DSA 1024]----+
[   26.473333] cloud-init[926]: |          E.o o++|
[[0;32m  OK  [0m] Started Daily Cleanup of Temporary Directories.
[[   26.473598] cloud-init[926]: |         o B +...|
[   26.525007] cloud-init[926]: |        o B = .  |
[0;32m  OK  [0m] Reached target Network is Online.
[   26.525153] cloud-init[926]: |       o O o + . |
         Starting iSCSI initiator daemon (iscsid)...
[[0;32m  OK  [0m] Started Daily apt download activities.
[[0;32m  OK  [0m] Started Daily apt upgrade and clean activities.
[   26.600519] [cloud-init[0;32m  OK  [0m[926]: ] |      . S =   + .|Reached target Timers.

[   26.697026] [cloud-init[0;32m  OK  [0m[926]: ] |       + o o . . |Listening on LXD - unix socket.

[[0;32m  OK  [0m] Listening on Socket activation for snappy daemon.
[   26.697885] cloud-init[926]: |  .   . = + +    |
[   26.836987] [cloud-init[0;32m  OK  [0m[926]: ] | o .  .= B o .   |Reached target Sockets.

[   26.837742] [cloud-init[0;32m  OK  [0m[926]: ] |  =+o++.= .      |Reached target Basic System.

[   26.945191]          cloud-initStarting /etc/rc.local Compatibility...[926]: 
+----[SHA256]-----+
[   26.965757] [cloud-init[0;32m  OK  [0m[926]: ] Generating public/private ecdsa key pair.Started Regular background program processing daemon.

[   26.966549] cloud-init[926]: Your identification has been saved in /etc/ssh/ssh_host_ecdsa_key.
[   27.056487] [cloud-init[0;32m  OK  [0m[926]: ] Your public key has been saved in /etc/ssh/ssh_host_ecdsa_key.pub.Started FUSE filesystem for LXC.

[   27.057330] cloud-init[926]: The key fingerprint is:
[   27.190573] cloud-init[926]: SHA256:O/ElwHv5W923hef0I9gwiNxFfyz01ZUyswIteNxiQOo root@ubuntu-xenial
[   27.223136] cloud-init[926]: The key's randomart image is:
[   27.237733] cloud-init[926]: +---[ECDSA 256]---+
[[0;32m  OK  [0m] Started D-Bus System Message Bus.
[   27.255324] cloud-init[926]: |      .o+ o     =|
[   27.300517] cloud-init[926]: |      .o B + = .o|
         Starting Pollinate to seed the pseudo random number generator...
[   27.337012] cloud-init[926]: |     .  = = o B .|
[   27.444314]          cloud-initStarting Apply the settings specified in cloud-config...[926]: 
|    .    o + + + |
[   27.504525] [cloud-init[0;32m  OK  [0m[926]: ] |     E. S * o o  |Started ACPI event daemon.

[   27.505407] cloud-init[926]: |       o B *   o.|
[   27.540009]          Starting LSB: Record successful boot for GRUB...
cloud-init[926]: |        o . * o B|
[   27.575329]          Starting System Logging Service...
cloud-init[926]: |         . . = ==|
[   27.606627]          cloud-initStarting Login Service...[926]: 
|            . ..+|
[   27.607379] cloud-init[926]: +----[SHA256]-----+
[   27.615137]          cloud-initStarting LSB: MD monitoring daemon...[926]: 
Generating public/private ed25519 key pair.
[[0;32m  OK  [0m[   27.640591] cloud-init[926]: Your identification has been saved in /etc/ssh/ssh_host_ed25519_key.
[   27.640680] cloud-init[926]: Your public key has been saved in /etc/ssh/ssh_host_ed25519_key.pub.
[   27.640746] cloud-init[926]: The key fingerprint is:
[   27.640810] cloud-init[926]: SHA256:zSW9u8MxJBm9oEfPMN2FCoPR4KIlAke6pvTgaPcj5is root@ubuntu-xenial
[   27.640871] cloud-init[926]: The key's randomart image is:
[   27.640933] cloud-init[926]: +--[ED25519 256]--+
[   27.640997] cloud-init[926]: |..o     o= o . o.|
[   27.641060] cloud-init[926]: | +     .. X.o o  |
[   27.641122] cloud-init[926]: |. . . o .o.@oo   |
[   27.641197] cloud-init[926]: | . . + ..o+o*.   |
[   27.641258] cloud-init[926]: |.+  .   S.oo.    |
[   27.641317] cloud-init[926]: |* o         o.   |
[   27.641379] cloud-init[926]: |oo o       ..o   |
[   27.641443] cloud-init[926]: |.E.o..      o.   |
[   27.641505] cloud-init[926]: |  +oo..     ..   |
[   27.641564] cloud-init[926]: +----[SHA256]-----+
] Started Unattended Upgrades Shutdown.
         Starting Snappy daemon...
         Starting Accounts Service...
[[0;32m  OK  [0m] Started Deferred execution scheduler.
         Starting LXD - container startup/shutdown...
[[0;32m  OK  [0m] Started System Logging Service.
[[0;32m  OK  [0m] Started iSCSI initiator daemon (iscsid).
[[0;32m  OK  [0m] Started /etc/rc.local Compatibility.
[[0;32m  OK  [0m] Started Pollinate to seed the pseudo random number generator.
[[0;32m  OK  [0m] Started Snappy daemon.
[   28.285728] cloud-init[1074]: Generating locales (this might take a while)...
[[0;32m  OK  [0m] Started LXD - container startup/shutdown.
[[0;32m  OK  [0m] Started LSB: Record successful boot for GRUB.
[[0;32m  OK  [0m] Started LSB: MD monitoring daemon.
[[0;32m  OK  [0m] Started Login Service.
         Starting Authenticate and Authorize Users to Run Privileged Tasks...
         Starting Auto import assertions from block devices...
         Starting OpenBSD Secure Shell server...
         Starting Login to default iSCSI targets...
[[0;32m  OK  [0m] Started OpenBSD Secure Shell server.
[[0;32m  OK  [0m] Started Authenticate and Authorize Users to Run Privileged Tasks.
[[0;32m  OK  [0m] Started Auto import assertions from block devices.
[[0;32m  OK  [0m] Started Accounts Service.
[[0;32m  OK  [0m] Started Login to default iSCSI targets.
[[0;32m  OK  [0m] Reached target Remote File Systems (Pre).
[[0;32m  OK  [0m] Reached target Remote File Systems.
         Starting Permit User Sessions...
         Starting LSB: Set the CPU Frequency Scaling governor to "ondemand"...
         Starting LSB: VirtualBox Linux Additions...
         Starting LSB: automatic crash report generation...
         Starting LSB: daemon to balance interrupts for SMP systems...
[[0;32m  OK  [0m] Started Permit User Sessions.
[[0;32m  OK  [0m] Started LSB: Set the CPU Frequency Scaling governor to "ondemand".
         Starting Terminate Plymouth Boot Screen...
         Starting Hold until boot process finishes up...
[[0;32m  OK  [0m] Started LSB: automatic crash report generation.
[[0;32m  OK  [0m] Started LSB: VirtualBox Linux Additions.
[[0;32m  OK  [0m] Started LSB: daemon to balance interrupts for SMP systems.
[[0;32m  OK  [0m] Started Terminate Plymouth Boot Screen.
[[0;32m  OK  [0m] Started Hold until boot process finishes up.
[[0;32m  OK  [0m] Started Serial Getty on ttyS0.
         Starting Set console scheme...
[[0;32m  OK  [0m] Started Getty on tty1.
[[0;32m  OK  [0m] Reached target Login Prompts.
[[0;32m  OK  [0m] Reached target Multi-User System.
[[0;32m  OK  [0m] Reached target Graphical Interface.
         Starting Update UTMP about System Runlevel Changes...
[[0;32m  OK  [0m] Started Set console scheme.
[[0;32m  OK  [0m] Started Update UTMP about System Runlevel Changes.
[   29.825150] cloud-init[1074]:   en_US.UTF-8... done
[   29.833132] cloud-init[1074]: Generation complete.
         Stopping OpenBSD Secure Shell server...
[[0;32m  OK  [0m] Stopped OpenBSD Secure Shell server.
         Starting OpenBSD Secure Shell server...
[[0;32m  OK  [0m] Started OpenBSD Secure Shell server.
[[0;32m  OK  [0m] Created slice User Slice of ubuntu.
         Starting User Manager for UID 1000...
[[0;32m  OK  [0m] Started User Manager for UID 1000.
[[0;32m  OK  [0m] Started Session 1 of user ubuntu.
[   30.415686] cloud-init[1074]: Cloud-init v. 0.7.9 running 'modules:config' at Tue, 17 Oct 2017 14:25:57 +0000. Up 27.91 seconds.
[[0;32m  OK  [0m] Started Apply the settings specified in cloud-config.
         Starting Execute cloud user/final scripts...
ci-info: no authorized ssh keys fingerprints found for user ubuntu.
<14>Oct 17 14:26:01 ec2: 
<14>Oct 17 14:26:01 ec2: #############################################################
<14>Oct 17 14:26:01 ec2: -----BEGIN SSH HOST KEY FINGERPRINTS-----
<14>Oct 17 14:26:01 ec2: 1024 SHA256:uJ9xiqZKu/y/TUeJleI1VI5x+y1GFYdhOuivdAPoHFE root@ubuntu-xenial (DSA)
<14>Oct 17 14:26:01 ec2: 256 SHA256:O/ElwHv5W923hef0I9gwiNxFfyz01ZUyswIteNxiQOo root@ubuntu-xenial (ECDSA)
<14>Oct 17 14:26:01 ec2: 256 SHA256:zSW9u8MxJBm9oEfPMN2FCoPR4KIlAke6pvTgaPcj5is root@ubuntu-xenial (ED25519)
<14>Oct 17 14:26:01 ec2: 2048 SHA256:0t3U6+7mOaHTcYLJRWJ7xzK17rhg6c+cOLHPoNLt0Do root@ubuntu-xenial (RSA)
<14>Oct 17 14:26:01 ec2: -----END SSH HOST KEY FINGERPRINTS-----
<14>Oct 17 14:26:01 ec2: #############################################################
-----BEGIN SSH HOST KEY KEYS-----
ecdsa-sha2-nistp256 AAAAE2VjZHNhLXNoYTItbmlzdHAyNTYAAAAIbmlzdHAyNTYAAABBBG05eJE53jsn8ja5VJVeHqJ6FXc4ZDg8aBH7PmyO84xYRyA2m1g2G9/SFbNlDbFd5P7b+5aHhaU3ram/el8683Q= root@ubuntu-xenial
ssh-ed25519 AAAAC3NzaC1lZDI1NTE5AAAAINBGHxONOqAGOJkkjqX/K3bZFmc64CPAQAF69tWa4e/t root@ubuntu-xenial
ssh-rsa AAAAB3NzaC1yc2EAAAADAQABAAABAQC/PeoTmM/iqWg8iFjwTu1o9xppYNY4o1Bnjmj0XH/le576Msp6tP85MsNfPcA1FzYDvmf71w7PTACbbcEXn3U+WKvx+RvW/o//rfrpz48ygzmMwbxygqvr5uyBqkBQfU47Im5tTWlWJ+iFuy3M7/gsyOhkSn7EO3S6a8zFOTiYe+o/YWdGVcX93OfZVPtXvQpzlcGYrXQw3ckH8+Z4SWehi3SBedefege+D7VxWmxesUc0iKmcWzPIWZM7sixmMfRRj9jx40WvtGp33+NiYETt7Nh4Ui2ME8aGyrLUMODMf1eeGSJH9BQGquTX2b3OQmY/HV53jkUp6Z8NpNIDpjdb root@ubuntu-xenial
-----END SSH HOST KEY KEYS-----
[   31.561157] cloud-init[1358]: Cloud-init v. 0.7.9 running 'modules:final' at Tue, 17 Oct 2017 14:26:00 +0000. Up 31.00 seconds.
[   31.579760] cloud-init[1358]: ci-info: no authorized ssh keys fingerprints found for user ubuntu.
[   31.608632] cloud-init[1358]: Cloud-init v. 0.7.9 finished at Tue, 17 Oct 2017 14:26:01 +0000. Datasource DataSourceNoCloud [seed=/dev/sdb][dsmode=net].  Up 31.54 seconds
[[0;32m  OK  [0m] Started Execute cloud user/final scripts.
[[0;32m  OK  [0m] Reached target Cloud-init target.

Ubuntu 16.04.3 LTS ubuntu-xenial ttyS0

ubuntu-xenial login: 