[    0.000000] Initializing cgroup subsys cpuset
[    0.000000] Initializing cgroup subsys cpu
[    0.000000] Initializing cgroup subsys cpuacct
[    0.000000] Linux version 4.4.0-97-generic (buildd@lcy01-33) (gcc version 5.4.0 20160609 (Ubuntu 5.4.0-6ubuntu1~16.04.4) ) #120-Ubuntu SMP Tue Sep 19 17:28:18 UTC 2017 (Ubuntu 4.4.0-97.120-generic 4.4.87)
[    0.000000] Command line: BOOT_IMAGE=/boot/vmlinuz-4.4.0-97-generic root=LABEL=cloudimg-rootfs ro console=tty1 console=ttyS0
[    0.000000] KERNEL supported cpus:
[    0.000000]   Intel GenuineIntel
[    0.000000]   AMD AuthenticAMD
[    0.000000]   Centaur CentaurHauls
[    0.000000] x86/fpu: xstate_offset[2]:  576, xstate_sizes[2]:  256
[    0.000000] x86/fpu: Supporting XSAVE feature 0x01: 'x87 floating point registers'
[    0.000000] x86/fpu: Supporting XSAVE feature 0x02: 'SSE registers'
[    0.000000] x86/fpu: Supporting XSAVE feature 0x04: 'AVX registers'
[    0.000000] x86/fpu: Enabled xstate features 0x7, context size is 832 bytes, using 'standard' format.
[    0.000000] x86/fpu: Using 'lazy' FPU context switches.
[    0.000000] e820: BIOS-provided physical RAM map:
[    0.000000] BIOS-e820: [mem 0x0000000000000000-0x000000000009fbff] usable
[    0.000000] BIOS-e820: [mem 0x000000000009fc00-0x000000000009ffff] reserved
[    0.000000] BIOS-e820: [mem 0x00000000000f0000-0x00000000000fffff] reserved
[    0.000000] BIOS-e820: [mem 0x0000000000100000-0x000000003ffeffff] usable
[    0.000000] BIOS-e820: [mem 0x000000003fff0000-0x000000003fffffff] ACPI data
[    0.000000] BIOS-e820: [mem 0x00000000fec00000-0x00000000fec00fff] reserved
[    0.000000] BIOS-e820: [mem 0x00000000fee00000-0x00000000fee00fff] reserved
[    0.000000] BIOS-e820: [mem 0x00000000fffc0000-0x00000000ffffffff] reserved
[    0.000000] NX (Execute Disable) protection: active
[    0.000000] SMBIOS 2.5 present.
[    0.000000] Hypervisor detected: KVM
[    0.000000] e820: last_pfn = 0x3fff0 max_arch_pfn = 0x400000000
[    0.000000] MTRR: Disabled
[    0.000000] x86/PAT: MTRRs disabled, skipping PAT initialization too.
[    0.000000] CPU MTRRs all blank - virtualized system.
[    0.000000] x86/PAT: Configuration [0-7]: WB  WT  UC- UC  WB  WT  UC- UC  
[    0.000000] found SMP MP-table at [mem 0x0009fff0-0x0009ffff] mapped at [ffff88000009fff0]
[    0.000000] Scanning 1 areas for low memory corruption
[    0.000000] RAMDISK: [mem 0x36adc000-0x37565fff]
[    0.000000] ACPI: Early table checksum verification disabled
[    0.000000] ACPI: RSDP 0x00000000000E0000 000024 (v02 VBOX  )
[    0.000000] ACPI: XSDT 0x000000003FFF0030 00003C (v01 VBOX   VBOXXSDT 00000001 ASL  00000061)
[    0.000000] ACPI: FACP 0x000000003FFF00F0 0000F4 (v04 VBOX   VBOXFACP 00000001 ASL  00000061)
[    0.000000] ACPI: DSDT 0x000000003FFF0470 0021FF (v02 VBOX   VBOXBIOS 00000002 INTL 20100528)
[    0.000000] ACPI: FACS 0x000000003FFF0200 000040
[    0.000000] ACPI: FACS 0x000000003FFF0200 000040
[    0.000000] ACPI: APIC 0x000000003FFF0240 00005C (v02 VBOX   VBOXAPIC 00000001 ASL  00000061)
[    0.000000] ACPI: SSDT 0x000000003FFF02A0 0001CC (v01 VBOX   VBOXCPUT 00000002 INTL 20100528)
[    0.000000] No NUMA configuration found
[    0.000000] Faking a node at [mem 0x0000000000000000-0x000000003ffeffff]
[    0.000000] NODE_DATA(0) allocated [mem 0x3ffeb000-0x3ffeffff]
[    0.000000] kvm-clock: Using msrs 4b564d01 and 4b564d00
[    0.000000] kvm-clock: cpu 0, msr 0:3ffe3001, primary cpu clock
[    0.000000] kvm-clock: using sched offset of 4349658287 cycles
[    0.000000] clocksource: kvm-clock: mask: 0xffffffffffffffff max_cycles: 0x1cd42e4dffb, max_idle_ns: 881590591483 ns
[    0.000000] Zone ranges:
[    0.000000]   DMA      [mem 0x0000000000001000-0x0000000000ffffff]
[    0.000000]   DMA32    [mem 0x0000000001000000-0x000000003ffeffff]
[    0.000000]   Normal   empty
[    0.000000]   Device   empty
[    0.000000] Movable zone start for each node
[    0.000000] Early memory node ranges
[    0.000000]   node   0: [mem 0x0000000000001000-0x000000000009efff]
[    0.000000]   node   0: [mem 0x0000000000100000-0x000000003ffeffff]
[    0.000000] Initmem setup node 0 [mem 0x0000000000001000-0x000000003ffeffff]
[    0.000000] ACPI: PM-Timer IO Port: 0x4008
[    0.000000] IOAPIC[0]: apic_id 2, version 32, address 0xfec00000, GSI 0-23
[    0.000000] ACPI: INT_SRC_OVR (bus 0 bus_irq 0 global_irq 2 dfl dfl)
[    0.000000] ACPI: INT_SRC_OVR (bus 0 bus_irq 9 global_irq 9 high level)
[    0.000000] Using ACPI (MADT) for SMP configuration information
[    0.000000] smpboot: Allowing 2 CPUs, 0 hotplug CPUs
[    0.000000] PM: Registered nosave memory: [mem 0x00000000-0x00000fff]
[    0.000000] PM: Registered nosave memory: [mem 0x0009f000-0x0009ffff]
[    0.000000] PM: Registered nosave memory: [mem 0x000a0000-0x000effff]
[    0.000000] PM: Registered nosave memory: [mem 0x000f0000-0x000fffff]
[    0.000000] e820: [mem 0x40000000-0xfebfffff] available for PCI devices
[    0.000000] Booting paravirtualized kernel on KVM
[    0.000000] clocksource: refined-jiffies: mask: 0xffffffff max_cycles: 0xffffffff, max_idle_ns: 7645519600211568 ns
[    0.000000] setup_percpu: NR_CPUS:512 nr_cpumask_bits:512 nr_cpu_ids:2 nr_node_ids:1
[    0.000000] PERCPU: Embedded 34 pages/cpu @ffff88003fc00000 s98328 r8192 d32744 u1048576
[    0.000000] PV qspinlock hash table entries: 256 (order: 0, 4096 bytes)
[    0.000000] Built 1 zonelists in Node order, mobility grouping on.  Total pages: 257913
[    0.000000] Policy zone: DMA32
[    0.000000] Kernel command line: BOOT_IMAGE=/boot/vmlinuz-4.4.0-97-generic root=LABEL=cloudimg-rootfs ro console=tty1 console=ttyS0
[    0.000000] PID hash table entries: 4096 (order: 3, 32768 bytes)
[    0.000000] Memory: 1001772K/1048120K available (8480K kernel code, 1294K rwdata, 3984K rodata, 1492K init, 1316K bss, 46348K reserved, 0K cma-reserved)
[    0.000000] SLUB: HWalign=64, Order=0-3, MinObjects=0, CPUs=2, Nodes=1
[    0.000000] Hierarchical RCU implementation.
[    0.000000] 	Build-time adjustment of leaf fanout to 64.
[    0.000000] 	RCU restricting CPUs from NR_CPUS=512 to nr_cpu_ids=2.
[    0.000000] RCU: Adjusting geometry for rcu_fanout_leaf=64, nr_cpu_ids=2
[    0.000000] NR_IRQS:33024 nr_irqs:440 16
[    0.000000] Console: colour VGA+ 80x25
[    0.000000] console [tty1] enabled
[    0.000000] console [ttyS0] enabled
[    0.000000] tsc: Detected 1599.999 MHz processor
[    1.808420] Calibrating delay loop (skipped) preset value.. 3199.99 BogoMIPS (lpj=6399996)
[    1.824202] pid_max: default: 32768 minimum: 301
[    1.828854] ACPI: Core revision 20150930
[    1.911869] ACPI: 2 ACPI AML tables successfully acquired and loaded
[    2.034182] Security Framework initialized
[    2.087983] Yama: becoming mindful.
[    2.100105] AppArmor: AppArmor initialized
[    2.110655] Dentry cache hash table entries: 131072 (order: 8, 1048576 bytes)
[    2.134079] Inode-cache hash table entries: 65536 (order: 7, 524288 bytes)
[    2.153670] Mount-cache hash table entries: 2048 (order: 2, 16384 bytes)
[    2.169272] Mountpoint-cache hash table entries: 2048 (order: 2, 16384 bytes)
[    2.175951] Initializing cgroup subsys io
[    2.180075] Initializing cgroup subsys memory
[    2.185558] Initializing cgroup subsys devices
[    2.190310] Initializing cgroup subsys freezer
[    2.193237] Initializing cgroup subsys net_cls
[    2.200880] Initializing cgroup subsys perf_event
[    2.205028] Initializing cgroup subsys net_prio
[    2.288882] Initializing cgroup subsys hugetlb
[    2.368716] Initializing cgroup subsys pids
[    2.430689] CPU: Physical Processor ID: 0
[    2.503626] CPU: Processor Core ID: 0
[    2.586515] mce: CPU supports 0 MCE banks
[    2.684515] Last level iTLB entries: 4KB 64, 2MB 8, 4MB 8
[    2.719335] Last level dTLB entries: 4KB 64, 2MB 0, 4MB 0, 1GB 4
[    2.743648] Freeing SMP alternatives memory: 32K
[    2.787250] ftrace: allocating 32148 entries in 126 pages
[    2.919891] smpboot: APIC(0) Converting physical 0 to logical package 0
[    2.932579] smpboot: Max logical packages: 1
[    2.949543] x2apic enabled
[    2.964155] Switched APIC routing to physical x2apic.
[    2.970327] ..TIMER: vector=0x30 apic1=0 pin1=2 apic2=-1 pin2=-1
[    3.082623] smpboot: CPU0: Intel(R) Core(TM) i5-5250U CPU @ 1.60GHz (family: 0x6, model: 0x3d, stepping: 0x4)
[    3.099950] Performance Events: unsupported p6 CPU model 61 no PMU driver, software events only.
[    3.116050] KVM setup paravirtual spinlock
[    3.121541] x86: Booting SMP configuration:
[    3.124293] .... node  #0, CPUs:      #1
[    3.126601] kvm-clock: cpu 1, msr 0:3ffe3041, secondary cpu clock
[    3.155502] mce: CPU supports 0 MCE banks
[    3.187390] x86: Booted up 1 node, 2 CPUs
[    3.198362] smpboot: Total of 2 processors activated (6399.99 BogoMIPS)
[    3.316655] devtmpfs: initialized
[    3.344551] evm: security.selinux
[    3.349998] evm: security.SMACK64
[    3.353168] evm: security.SMACK64EXEC
[    3.359892] evm: security.SMACK64TRANSMUTE
[    3.367451] evm: security.SMACK64MMAP
[    3.371589] evm: security.ima
[    3.374321] evm: security.capability
[    3.384842] clocksource: jiffies: mask: 0xffffffff max_cycles: 0xffffffff, max_idle_ns: 7645041785100000 ns
[    3.392443] futex hash table entries: 512 (order: 3, 32768 bytes)
[    3.414540] pinctrl core: initialized pinctrl subsystem
[    3.421925] RTC time: 21:08:14, date: 10/23/17
[    3.428600] NET: Registered protocol family 16
[    3.454935] cpuidle: using governor ladder
[    3.483588] cpuidle: using governor menu
[    3.496419] PCCT header not found.
[    3.502134] ACPI: bus type PCI registered
[    3.506892] acpiphp: ACPI Hot Plug PCI Controller Driver version: 0.5
[    3.512120] PCI: Using configuration type 1 for base access
[    3.552682] ACPI: Added _OSI(Module Device)
[    3.560818] ACPI: Added _OSI(Processor Device)
[    3.566264] ACPI: Added _OSI(3.0 _SCP Extensions)
[    3.570879] ACPI: Added _OSI(Processor Aggregator Device)
[    3.574602] ACPI: Executed 1 blocks of module-level executable AML code
[    3.589603] ACPI: Interpreter enabled
[    3.598714] ACPI: (supports S0 S5)
[    3.605675] ACPI: Using IOAPIC for interrupt routing
[    3.613274] PCI: Using host bridge windows from ACPI; if necessary, use "pci=nocrs" and report a bug
[    3.643522] ACPI: PCI Root Bridge [PCI0] (domain 0000 [bus 00-ff])
[    3.658104] acpi PNP0A03:00: _OSC: OS supports [ASPM ClockPM Segments MSI]
[    3.667483] acpi PNP0A03:00: _OSC: not requesting OS control; OS requires [ExtendedConfig ASPM ClockPM MSI]
[    3.681267] acpi PNP0A03:00: fail to add MMCONFIG information, can't access extended PCI configuration space under this bridge.
[    3.701068] PCI host bridge to bus 0000:00
[    3.713678] pci_bus 0000:00: root bus resource [io  0x0000-0x0cf7 window]
[    3.724726] pci_bus 0000:00: root bus resource [io  0x0d00-0xffff window]
[    3.749723] pci_bus 0000:00: root bus resource [mem 0x000a0000-0x000bffff window]
[    3.762283] pci_bus 0000:00: root bus resource [mem 0x40000000-0xffdfffff window]
[    3.772802] pci_bus 0000:00: root bus resource [bus 00-ff]
[    3.785301] pci 0000:00:01.1: legacy IDE quirk: reg 0x10: [io  0x01f0-0x01f7]
[    3.794913] pci 0000:00:01.1: legacy IDE quirk: reg 0x14: [io  0x03f6]
[    3.803169] pci 0000:00:01.1: legacy IDE quirk: reg 0x18: [io  0x0170-0x0177]
[    3.808185] pci 0000:00:01.1: legacy IDE quirk: reg 0x1c: [io  0x0376]
[    3.891435] pci 0000:00:07.0: quirk: [io  0x4000-0x403f] claimed by PIIX4 ACPI
[    3.965718] pci 0000:00:07.0: quirk: [io  0x4100-0x410f] claimed by PIIX4 SMB
[    4.002624] ACPI: PCI Interrupt Link [LNKA] (IRQs 5 9 10 *11)
[    4.075726] ACPI: PCI Interrupt Link [LNKB] (IRQs 5 9 10 *11)
[    4.136724] ACPI: PCI Interrupt Link [LNKC] (IRQs 5 9 *10 11)
[    4.201287] ACPI: PCI Interrupt Link [LNKD] (IRQs 5 *9 10 11)
[    4.209354] ACPI: Enabled 2 GPEs in block 00 to 07
[    4.223342] vgaarb: setting as boot device: PCI:0000:00:02.0
[    4.227487] vgaarb: device added: PCI:0000:00:02.0,decodes=io+mem,owns=io+mem,locks=none
[    4.244509] vgaarb: loaded
[    4.251681] vgaarb: bridge control possible 0000:00:02.0
[    4.270641] SCSI subsystem initialized
[    4.279436] ACPI: bus type USB registered
[    4.291016] usbcore: registered new interface driver usbfs
[    4.302182] usbcore: registered new interface driver hub
[    4.310684] usbcore: registered new device driver usb
[    4.333926] PCI: Using ACPI for IRQ routing
[    4.401381] NetLabel: Initializing
[    4.456684] NetLabel:  domain hash size = 128
[    4.462583] NetLabel:  protocols = UNLABELED CIPSOv4
[    4.475015] NetLabel:  unlabeled traffic allowed by default
[    4.479107] amd_nb: Cannot enumerate AMD northbridges
[    4.501451] clocksource: Switched to clocksource kvm-clock
[    4.585593] AppArmor: AppArmor Filesystem Enabled
[    4.610677] pnp: PnP ACPI init
[    4.629677] pnp: PnP ACPI: found 3 devices
[    4.678011] clocksource: acpi_pm: mask: 0xffffff max_cycles: 0xffffff, max_idle_ns: 2085701024 ns
[    4.719967] NET: Registered protocol family 2
[    4.733721] TCP established hash table entries: 8192 (order: 4, 65536 bytes)
[    4.757795] TCP bind hash table entries: 8192 (order: 5, 131072 bytes)
[    4.773791] TCP: Hash tables configured (established 8192 bind 8192)
[    4.791138] UDP hash table entries: 512 (order: 2, 16384 bytes)
[    4.816945] UDP-Lite hash table entries: 512 (order: 2, 16384 bytes)
[    4.828071] NET: Registered protocol family 1
[    4.837825] pci 0000:00:00.0: Limiting direct PCI/PCI transfers
[    4.842216] pci 0000:00:01.0: Activating ISA DMA hang workarounds
[    4.887197] Unpacking initramfs...
[    9.881619] Freeing initrd memory: 10792K
[    9.903212] RAPL PMU detected, API unit is 2^-32 Joules, 4 fixed counters 10737418240 ms ovfl timer
[    9.963534] hw unit of domain pp0-core 2^-0 Joules
[    9.984834] hw unit of domain package 2^-0 Joules
[   10.046391] hw unit of domain dram 2^-0 Joules
[   10.098024] hw unit of domain pp1-gpu 2^-0 Joules
[   10.105555] platform rtc_cmos: registered platform RTC device (no PNP device found)
[   10.152943] Scanning for low memory corruption every 60 seconds
[   10.158404] audit: initializing netlink subsys (disabled)
[   10.177203] audit: type=2000 audit(1508792903.927:1): initialized
[   10.186860] Initialise system trusted keyring
[   10.192135] HugeTLB registered 2 MB page size, pre-allocated 0 pages
[   10.218874] zbud: loaded
[   10.225362] VFS: Disk quotas dquot_6.6.0
[   10.228544] VFS: Dquot-cache hash table entries: 512 (order 0, 4096 bytes)
[   10.242772] squashfs: version 4.0 (2009/01/31) Phillip Lougher
[   10.249026] fuse init (API version 7.23)
[   10.252782] Key type big_key registered
[   10.275280] Allocating IMA MOK and blacklist keyrings.
[   10.281340] Key type asymmetric registered
[   10.287071] Asymmetric key parser 'x509' registered
[   10.302982] Block layer SCSI generic (bsg) driver version 0.4 loaded (major 249)
[   10.309567] io scheduler noop registered
[   10.311117] io scheduler deadline registered (default)
[   10.325913] io scheduler cfq registered
[   10.335708] pci_hotplug: PCI Hot Plug PCI Core version: 0.5
[   10.341190] pciehp: PCI Express Hot Plug Controller Driver version: 0.4
[   10.353469] ACPI: AC Adapter [AC] (off-line)
[   10.358356] input: Power Button as /devices/LNXSYSTM:00/LNXPWRBN:00/input/input0
[   10.386686] ACPI: Power Button [PWRF]
[   10.389453] input: Sleep Button as /devices/LNXSYSTM:00/LNXSLPBN:00/input/input1
[   10.400459] ACPI: Sleep Button [SLPF]
[   10.409445] ACPI: Battery Slot [BAT0] (battery present)
[   10.426080] GHES: HEST is not enabled!
[   10.437224] Serial: 8250/16550 driver, 32 ports, IRQ sharing enabled
[   10.488621] 00:02: ttyS0 at I/O 0x3f8 (irq = 4, base_baud = 115200) is a 16550A
[   10.510239] Linux agpgart interface v0.103
[   10.541188] loop: module loaded
[   10.543932] scsi host0: ata_piix
[   10.546324] scsi host1: ata_piix
[   10.550468] ata1: PATA max UDMA/33 cmd 0x1f0 ctl 0x3f6 bmdma 0xd000 irq 14
[   10.571386] ata2: PATA max UDMA/33 cmd 0x170 ctl 0x376 bmdma 0xd008 irq 15
[   10.584888] libphy: Fixed MDIO Bus: probed
[   10.593302] tun: Universal TUN/TAP device driver, 1.6
[   10.611794] tun: (C) 1999-2004 Max Krasnyansky <maxk@qualcomm.com>
[   10.624782] PPP generic driver version 2.4.2
[   10.640333] ehci_hcd: USB 2.0 'Enhanced' Host Controller (EHCI) Driver
[   10.663301] ehci-pci: EHCI PCI platform driver
[   10.670817] ehci-platform: EHCI generic platform driver
[   10.682608] ohci_hcd: USB 1.1 'Open' Host Controller (OHCI) Driver
[   10.692999] ohci-pci: OHCI PCI platform driver
[   10.706450] ohci-platform: OHCI generic platform driver
[   10.772100] uhci_hcd: USB Universal Host Controller Interface driver
[   10.827958] i8042: PNP: PS/2 Controller [PNP0303:PS2K,PNP0f03:PS2M] at 0x60,0x64 irq 1,12
[   10.847409] serio: i8042 KBD port at 0x60,0x64 irq 1
[   10.853293] serio: i8042 AUX port at 0x60,0x64 irq 12
[   10.858163] mousedev: PS/2 mouse device common for all mice
[   10.867048] rtc_cmos rtc_cmos: rtc core: registered rtc_cmos as rtc0
[   10.872104] input: AT Translated Set 2 keyboard as /devices/platform/i8042/serio0/input/input2
[   10.902893] rtc_cmos rtc_cmos: alarms up to one day, 114 bytes nvram
[   10.902951] i2c /dev entries driver
[   10.903073] device-mapper: uevent: version 1.0.3
[   10.905992] device-mapper: ioctl: 4.34.0-ioctl (2015-10-28) initialised: dm-devel@redhat.com
[   10.906032] ledtrig-cpu: registered to indicate activity on CPUs
[   10.906797] NET: Registered protocol family 10
[   10.907094] NET: Registered protocol family 17
[   10.907108] Key type dns_resolver registered
[   10.907356] microcode: CPU0 sig=0x306d4, pf=0x40, revision=0x0
[   10.909883] microcode: CPU1 sig=0x306d4, pf=0x40, revision=0x0
[   10.909984] microcode: Microcode Update Driver: v2.01 <tigran@aivazian.fsnet.co.uk>, Peter Oruba
[   10.910221] registered taskstats version 1
[   10.910245] Loading compiled-in X.509 certificates
[   10.911250] Loaded X.509 cert 'Build time autogenerated kernel key: d1010f9627fd9242df4b03365d2931dfd1ad3d42'
[   10.911298] zswap: loaded using pool lzo/zbud
[   10.914336] Key type trusted registered
[   10.921411] Key type encrypted registered
[   10.921422] AppArmor: AppArmor sha1 policy hashing enabled
[   10.921427] ima: No TPM chip found, activating TPM-bypass!
[   10.921457] evm: HMAC attrs: 0x1
[   10.921972]   Magic number: 5:48:147
[   10.922009] pci 0000:00:14.0: hash matches
[   10.940458] rtc_cmos rtc_cmos: setting system clock to 2017-10-23 21:08:22 UTC (1508792902)
[   10.940616] BIOS EDD facility v0.16 2004-Jun-25, 0 devices found
[   10.940617] EDD information not available.
[   11.228993] tsc: Refined TSC clocksource calibration: 1599.721 MHz
[   11.234672] clocksource: tsc: mask: 0xffffffffffffffff max_cycles: 0x170f1d68e82, max_idle_ns: 440795269347 ns
[   11.268651] Freeing unused kernel memory: 1492K
[   11.303303] Write protecting the kernel read-only data: 14336k
[   11.332157] Freeing unused kernel memory: 1748K
[   11.343204] Freeing unused kernel memory: 112K
Loading, please wait...
starting version[   11.381734] random: systemd-udevd: uninitialized urandom read (16 bytes read, 5 bits of entropy available)
 229
[   11.385889] random: udevadm: uninitialized urandom read (16 bytes read, 5 bits of entropy available)
[   11.385956] random: udevadm: uninitialized urandom read (16 bytes read, 5 bits of entropy available)
[   11.387170] random: udevadm: uninitialized urandom read (16 bytes read, 5 bits of entropy available)
[   11.387653] random: udevadm: uninitialized urandom read (16 bytes read, 5 bits of entropy available)
[   11.387786] random: udevadm: uninitialized urandom read (16 bytes read, 5 bits of entropy available)
[   11.387988] random: udevadm: uninitialized urandom read (16 bytes read, 5 bits of entropy available)
[   11.388055] random: udevadm: uninitialized urandom read (16 bytes read, 5 bits of entropy available)
[   11.388113] random: udevadm: uninitialized urandom read (16 bytes read, 5 bits of entropy available)
[   11.388174] random: udevadm: uninitialized urandom read (16 bytes read, 5 bits of entropy available)
[   11.855990] Fusion MPT base driver 3.04.20
[   11.940275] Copyright (c) 1999-2008 LSI Corporation
[   12.010350] AVX version of gcm_enc/dec engaged.
[   12.025267] AES CTR mode by8 optimization enabled
[   12.042880] e1000: Intel(R) PRO/1000 Network Driver - version 7.3.21-k8-NAPI
[   12.042881] e1000: Copyright (c) 1999-2006 Intel Corporation.
[   12.118278] input: ImExPS/2 Generic Explorer Mouse as /devices/platform/i8042/serio1/input/input4
[   12.243984] Fusion MPT SPI Host driver 3.04.20
[   12.817404] e1000 0000:00:03.0 eth0: (PCI:33MHz:32-bit) 02:14:68:3e:84:47
[   12.824593] e1000 0000:00:03.0 eth0: Intel(R) PRO/1000 Network Connection
[   13.346154] e1000 0000:00:08.0 eth1: (PCI:33MHz:32-bit) 08:00:27:c3:8e:2f
[   13.356477] e1000 0000:00:08.0 eth1: Intel(R) PRO/1000 Network Connection
[   13.361572] e1000 0000:00:03.0 enp0s3: renamed from eth0
[   13.411068] mptbase: ioc0: Initiating bringup
[   13.422665] e1000 0000:00:08.0 enp0s8: renamed from eth1
[   13.478255] ioc0: LSI53C1030 A0: Capabilities={Initiator}
[   13.671838] scsi host2: ioc0: LSI53C1030 A0, FwRev=00000000h, Ports=1, MaxQ=256, IRQ=20
[   13.811643] scsi 2:0:0:0: Direct-Access     VBOX     HARDDISK         1.0  PQ: 0 ANSI: 5
[   13.857126] scsi target2:0:0: Beginning Domain Validation
[   13.927094] scsi target2:0:0: Domain Validation skipping write tests
[   14.009336] scsi target2:0:0: Ending Domain Validation
[   14.067824] scsi target2:0:0: asynchronous
[   14.103294] scsi 2:0:1:0: Direct-Access     VBOX     HARDDISK         1.0  PQ: 0 ANSI: 5
[   14.198430] scsi target2:0:1: Beginning Domain Validation
[   14.255946] scsi target2:0:1: Domain Validation skipping write tests
[   14.332001] scsi target2:0:1: Ending Domain Validation
[   14.427966] scsi target2:0:1: asynchronous
[   14.569087] sd 2:0:0:0: Attached scsi generic sg0 type 0
[   14.619468] sd 2:0:0:0: [sda] 20971520 512-byte logical blocks: (10.7 GB/10.0 GiB)
[   14.619806] sd 2:0:1:0: Attached scsi generic sg1 type 0
[   14.620116] sd 2:0:1:0: [sdb] 20480 512-byte logical blocks: (10.5 MB/10.0 MiB)
[   14.620442] sd 2:0:1:0: [sdb] Write Protect is off
[   14.620658] sd 2:0:1:0: [sdb] Incomplete mode parameter data
[   14.620660] sd 2:0:1:0: [sdb] Assuming drive cache: write through
[   14.622965] sd 2:0:1:0: [sdb] Attached SCSI disk
[   14.943212] sd 2:0:0:0: [sda] Write Protect is off
[   14.946049] sd 2:0:0:0: [sda] Incomplete mode parameter data
[   14.949931] sd 2:0:0:0: [sda] Assuming drive cache: write through
[   14.959709]  sda: sda1
[   14.966234] sd 2:0:0:0: [sda] Attached SCSI disk
[   15.189520] floppy0: no floppy controllers found
Begin: Loading essential drivers ... [   16.778429] md: linear personality registered for level -1
[   16.795719] md: multipath personality registered for level -4
[   16.813986] md: raid0 personality registered for level 0
[   16.827133] md: raid1 personality registered for level 1
[   16.909520] raid6: sse2x1   gen()  3833 MB/s
[   16.977947] raid6: sse2x1   xor()  2846 MB/s
[   17.050491] raid6: sse2x2   gen()  4215 MB/s
[   17.121594] raid6: sse2x2   xor()  3270 MB/s
[   17.193879] raid6: sse2x4   gen()  2838 MB/s
[   17.270360] raid6: sse2x4   xor()   891 MB/s
[   17.283143] raid6: using algorithm sse2x2 gen() 4215 MB/s
[   17.299956] raid6: .... xor() 3270 MB/s, rmw enabled
[   17.312956] raid6: using ssse3x2 recovery algorithm
[   17.338254] xor: automatically using best checksumming function:
[   17.401554]    avx       : 13882.000 MB/sec
[   17.410167] async_tx: api initialized (async)
[   17.427171] md: raid6 personality registered for level 6
[   17.448591] md: raid5 personality registered for level 5
[   17.456563] md: raid4 personality registered for level 4
[   17.471607] md: raid10 personality registered for level 10
done.
Begin: Running /scripts/init-premount ... done.
Begin: Mounting root file system ... Begin: Running /scripts/local-top ... done.
Begin: Running /scripts/local-premount ... [   17.571042] Btrfs loaded
Scanning for Btrfs filesystems
done.
Warning: fsck not present, so skipping root file system
[   17.637878] EXT4-fs (sda1): mounted filesystem with ordered data mode. Opts: (null)
done.
Begin: Running /scripts/local-bottom ... done.
Begin: Running /scripts/init-bottom ... done.
[   17.840870] systemd[1]: systemd 229 running in system mode. (+PAM +AUDIT +SELINUX +IMA +APPARMOR +SMACK +SYSVINIT +UTMP +LIBCRYPTSETUP +GCRYPT +GNUTLS +ACL +XZ -LZ4 +SECCOMP +BLKID +ELFUTILS +KMOD -IDN)
[   17.862141] systemd[1]: Detected virtualization oracle.
[   17.867248] systemd[1]: Detected architecture x86-64.

Welcome to [1mUbuntu 16.04.3 LTS[0m!

[   17.876792] systemd[1]: Set hostname to <ubuntu-xenial>.
[   18.260025] systemd[1]: Set up automount Arbitrary Executable File Formats File System Automount Point.
[[0;32m  OK  [0m] Set up automount Arbitrary Executab...ats File System Automount Point.
[   18.306556] systemd[1]: Listening on Syslog Socket.
[[0;32m  OK  [0m] Listening on Syslog Socket.
[   18.330138] systemd[1]: Listening on LVM2 poll daemon socket.
[[0;32m  OK  [0m] Listening on LVM2 poll daemon socket.
[   18.358042] systemd[1]: Started Trigger resolvconf update for networkd DNS.
[[0;32m  OK  [0m] Started Trigger resolvconf update for networkd DNS.
[   18.383791] systemd[1]: Listening on Journal Audit Socket.
[[0;32m  OK  [0m] Listening on Journal Audit Socket.
[   18.403578] systemd[1]: Reached target Encrypted Volumes.
[[0;32m  OK  [0m] Reached target Encrypted Volumes.
[   18.443964] systemd[1]: Created slice User and Session Slice.
[[0;32m  OK  [0m] Created slice User and Session Slice.
[   18.504989] systemd[1]: Reached target User and Group Name Lookups.
[[0;32m  OK  [0m] Reached target User and Group Name Lookups.
[   18.586748] systemd[1]: Listening on /dev/initctl Compatibility Named Pipe.
[[0;32m  OK  [0m] Listening on /dev/initctl Compatibility Named Pipe.
[   18.742619] systemd[1]: Reached target Swap.
[[0;32m  OK  [0m] Reached target Swap.
[   18.778782] systemd[1]: Started Forward Password Requests to Wall Directory Watch.
[[0;32m  OK  [0m] Started Forward Password Requests to Wall Directory Watch.
[   18.818550] systemd[1]: Created slice System Slice.
[[0;32m  OK  [0m] Created slice System Slice.
[   18.846887] systemd[1]: Reached target Slices.
[[0;32m  OK  [0m] Reached target Slices.
[   18.860493] systemd[1]: Listening on LVM2 metadata daemon socket.
[[0;32m  OK  [0m] Listening on LVM2 metadata daemon socket.
[   18.898910] systemd[1]: Created slice system-serial\x2dgetty.slice.
[[0;32m  OK  [0m] Created slice system-serial\x2dgetty.slice.
[   18.950112] systemd[1]: Listening on udev Kernel Socket.
[[0;32m  OK  [0m] Listening on udev Kernel Socket.
[   19.010507] systemd[1]: Listening on udev Control Socket.
[[0;32m  OK  [0m] Listening on udev Control Socket.
[   19.027795] systemd[1]: Listening on Journal Socket.
[[0;32m  OK  [0m] Listening on Journal Socket.
[   19.070157] systemd[1]: Starting Set console keymap...
         Starting Set console keymap...
[   19.113827] systemd[1]: Mounting Debug File System...
         Mounting Debug File System...
[   19.194353] systemd[1]: Starting Load Kernel Modules...
[   19.197066] random: nonblocking pool is initialized
[   19.219942] Loading iSCSI transport class v2.0-870.
         Starting Load Kernel Modules...
[   19.246935] iscsi: registered transport (tcp)
[   19.285673] systemd[1]: Starting Create list of required static device nodes for the current kernel...
         Starting Create list of required st... nodes for the current kernel...
[   19.368083] iscsi: registered transport (iser)
[   19.477838] systemd[1]: Starting Remount Root and Kernel File Systems...
[   19.485020] EXT4-fs (sda1): re-mounted. Opts: (null)
         Starting Remount Root and Kernel File Systems...
[   19.629725] systemd[1]: Starting Nameserver information manager...
         Starting Nameserver information manager...
[   19.870061] systemd[1]: Starting Uncomplicated firewall...
         Starting Uncomplicated firewall...
[   19.918642] systemd[1]: Mounting Huge Pages File System...
         Mounting Huge Pages File System...
[   19.982186] systemd[1]: Listening on Device-mapper event daemon FIFOs.
[[0;32m  OK  [0m] Listening on Device-mapper event daemon FIFOs.
[   20.051474] systemd[1]: Starting Monitoring of LVM2 mirrors, snapshots etc. using dmeventd or progress polling...
         Starting Monitoring of LVM2 mirrors... dmeventd or progress polling...
[   20.121906] systemd[1]: Mounting POSIX Message Queue File System...
         Mounting POSIX Message Queue File System...
[   20.157993] systemd[1]: Listening on Journal Socket (/dev/log).
[[0;32m  OK  [0m] Listening on Journal Socket (/dev/log).
[   20.217823] systemd[1]: Starting Journal Service...
         Starting Journal Service...
[   20.326619] systemd[1]: Mounted Debug File System.
[[0;32m  OK  [0m] Mounted Debug File System.
[   20.373828] systemd[1]: Mounted Huge Pages File System.
[[0;32m  OK  [0m] Mounted Huge Pages File System.
[   20.477996] systemd[1]: Mounted POSIX Message Queue File System.
[[0;32m  OK  [0m] Mounted POSIX Message Queue File System.
[   20.650665] systemd[1]: Started Journal Service.
[[0;32m  OK  [0m] Started Journal Service.
[[0;32m  OK  [0m] Started Set console keymap.
[[0;32m  OK  [0m] Started Load Kernel Modules.
[[0;32m  OK  [0m] Started Create list of required sta...ce nodes for the current kernel.
[[0;32m  OK  [0m] Started Remount Root and Kernel File Systems.
[[0;32m  OK  [0m] Started Uncomplicated firewall.
[[0;32m  OK  [0m] Started Nameserver information manager.
[[0;32m  OK  [0m] Started LVM2 metadata daemon.
         Starting udev Coldplug all Devices...
         Starting Load/Save Random Seed...
         Starting Initial cloud-init job (pre-networking)...
         Starting Create Static Device Nodes in /dev...
         Mounting FUSE Control File System...
         Starting Apply Kernel Variables...
         Starting Flush Journal to Persistent Storage...
[[0;32m  OK  [0m] Mounted FUSE Control File System.
[[0;32m  OK  [0m] Started Load/Save Random Seed.
[[0;32m  OK  [0m] Started Monitoring of LVM2 mirrors,...ng dmeventd or progress polling.
[[0;32m  OK  [0m] Started Create Static Device Nodes in /dev.
[[0;32m  OK  [0m] Started Apply Kernel Variables.
[[0;32m  OK  [0m] Started udev Coldplug all Devices.
[[0;32m  OK  [0m] Started Flush Journal to Persistent Storage.
         Starting udev Kernel Device Manager...
[[0;32m  OK  [0m] Started udev Kernel Device Manager.
[[0;32m  OK  [0m] Started Dispatch Password Requests to Console Directory Watch.
[[0;32m  OK  [0m] Reached target Local File Systems (Pre).
[[0;32m  OK  [0m] Reached target Local File Systems.
         Starting Tell Plymouth To Write Out Runtime Data...
         Starting LSB: AppArmor initialization...
         Starting Set console font and keymap...
         Starting Create Volatile Files and Directories...
[[0;32m  OK  [0m] Started Tell Plymouth To Write Out Runtime Data.
[[0;32m  OK  [0m] Started Create Volatile Files and Directories.
[[0;32m  OK  [0m] Reached target System Time Synchronized.
         Starting Update UTMP about System Boot/Shutdown...
[[0;32m  OK  [0m] Started Update UTMP about System Boot/Shutdown.
[[0;32m  OK  [0m] Started LSB: AppArmor initialization.
[[0;32m  OK  [0m] Found device /dev/ttyS0.
[[0;32m  OK  [0m] Found device 82540EM Gigabit Ethern...r (PRO/1000 MT Desktop Adapter).
[[0;32m  OK  [0m] Listening on Load/Save RF Kill Switch Status /dev/rfkill Watch.
[[0;32m  OK  [0m] Found device 82540EM Gigabit Ethern...r (PRO/1000 MT Desktop Adapter).
[[0;32m  OK  [0m] Started Set console font and keymap.
[   20.420943] cloud-init[444]: Cloud-init v. 0.7.9 running 'init-local' at Mon, 23 Oct 2017 21:08:34 +0000. Up 19.41 seconds.
[[0;32m  OK  [0m] Started Initial cloud-init job (pre-networking).
[[0;32m  OK  [0m] Reached target Network (Pre).
[[0;32m  OK  [0m] Started ifup for enp0s8.
[[0;32m  OK  [0m] Started ifup for enp0s3.
         Starting Raise network interfaces...
[[0;32m  OK  [0m] Created slice system-getty.slice.
[[0;32m  OK  [0m] Started Raise network interfaces.
[[0;32m  OK  [0m] Reached target Network.
         Starting Initial cloud-init job (metadata service crawler)...
[   23.429041] cloud-init[1046]: Cloud-init v. 0.7.9 running 'init' at Mon, 23 Oct 2017 21:08:37 +0000. Up 22.53 seconds.
[   23.534191] cloud-init[[0;32m  OK  [0m] Started Initial cloud-init job (metadata service crawler).
[[0;32m  OK  [0m] Reached target Cloud-config availability.
[[0;32m  OK  [0m] Reached target System Initialization.
[[0;32m  OK  [0m] Listening on D-Bus System Message Bus Socket.
[1046]: ci-info: ++++++++++++++++++++++++++++++++++++++Net device info++++++++++++++++++++++++++++++++++++++
[[0;32m  OK  [0m] Started Timer to automatically fetch and run repair assertions.
[   23.672014] cloud-init[1046]: ci-info: +--------+------+-----------------------------+---------------+-------+-------------------+
[   23.693262] cloud-init[1046]: ci-info: | Device |  Up  |           Address           |      Mask     | Scope |     Hw-Address    |
[   23.716552] cloud-init[1046]: ci-info: +--------+------+-----------------------------+---------------+-------+-------------------+
[   23.736818] cloud-init[1046]: ci-info: | enp0s3 | True |          10.0.2.15          | 255.255.255.0 |   .   | 02:14:68:3e:84:47 |
         Starting LXD - unix socket.
[   23.781935] cloud-init[1046]: ci-info: | enp0s3 | True |  fe80::14:68ff:fe3e:8447/64 |       .       |  link | 02:14:68:3e:84:47 |
[   23.784253] cloud-init[1046]: ci-info: | enp0s8 | True |        192.168.10.101       | 255.255.255.0 |   .   | 08:00:27:c3:8e:2f |
[[0;32m  OK  [0m] Listening on UUID daemon activation socket.
[   23.789419] cloud-init[1046]: ci-info: | enp0s8 | True | fe80::a00:27ff:fec3:8e2f/64 |       .       |  link | 08:00:27:c3:8e:2f |
[   23.828525] cloud-init[1046]: ci-info: |   lo   | True |          127.0.0.1          |   255.0.0.0   |   .   |         .         |
         Starting Socket activation for snappy daemon.
[[0;32m  OK  [0m] Listening on ACPID Listen Socket.
[   23.828612] cloud-init[1046]: ci-info: |   lo   | True |           ::1/128           |       .       |  host |         .         |
[   23.992581] [cloud-init[0;32m  OK  [0m[1046]: ] ci-info: +--------+------+-----------------------------+---------------+-------+-------------------+Started ACPI Events Check.

[   23.994855] cloud-init[1046]: ci-info: ++++++++++++++++++++++++++++Route IPv4 info++++++++++++++++++++++++++++
[   24.024765] cloud-init[1046]: ci-info: +-------+--------------+----------+---------------+-----------+-------+
[   24.024851] cloud-init[1046]: ci-info: | Route | Destination  | Gateway  |    Genmask    | Interface | Flags |
[   24.024919] cloud-init[1046]: ci-info: +-------+--------------+----------+---------------+-----------+-------+
[   24.024987] cloud-init[1046]: ci-info: |   0   |   0.0.0.0    | 10.0.2.2 |    0.0.0.0    |   enp0s3  |   UG  |
[   24.025056] cloud-init[1046]: ci-info: |   1   |   10.0.2.0   | 0.0.0.0  | 255.255.255.0 |   enp0s3  |   U   |
[   24.025118] cloud-init[1046]: ci-info: |   2   | 192.168.10.0 | 0.0.0.0  | 255.255.255.0 |   enp0s8  |   U   |
[   24.025183] cloud-init[1046]: ci-info: +-------+--------------+----------+---------------+-----------+-------+
[[0;32m  OK  [0m] Reached target Paths.
[[0;32m  OK  [0m] Started Daily Cleanup of Temporary Directories.
[[0;32m  OK  [0m] Started Timer to automatically refresh installed snaps.
[[0;32m  OK  [0m] Reached target Network is Online.
         Starting iSCSI initiator daemon (iscsid)...
[[0;32m  OK  [0m] Started Daily apt download activities.
[[0;32m  OK  [0m] Started Daily apt upgrade and clean activities.
[[0;32m  OK  [0m] Reached target Timers.
[[0;32m  OK  [0m] Listening on LXD - unix socket.
[[0;32m  OK  [0m] Listening on Socket activation for snappy daemon.
[[0;32m  OK  [0m] Reached target Sockets.
[[0;32m  OK  [0m] Reached target Basic System.
[[0;32m  OK  [0m] Started Unattended Upgrades Shutdown.
         Starting LSB: MD monitoring daemon...
         Starting LSB: Record successful boot for GRUB...
         Starting Snappy daemon...
         Starting Accounts Service...
[[0;32m  OK  [0m] Started Regular background program processing daemon.
[[0;32m  OK  [0m] Started Deferred execution scheduler.
         Starting OpenBSD Secure Shell server...
         Starting Apply the settings specified in cloud-config...
         Starting Login Service...
[[0;32m  OK  [0m] Started FUSE filesystem for LXC.
         Starting /etc/rc.local Compatibility...
[[0;32m  OK  [0m] Started ACPI event daemon.
         Starting System Logging Service...
[[0;32m  OK  [0m] Started D-Bus System Message Bus.
         Starting LXD - container startup/shutdown...
[[0;32m  OK  [0m] Started Snappy daemon.
[[0;32m  OK  [0m] Started OpenBSD Secure Shell server.
[[0;32m  OK  [0m] Started System Logging Service.
[[0;32m  OK  [0m] Started iSCSI initiator daemon (iscsid).
[[0;32m  OK  [0m] Started /etc/rc.local Compatibility.
[[0;32m  OK  [0m] Started LSB: Record successful boot for GRUB.
[[0;32m  OK  [0m] Started LSB: MD monitoring daemon.
[[0;32m  OK  [0m] Started Login Service.
         Starting Authenticate and Authorize Users to Run Privileged Tasks...
         Starting Login to default iSCSI targets...
         Starting Auto import assertions from block devices...
[[0;32m  OK  [0m] Started LXD - container startup/shutdown.
[[0;32m  OK  [0m] Started Login to default iSCSI targets.
[[0;32m  OK  [0m] Started Auto import assertions from block devices.
[[0;32m  OK  [0m] Started Authenticate and Authorize Users to Run Privileged Tasks.
[[0;32m  OK  [0m] Started Accounts Service.
[[0;32m  OK  [0m] Reached target Remote File Systems (Pre).
[[0;32m  OK  [0m] Reached target Remote File Systems.
         Starting LSB: Set the CPU Frequency Scaling governor to "ondemand"...
         Starting LSB: daemon to balance interrupts for SMP systems...
         Starting LSB: automatic crash report generation...
         Starting LSB: VirtualBox Linux Additions...
         Starting Permit User Sessions...
[[0;32m  OK  [0m] Started Permit User Sessions.
[[0;32m  OK  [0m] Started LSB: Set the CPU Frequency Scaling governor to "ondemand".
         Starting Terminate Plymouth Boot Screen...
         Starting Hold until boot process finishes up...
[[0;32m  OK  [0m] Started LSB: daemon to balance interrupts for SMP systems.
[[0;32m  OK  [0m] Started LSB: automatic crash report generation.
[[0;32m  OK  [0m] Started LSB: VirtualBox Linux Additions.
[[0;32m  OK  [0m] Started Terminate Plymouth Boot Screen.
[[0;32m  OK  [0m] Started Hold until boot process finishes up.
[[0;32m  OK  [0m] Started Getty on tty1.
[[0;32m  OK  [0m] Started Serial Getty on ttyS0.
[[0;32m  OK  [0m] Reached target Login Prompts.
         Starting Set console scheme...
[[0;32m  OK  [0m] Reached target Multi-User System.
[[0;32m  OK  [0m] Reached target Graphical Interface.
         Starting Update UTMP about System Runlevel Changes...
[[0;32m  OK  [0m] Started Set console scheme.
[[0;32m  OK  [0m] Started Update UTMP about System Runlevel Changes.
[[0;32m  OK  [0m] Created slice User Slice of ubuntu.
         Starting User Manager for UID 1000...
[[0;32m  OK  [0m] Started Session 1 of user ubuntu.
[[0;32m  OK  [0m] Started User Manager for UID 1000.
[   27.232713] cloud-init[1130]: Cloud-init v. 0.7.9 running 'modules:config' at Mon, 23 Oct 2017 21:08:42 +0000. Up 26.81 seconds.
[[0;32m  OK  [0m] Started Apply the settings specified in cloud-config.
         Starting Execute cloud user/final scripts...
[   28.618663] cloud-init[1351]: Cloud-init v. 0.7.9 running 'modules:final' at Mon, 23 Oct 2017 21:08:43 +0000. Up 28.04 seconds.
[   28.637541] cloud-init[1351]: Cloud-init v. 0.7.9 finished at Mon, 23 Oct 2017 21:08:43 +0000. Datasource DataSourceNoCloud [seed=/dev/sdb][dsmode=net].  Up 28.60 seconds
[[0;32m  OK  [0m] Started Execute cloud user/final scripts.
[[0;32m  OK  [0m] Reached target Cloud-init target.

Ubuntu 16.04.3 LTS ubuntu-xenial ttyS0

ubuntu-xenial login: 