[    0.000000] Initializing cgroup subsys cpuset
[    0.000000] Initializing cgroup subsys cpu
[    0.000000] Initializing cgroup subsys cpuacct
[    0.000000] Linux version 4.4.0-97-generic (buildd@lcy01-33) (gcc version 5.4.0 20160609 (Ubuntu 5.4.0-6ubuntu1~16.04.4) ) #120-Ubuntu SMP Tue Sep 19 17:28:18 UTC 2017 (Ubuntu 4.4.0-97.120-generic 4.4.87)
[    0.000000] Command line: BOOT_IMAGE=/boot/vmlinuz-4.4.0-97-generic root=LABEL=cloudimg-rootfs ro console=tty1 console=ttyS0
[    0.000000] KERNEL supported cpus:
[    0.000000]   Intel GenuineIntel
[    0.000000]   AMD AuthenticAMD
[    0.000000]   Centaur CentaurHauls
[    0.000000] x86/fpu: xstate_offset[2]:  576, xstate_sizes[2]:  256
[    0.000000] x86/fpu: Supporting XSAVE feature 0x01: 'x87 floating point registers'
[    0.000000] x86/fpu: Supporting XSAVE feature 0x02: 'SSE registers'
[    0.000000] x86/fpu: Supporting XSAVE feature 0x04: 'AVX registers'
[    0.000000] x86/fpu: Enabled xstate features 0x7, context size is 832 bytes, using 'standard' format.
[    0.000000] x86/fpu: Using 'lazy' FPU context switches.
[    0.000000] e820: BIOS-provided physical RAM map:
[    0.000000] BIOS-e820: [mem 0x0000000000000000-0x000000000009fbff] usable
[    0.000000] BIOS-e820: [mem 0x000000000009fc00-0x000000000009ffff] reserved
[    0.000000] BIOS-e820: [mem 0x00000000000f0000-0x00000000000fffff] reserved
[    0.000000] BIOS-e820: [mem 0x0000000000100000-0x000000003ffeffff] usable
[    0.000000] BIOS-e820: [mem 0x000000003fff0000-0x000000003fffffff] ACPI data
[    0.000000] BIOS-e820: [mem 0x00000000fec00000-0x00000000fec00fff] reserved
[    0.000000] BIOS-e820: [mem 0x00000000fee00000-0x00000000fee00fff] reserved
[    0.000000] BIOS-e820: [mem 0x00000000fffc0000-0x00000000ffffffff] reserved
[    0.000000] NX (Execute Disable) protection: active
[    0.000000] SMBIOS 2.5 present.
[    0.000000] Hypervisor detected: KVM
[    0.000000] e820: last_pfn = 0x3fff0 max_arch_pfn = 0x400000000
[    0.000000] MTRR: Disabled
[    0.000000] x86/PAT: MTRRs disabled, skipping PAT initialization too.
[    0.000000] CPU MTRRs all blank - virtualized system.
[    0.000000] x86/PAT: Configuration [0-7]: WB  WT  UC- UC  WB  WT  UC- UC  
[    0.000000] found SMP MP-table at [mem 0x0009fff0-0x0009ffff] mapped at [ffff88000009fff0]
[    0.000000] Scanning 1 areas for low memory corruption
[    0.000000] RAMDISK: [mem 0x36adc000-0x37565fff]
[    0.000000] ACPI: Early table checksum verification disabled
[    0.000000] ACPI: RSDP 0x00000000000E0000 000024 (v02 VBOX  )
[    0.000000] ACPI: XSDT 0x000000003FFF0030 00003C (v01 VBOX   VBOXXSDT 00000001 ASL  00000061)
[    0.000000] ACPI: FACP 0x000000003FFF00F0 0000F4 (v04 VBOX   VBOXFACP 00000001 ASL  00000061)
[    0.000000] ACPI: DSDT 0x000000003FFF0470 0021FF (v02 VBOX   VBOXBIOS 00000002 INTL 20100528)
[    0.000000] ACPI: FACS 0x000000003FFF0200 000040
[    0.000000] ACPI: FACS 0x000000003FFF0200 000040
[    0.000000] ACPI: APIC 0x000000003FFF0240 00005C (v02 VBOX   VBOXAPIC 00000001 ASL  00000061)
[    0.000000] ACPI: SSDT 0x000000003FFF02A0 0001CC (v01 VBOX   VBOXCPUT 00000002 INTL 20100528)
[    0.000000] No NUMA configuration found
[    0.000000] Faking a node at [mem 0x0000000000000000-0x000000003ffeffff]
[    0.000000] NODE_DATA(0) allocated [mem 0x3ffeb000-0x3ffeffff]
[    0.000000] kvm-clock: Using msrs 4b564d01 and 4b564d00
[    0.000000] kvm-clock: cpu 0, msr 0:3ffe3001, primary cpu clock
[    0.000000] kvm-clock: using sched offset of 3199341233 cycles
[    0.000000] clocksource: kvm-clock: mask: 0xffffffffffffffff max_cycles: 0x1cd42e4dffb, max_idle_ns: 881590591483 ns
[    0.000000] Zone ranges:
[    0.000000]   DMA      [mem 0x0000000000001000-0x0000000000ffffff]
[    0.000000]   DMA32    [mem 0x0000000001000000-0x000000003ffeffff]
[    0.000000]   Normal   empty
[    0.000000]   Device   empty
[    0.000000] Movable zone start for each node
[    0.000000] Early memory node ranges
[    0.000000]   node   0: [mem 0x0000000000001000-0x000000000009efff]
[    0.000000]   node   0: [mem 0x0000000000100000-0x000000003ffeffff]
[    0.000000] Initmem setup node 0 [mem 0x0000000000001000-0x000000003ffeffff]
[    0.000000] ACPI: PM-Timer IO Port: 0x4008
[    0.000000] IOAPIC[0]: apic_id 2, version 32, address 0xfec00000, GSI 0-23
[    0.000000] ACPI: INT_SRC_OVR (bus 0 bus_irq 0 global_irq 2 dfl dfl)
[    0.000000] ACPI: INT_SRC_OVR (bus 0 bus_irq 9 global_irq 9 high level)
[    0.000000] Using ACPI (MADT) for SMP configuration information
[    0.000000] smpboot: Allowing 2 CPUs, 0 hotplug CPUs
[    0.000000] PM: Registered nosave memory: [mem 0x00000000-0x00000fff]
[    0.000000] PM: Registered nosave memory: [mem 0x0009f000-0x0009ffff]
[    0.000000] PM: Registered nosave memory: [mem 0x000a0000-0x000effff]
[    0.000000] PM: Registered nosave memory: [mem 0x000f0000-0x000fffff]
[    0.000000] e820: [mem 0x40000000-0xfebfffff] available for PCI devices
[    0.000000] Booting paravirtualized kernel on KVM
[    0.000000] clocksource: refined-jiffies: mask: 0xffffffff max_cycles: 0xffffffff, max_idle_ns: 7645519600211568 ns
[    0.000000] setup_percpu: NR_CPUS:512 nr_cpumask_bits:512 nr_cpu_ids:2 nr_node_ids:1
[    0.000000] PERCPU: Embedded 34 pages/cpu @ffff88003fc00000 s98328 r8192 d32744 u1048576
[    0.000000] PV qspinlock hash table entries: 256 (order: 0, 4096 bytes)
[    0.000000] Built 1 zonelists in Node order, mobility grouping on.  Total pages: 257913
[    0.000000] Policy zone: DMA32
[    0.000000] Kernel command line: BOOT_IMAGE=/boot/vmlinuz-4.4.0-97-generic root=LABEL=cloudimg-rootfs ro console=tty1 console=ttyS0
[    0.000000] PID hash table entries: 4096 (order: 3, 32768 bytes)
[    0.000000] Memory: 1001772K/1048120K available (8480K kernel code, 1294K rwdata, 3984K rodata, 1492K init, 1316K bss, 46348K reserved, 0K cma-reserved)
[    0.000000] SLUB: HWalign=64, Order=0-3, MinObjects=0, CPUs=2, Nodes=1
[    0.000000] Hierarchical RCU implementation.
[    0.000000] 	Build-time adjustment of leaf fanout to 64.
[    0.000000] 	RCU restricting CPUs from NR_CPUS=512 to nr_cpu_ids=2.
[    0.000000] RCU: Adjusting geometry for rcu_fanout_leaf=64, nr_cpu_ids=2
[    0.000000] NR_IRQS:33024 nr_irqs:440 16
[    0.000000] Console: colour VGA+ 80x25
[    0.000000] console [tty1] enabled
[    0.000000] console [ttyS0] enabled
[    0.000000] tsc: Detected 1599.999 MHz processor
[    3.376693] Calibrating delay loop (skipped) preset value.. 3199.99 BogoMIPS (lpj=6399996)
[    3.435007] pid_max: default: 32768 minimum: 301
[    3.449493] ACPI: Core revision 20150930
[    3.506619] ACPI: 2 ACPI AML tables successfully acquired and loaded
[    3.567909] Security Framework initialized
[    3.598738] Yama: becoming mindful.
[    3.638000] AppArmor: AppArmor initialized
[    3.677122] Dentry cache hash table entries: 131072 (order: 8, 1048576 bytes)
[    3.679173] Inode-cache hash table entries: 65536 (order: 7, 524288 bytes)
[    3.739855] Mount-cache hash table entries: 2048 (order: 2, 16384 bytes)
[    3.792474] Mountpoint-cache hash table entries: 2048 (order: 2, 16384 bytes)
[    3.848691] Initializing cgroup subsys io
[    3.878006] Initializing cgroup subsys memory
[    3.884839] Initializing cgroup subsys devices
[    3.908977] Initializing cgroup subsys freezer
[    3.964633] Initializing cgroup subsys net_cls
[    3.997443] Initializing cgroup subsys perf_event
[    4.044585] Initializing cgroup subsys net_prio
[    4.073620] Initializing cgroup subsys hugetlb
[    4.114985] Initializing cgroup subsys pids
[    4.172296] CPU: Physical Processor ID: 0
[    4.213313] CPU: Processor Core ID: 0
[    4.215419] mce: CPU supports 0 MCE banks
[    4.260474] Last level iTLB entries: 4KB 64, 2MB 8, 4MB 8
[    4.322176] Last level dTLB entries: 4KB 64, 2MB 0, 4MB 0, 1GB 4
[    4.402567] Freeing SMP alternatives memory: 32K
[    4.462975] ftrace: allocating 32148 entries in 126 pages
[    4.515591] smpboot: APIC(0) Converting physical 0 to logical package 0
[    4.565712] smpboot: Max logical packages: 1
[    4.598005] x2apic enabled
[    4.634545] Switched APIC routing to physical x2apic.
[    4.690339] ..TIMER: vector=0x30 apic1=0 pin1=2 apic2=-1 pin2=-1
[    4.848498] smpboot: CPU0: Intel(R) Core(TM) i5-5250U CPU @ 1.60GHz (family: 0x6, model: 0x3d, stepping: 0x4)
[    4.949816] Performance Events: unsupported p6 CPU model 61 no PMU driver, software events only.
[    5.006684] KVM setup paravirtual spinlock
[    5.059622] x86: Booting SMP configuration:
[    5.090825] .... node  #0, CPUs:      #1
[    5.100168] kvm-clock: cpu 1, msr 0:3ffe3041, secondary cpu clock
[    5.106183] mce: CPU supports 0 MCE banks
[    5.110153] x86: Booted up 1 node, 2 CPUs
[    5.138894] smpboot: Total of 2 processors activated (6399.99 BogoMIPS)
[    5.213636] devtmpfs: initialized
[    5.240407] evm: security.selinux
[    5.252692] evm: security.SMACK64
[    5.271719] evm: security.SMACK64EXEC
[    5.307548] evm: security.SMACK64TRANSMUTE
[    5.340864] evm: security.SMACK64MMAP
[    5.347380] evm: security.ima
[    5.348300] evm: security.capability
[    5.358251] clocksource: jiffies: mask: 0xffffffff max_cycles: 0xffffffff, max_idle_ns: 7645041785100000 ns
[    5.428437] futex hash table entries: 512 (order: 3, 32768 bytes)
[    5.459671] pinctrl core: initialized pinctrl subsystem
[    5.505233] RTC time: 13:10:45, date: 10/23/17
[    5.542305] NET: Registered protocol family 16
[    5.570882] cpuidle: using governor ladder
[    5.623359] cpuidle: using governor menu
[    5.657554] PCCT header not found.
[    5.698359] ACPI: bus type PCI registered
[    5.732155] acpiphp: ACPI Hot Plug PCI Controller Driver version: 0.5
[    5.776627] PCI: Using configuration type 1 for base access
[    5.838240] ACPI: Added _OSI(Module Device)
[    5.865459] ACPI: Added _OSI(Processor Device)
[    5.897691] ACPI: Added _OSI(3.0 _SCP Extensions)
[    5.925809] ACPI: Added _OSI(Processor Aggregator Device)
[    5.928163] ACPI: Executed 1 blocks of module-level executable AML code
[    5.961247] ACPI: Interpreter enabled
[    5.984319] ACPI: (supports S0 S5)
[    5.988679] ACPI: Using IOAPIC for interrupt routing
[    5.996021] PCI: Using host bridge windows from ACPI; if necessary, use "pci=nocrs" and report a bug
[    6.026123] ACPI: PCI Root Bridge [PCI0] (domain 0000 [bus 00-ff])
[    6.045198] acpi PNP0A03:00: _OSC: OS supports [ASPM ClockPM Segments MSI]
[    6.051263] acpi PNP0A03:00: _OSC: not requesting OS control; OS requires [ExtendedConfig ASPM ClockPM MSI]
[    6.067179] acpi PNP0A03:00: fail to add MMCONFIG information, can't access extended PCI configuration space under this bridge.
[    6.070242] PCI host bridge to bus 0000:00
[    6.074593] pci_bus 0000:00: root bus resource [io  0x0000-0x0cf7 window]
[    6.076310] pci_bus 0000:00: root bus resource [io  0x0d00-0xffff window]
[    6.091658] pci_bus 0000:00: root bus resource [mem 0x000a0000-0x000bffff window]
[    6.108289] pci_bus 0000:00: root bus resource [mem 0x40000000-0xffdfffff window]
[    6.160993] pci_bus 0000:00: root bus resource [bus 00-ff]
[    6.166866] pci 0000:00:01.1: legacy IDE quirk: reg 0x10: [io  0x01f0-0x01f7]
[    6.169506] pci 0000:00:01.1: legacy IDE quirk: reg 0x14: [io  0x03f6]
[    6.177432] pci 0000:00:01.1: legacy IDE quirk: reg 0x18: [io  0x0170-0x0177]
[    6.185928] pci 0000:00:01.1: legacy IDE quirk: reg 0x1c: [io  0x0376]
[    6.212100] pci 0000:00:07.0: quirk: [io  0x4000-0x403f] claimed by PIIX4 ACPI
[    6.258277] pci 0000:00:07.0: quirk: [io  0x4100-0x410f] claimed by PIIX4 SMB
[    6.292612] ACPI: PCI Interrupt Link [LNKA] (IRQs 5 9 10 *11)
[    6.354164] ACPI: PCI Interrupt Link [LNKB] (IRQs 5 9 10 *11)
[    6.373394] ACPI: PCI Interrupt Link [LNKC] (IRQs 5 9 *10 11)
[    6.428437] ACPI: PCI Interrupt Link [LNKD] (IRQs 5 *9 10 11)
[    6.481509] ACPI: Enabled 2 GPEs in block 00 to 07
[    6.535057] vgaarb: setting as boot device: PCI:0000:00:02.0
[    6.573322] vgaarb: device added: PCI:0000:00:02.0,decodes=io+mem,owns=io+mem,locks=none
[    6.639125] vgaarb: loaded
[    6.668602] vgaarb: bridge control possible 0000:00:02.0
[    6.713697] SCSI subsystem initialized
[    6.749461] ACPI: bus type USB registered
[    6.788176] usbcore: registered new interface driver usbfs
[    6.838797] usbcore: registered new interface driver hub
[    6.881890] usbcore: registered new device driver usb
[    6.905023] PCI: Using ACPI for IRQ routing
[    6.941153] NetLabel: Initializing
[    6.971639] NetLabel:  domain hash size = 128
[    7.019021] NetLabel:  protocols = UNLABELED CIPSOv4
[    7.049865] NetLabel:  unlabeled traffic allowed by default
[    7.063316] amd_nb: Cannot enumerate AMD northbridges
[    7.110702] clocksource: Switched to clocksource kvm-clock
[    7.164674] AppArmor: AppArmor Filesystem Enabled
[    7.254027] pnp: PnP ACPI init
[    7.309690] pnp: PnP ACPI: found 3 devices
[    7.389840] clocksource: acpi_pm: mask: 0xffffff max_cycles: 0xffffff, max_idle_ns: 2085701024 ns
[    7.448939] NET: Registered protocol family 2
[    7.532862] TCP established hash table entries: 8192 (order: 4, 65536 bytes)
[    7.544424] TCP bind hash table entries: 8192 (order: 5, 131072 bytes)
[    7.546111] TCP: Hash tables configured (established 8192 bind 8192)
[    7.636190] UDP hash table entries: 512 (order: 2, 16384 bytes)
[    7.637689] UDP-Lite hash table entries: 512 (order: 2, 16384 bytes)
[    7.639643] NET: Registered protocol family 1
[    7.722544] pci 0000:00:00.0: Limiting direct PCI/PCI transfers
[    7.803615] pci 0000:00:01.0: Activating ISA DMA hang workarounds
[    7.908867] Unpacking initramfs...
[   10.170975] Freeing initrd memory: 10792K
[   10.242371] RAPL PMU detected, API unit is 2^-32 Joules, 4 fixed counters 10737418240 ms ovfl timer
[   10.279795] hw unit of domain pp0-core 2^-0 Joules
[   10.323421] hw unit of domain package 2^-0 Joules
[   10.363271] hw unit of domain dram 2^-0 Joules
[   10.407569] hw unit of domain pp1-gpu 2^-0 Joules
[   10.454030] platform rtc_cmos: registered platform RTC device (no PNP device found)
[   10.515705] Scanning for low memory corruption every 60 seconds
[   10.525546] audit: initializing netlink subsys (disabled)
[   10.531530] audit: type=2000 audit(1508764249.451:1): initialized
[   10.543923] Initialise system trusted keyring
[   10.550115] HugeTLB registered 2 MB page size, pre-allocated 0 pages
[   10.566467] zbud: loaded
[   10.576220] VFS: Disk quotas dquot_6.6.0
[   10.583111] VFS: Dquot-cache hash table entries: 512 (order 0, 4096 bytes)
[   10.593376] squashfs: version 4.0 (2009/01/31) Phillip Lougher
[   10.602671] fuse init (API version 7.23)
[   10.618658] Key type big_key registered
[   10.636689] Allocating IMA MOK and blacklist keyrings.
[   10.662132] Key type asymmetric registered
[   10.680300] Asymmetric key parser 'x509' registered
[   10.681930] Block layer SCSI generic (bsg) driver version 0.4 loaded (major 249)
[   10.720117] io scheduler noop registered
[   10.725714] io scheduler deadline registered (default)
[   10.729695] io scheduler cfq registered
[   10.731257] pci_hotplug: PCI Hot Plug PCI Core version: 0.5
[   10.787323] pciehp: PCI Express Hot Plug Controller Driver version: 0.4
[   10.857561] ACPI: AC Adapter [AC] (on-line)
[   10.906465] input: Power Button as /devices/LNXSYSTM:00/LNXPWRBN:00/input/input0
[   10.985255] ACPI: Power Button [PWRF]
[   11.046044] input: Sleep Button as /devices/LNXSYSTM:00/LNXSLPBN:00/input/input1
[   11.097933] ACPI: Sleep Button [SLPF]
[   11.099515] GHES: HEST is not enabled!
[   11.124325] ACPI: Battery Slot [BAT0] (battery present)
[   11.192046] Serial: 8250/16550 driver, 32 ports, IRQ sharing enabled
[   11.216150] 00:02: ttyS0 at I/O 0x3f8 (irq = 4, base_baud = 115200) is a 16550A
[   11.274160] Linux agpgart interface v0.103
[   11.344672] loop: module loaded
[   11.375260] scsi host0: ata_piix
[   11.407064] scsi host1: ata_piix
[   11.420373] ata1: PATA max UDMA/33 cmd 0x1f0 ctl 0x3f6 bmdma 0xd000 irq 14
[   11.513614] ata2: PATA max UDMA/33 cmd 0x170 ctl 0x376 bmdma 0xd008 irq 15
[   11.591341] tsc: Refined TSC clocksource calibration: 1599.860 MHz
[   11.648971] clocksource: tsc: mask: 0xffffffffffffffff max_cycles: 0x170fa0a9d8e, max_idle_ns: 440795251482 ns
[   11.649524] libphy: Fixed MDIO Bus: probed
[   11.649529] tun: Universal TUN/TAP device driver, 1.6
[   11.649529] tun: (C) 1999-2004 Max Krasnyansky <maxk@qualcomm.com>
[   11.649606] PPP generic driver version 2.4.2
[   11.649712] ehci_hcd: USB 2.0 'Enhanced' Host Controller (EHCI) Driver
[   11.649719] ehci-pci: EHCI PCI platform driver
[   11.649765] ehci-platform: EHCI generic platform driver
[   11.649778] ohci_hcd: USB 1.1 'Open' Host Controller (OHCI) Driver
[   11.649783] ohci-pci: OHCI PCI platform driver
[   11.649797] ohci-platform: OHCI generic platform driver
[   11.649810] uhci_hcd: USB Universal Host Controller Interface driver
[   11.649921] i8042: PNP: PS/2 Controller [PNP0303:PS2K,PNP0f03:PS2M] at 0x60,0x64 irq 1,12
[   11.650638] serio: i8042 KBD port at 0x60,0x64 irq 1
[   11.650647] serio: i8042 AUX port at 0x60,0x64 irq 12
[   11.650892] mousedev: PS/2 mouse device common for all mice
[   11.651264] input: AT Translated Set 2 keyboard as /devices/platform/i8042/serio0/input/input2
[   11.651849] rtc_cmos rtc_cmos: rtc core: registered rtc_cmos as rtc0
[   11.651929] rtc_cmos rtc_cmos: alarms up to one day, 114 bytes nvram
[   11.651938] i2c /dev entries driver
[   11.652009] device-mapper: uevent: version 1.0.3
[   11.652099] device-mapper: ioctl: 4.34.0-ioctl (2015-10-28) initialised: dm-devel@redhat.com
[   11.652118] ledtrig-cpu: registered to indicate activity on CPUs
[   11.652575] NET: Registered protocol family 10
[   11.652784] NET: Registered protocol family 17
[   11.652806] Key type dns_resolver registered
[   11.653006] microcode: CPU0 sig=0x306d4, pf=0x40, revision=0x0
[   11.656703] microcode: CPU1 sig=0x306d4, pf=0x40, revision=0x0
[   11.656800] microcode: Microcode Update Driver: v2.01 <tigran@aivazian.fsnet.co.uk>, Peter Oruba
[   11.657006] registered taskstats version 1
[   11.657031] Loading compiled-in X.509 certificates
[   11.658094] Loaded X.509 cert 'Build time autogenerated kernel key: d1010f9627fd9242df4b03365d2931dfd1ad3d42'
[   11.658138] zswap: loaded using pool lzo/zbud
[   11.660615] Key type trusted registered
[   11.665049] Key type encrypted registered
[   11.665057] AppArmor: AppArmor sha1 policy hashing enabled
[   11.665061] ima: No TPM chip found, activating TPM-bypass!
[   11.665090] evm: HMAC attrs: 0x1
[   11.665610]   Magic number: 5:747:180
[   11.670249] rtc_cmos rtc_cmos: setting system clock to 2017-10-23 13:10:51 UTC (1508764251)
[   11.670407] BIOS EDD facility v0.16 2004-Jun-25, 0 devices found
[   11.670408] EDD information not available.
[   12.827249] Freeing unused kernel memory: 1492K
[   12.904573] Write protecting the kernel read-only data: 14336k
[   12.932328] Freeing unused kernel memory: 1748K
[   12.947490] Freeing unused kernel memory: 112K
Loading, please wait...
starting version[   12.990828] random: systemd-udevd: uninitialized urandom read (16 bytes read, 7 bits of entropy available)
 229
[   12.991500] random: udevadm: uninitialized urandom read (16 bytes read, 7 bits of entropy available)
[   12.991539] random: udevadm: uninitialized urandom read (16 bytes read, 7 bits of entropy available)
[   12.991667] random: udevadm: uninitialized urandom read (16 bytes read, 7 bits of entropy available)
[   12.991712] random: udevadm: uninitialized urandom read (16 bytes read, 7 bits of entropy available)
[   12.991754] random: udevadm: uninitialized urandom read (16 bytes read, 7 bits of entropy available)
[   12.991799] random: udevadm: uninitialized urandom read (16 bytes read, 7 bits of entropy available)
[   12.991883] random: udevadm: uninitialized urandom read (16 bytes read, 7 bits of entropy available)
[   12.991943] random: udevadm: uninitialized urandom read (16 bytes read, 7 bits of entropy available)
[   12.991988] random: udevadm: uninitialized urandom read (16 bytes read, 7 bits of entropy available)
[   13.314288] e1000: Intel(R) PRO/1000 Network Driver - version 7.3.21-k8-NAPI
[   13.334462] e1000: Copyright (c) 1999-2006 Intel Corporation.
[   13.345077] Fusion MPT base driver 3.04.20
[   13.361296] Copyright (c) 1999-2008 LSI Corporation
[   13.387496] Fusion MPT SPI Host driver 3.04.20
[   13.406138] AVX version of gcm_enc/dec engaged.
[   13.446081] AES CTR mode by8 optimization enabled
[   13.682489] input: ImExPS/2 Generic Explorer Mouse as /devices/platform/i8042/serio1/input/input4
[   13.801314] e1000 0000:00:03.0 eth0: (PCI:33MHz:32-bit) 02:14:68:3e:84:47
[   13.831614] e1000 0000:00:03.0 eth0: Intel(R) PRO/1000 Network Connection
[   14.280720] e1000 0000:00:08.0 eth1: (PCI:33MHz:32-bit) 08:00:27:c3:8e:2f
[   14.363743] e1000 0000:00:08.0 eth1: Intel(R) PRO/1000 Network Connection
[   14.426370] mptbase: ioc0: Initiating bringup
[   14.426632] e1000 0000:00:03.0 enp0s3: renamed from eth0
[   14.523352] e1000 0000:00:08.0 enp0s8: renamed from eth1
[   14.623150] ioc0: LSI53C1030 A0: Capabilities={Initiator}
[   14.818918] scsi host2: ioc0: LSI53C1030 A0, FwRev=00000000h, Ports=1, MaxQ=256, IRQ=20
[   14.956629] scsi 2:0:0:0: Direct-Access     VBOX     HARDDISK         1.0  PQ: 0 ANSI: 5
[   15.011892] scsi target2:0:0: Beginning Domain Validation
[   15.072147] scsi target2:0:0: Domain Validation skipping write tests
[   15.082107] scsi target2:0:0: Ending Domain Validation
[   15.096615] scsi target2:0:0: asynchronous
[   15.098376] scsi 2:0:1:0: Direct-Access     VBOX     HARDDISK         1.0  PQ: 0 ANSI: 5
[   15.216206] scsi target2:0:1: Beginning Domain Validation
[   15.301019] scsi target2:0:1: Domain Validation skipping write tests
[   15.410861] scsi target2:0:1: Ending Domain Validation
[   15.447784] scsi target2:0:1: asynchronous
[   15.527027] sd 2:0:0:0: [sda] 20971520 512-byte logical blocks: (10.7 GB/10.0 GiB)
[   15.527030] sd 2:0:0:0: Attached scsi generic sg0 type 0
[   15.594987] sd 2:0:1:0: Attached scsi generic sg1 type 0
[   15.711759] sd 2:0:1:0: [sdb] 20480 512-byte logical blocks: (10.5 MB/10.0 MiB)
[   15.711902] sd 2:0:0:0: [sda] Write Protect is off
[   15.712021] sd 2:0:0:0: [sda] Incomplete mode parameter data
[   15.712022] sd 2:0:0:0: [sda] Assuming drive cache: write through
[   15.877113]  sda: sda1
[   15.878086] sd 2:0:0:0: [sda] Attached SCSI disk
[   15.974863] sd 2:0:1:0: [sdb] Write Protect is off
[   16.042128] sd 2:0:1:0: [sdb] Incomplete mode parameter data
[   16.068192] sd 2:0:1:0: [sdb] Assuming drive cache: write through
[   16.083298] sd 2:0:1:0: [sdb] Attached SCSI disk
[   16.360568] floppy0: no floppy controllers found
Begin: Loading e[   17.840940] md: linear personality registered for level -1
ssential drivers[   17.872799] md: multipath personality registered for level -4
 ... [   17.928126] md: raid0 personality registered for level 0
[   17.933057] md: raid1 personality registered for level 1
[   18.047058] raid6: sse2x1   gen()  6574 MB/s
[   18.122718] raid6: sse2x1   xor()  5101 MB/s
[   18.242859] raid6: sse2x2   gen()  8881 MB/s
[   18.342987] raid6: sse2x2   xor()  6155 MB/s
[   18.423422] raid6: sse2x4   gen() 11021 MB/s
[   18.534846] raid6: sse2x4   xor()  5432 MB/s
[   18.568539] raid6: using algorithm sse2x4 gen() 11021 MB/s
[   18.581306] raid6: .... xor() 5432 MB/s, rmw enabled
[   18.593958] raid6: using ssse3x2 recovery algorithm
[   18.619054] xor: automatically using best checksumming function:
[   18.698800]    avx       : 17243.000 MB/sec
[   18.730421] async_tx: api initialized (async)
[   18.784262] md: raid6 personality registered for level 6
[   18.818727] md: raid5 personality registered for level 5
[   18.847515] md: raid4 personality registered for level 4
[   18.855432] md: raid10 personality registered for level 10
done.
Begin: Running /scripts/init-premount ... done.
Begin: Mounting root file system ... Beg[   18.899940] Btrfs loaded
in: Running /scripts/local-top ... done.
Begin: Running /scripts/local-premount[   18.972143] EXT4-fs (sda1): mounted filesystem with ordered data mode. Opts: (null)
 ... Scanning for Btrfs filesystems
done.
Warning: fsck not present, so skipping root file system
done.
Begin: Running /scripts/local-bottom ... done.
Begin: Running /scripts/init-bottom ... done.
[   19.137303] systemd[1]: systemd 229 running in system mode. (+PAM +AUDIT +SELINUX +IMA +APPARMOR +SMACK +SYSVINIT +UTMP +LIBCRYPTSETUP +GCRYPT +GNUTLS +ACL +XZ -LZ4 +SECCOMP +BLKID +ELFUTILS +KMOD -IDN)
[   19.306039] systemd[1]: Detected virtualization oracle.
[   19.371690] systemd[1]: Detected architecture x86-64.

Welcome to [1mUbuntu 16.04.3 LTS[0m!

[   19.453166] systemd[1]: Set hostname to <ubuntu>.
[   19.472644] systemd[1]: Initializing machine ID from random generator.
[   19.518402] systemd[1]: Installed transient /etc/machine-id file.
[   19.766347] systemd[1]: Listening on LVM2 poll daemon socket.
[[0;32m  OK  [0m] Listening on LVM2 poll daemon socket.
[   19.869535] systemd[1]: Started Trigger resolvconf update for networkd DNS.
[[0;32m  OK  [0m] Started Trigger resolvconf update for networkd DNS.
[   19.951758] systemd[1]: Started Forward Password Requests to Wall Directory Watch.
[[0;32m  OK  [0m] Started Forward Password Requests to Wall Directory Watch.
[   20.047617] systemd[1]: Set up automount Arbitrary Executable File Formats File System Automount Point.
[[0;32m  OK  [0m] Set up automount Arbitrary Executab...ats File System Automount Point.
[   20.144444] systemd[1]: Reached target Swap.
[[0;32m  OK  [0m] Reached target Swap.
[   20.195550] systemd[1]: Listening on LVM2 metadata daemon socket.
[[0;32m  OK  [0m] Listening on LVM2 metadata daemon socket.
[   20.227663] systemd[1]: Listening on Journal Audit Socket.
[[0;32m  OK  [0m] Listening on Journal Audit Socket.
[   20.304252] systemd[1]: Created slice System Slice.
[[0;32m  OK  [0m] Created slice System Slice.
[   20.359703] systemd[1]: Created slice system-serial\x2dgetty.slice.
[[0;32m  OK  [0m] Created slice system-serial\x2dgetty.slice.
[   20.451993] systemd[1]: Reached target User and Group Name Lookups.
[[0;32m  OK  [0m] Reached target User and Group Name Lookups.
[   20.494156] systemd[1]: Listening on Journal Socket.
[[0;32m  OK  [0m] Listening on Journal Socket.
[   20.539657] systemd[1]: Mounting Debug File System...
[   20.540488] random: nonblocking pool is initialized
         Mounting Debug File System...
[   20.643686] systemd[1]: Starting Remount Root and Kernel File Systems...
         Startin[   20.693676] EXT4-fs (sda1): re-mounted. Opts: (null)
g Remount Root and Kernel File Systems...
[   20.775230] systemd[1]: Starting Create list of required static device nodes for the current kernel...
         Starting Create list of required st... nodes for the current kernel...
[   20.831872] systemd[1]: Starting Load Kernel Modules...
         Starting Load Kernel Modules...
[   20.856947] systemd[1]: Starting Uncomplicated firewall...
[   20.894794] Loading iSCSI transport class v2.0-870.
         Starting Uncomplicated firewall...
[   20.906680] iscsi: registered transport (tcp)
[   20.954850] systemd[1]: Mounting POSIX Message Queue File System...
         Mountin[   20.968451] iscsi: registered transport (iser)
g POSIX Message Queue File System...
[   21.001693] systemd[1]: Starting Set console keymap...
         Starting Set console keymap...
[   21.079126] systemd[1]: Listening on Device-mapper event daemon FIFOs.
[[0;32m  OK  [0m] Listening on Device-mapper event daemon FIFOs.
[   21.191562] systemd[1]: Starting Monitoring of LVM2 mirrors, snapshots etc. using dmeventd or progress polling...
         Starting Monitoring of LVM2 mirrors... dmeventd or progress polling...
[   21.331608] systemd[1]: Mounting Huge Pages File System...
         Mounting Huge Pages File System...
[   21.407704] systemd[1]: Listening on /dev/initctl Compatibility Named Pipe.
[[0;32m  OK  [0m] Listening on /dev/initctl Compatibility Named Pipe.
[   21.471297] systemd[1]: Starting Nameserver information manager...
         Starting Nameserver information manager...
[   21.495405] systemd[1]: Listening on Journal Socket (/dev/log).
[[0;32m  OK  [0m] Listening on Journal Socket (/dev/log).
[   21.507565] systemd[1]: Created slice User and Session Slice.
[[0;32m  OK  [0m] Created slice User and Session Slice.
[   21.523157] systemd[1]: Reached target Slices.
[[0;32m  OK  [0m] Reached target Slices.
[   21.539682] systemd[1]: Listening on Syslog Socket.
[[0;32m  OK  [0m] Listening on Syslog Socket.
[   21.567146] systemd[1]: Starting Journal Service...
         Starting Journal Service...
[   21.591372] systemd[1]: Listening on udev Kernel Socket.
[[0;32m  OK  [0m] Listening on udev Kernel Socket.
[   21.607903] systemd[1]: Listening on udev Control Socket.
[[0;32m  OK  [0m] Listening on udev Control Socket.
[   21.610890] systemd[1]: Reached target Encrypted Volumes.
[[0;32m  OK  [0m] Reached target Encrypted Volumes.
[   21.632405] systemd[1]: Mounted Debug File System.
[[0;32m  OK  [0m] Mounted Debug File System.
[   21.640458] systemd[1]: Mounted Huge Pages File System.
[[0;32m  OK  [0m] Mounted Huge Pages File System.
[   21.647964] systemd[1]: Mounted POSIX Message Queue File System.
[[0;32m  OK  [0m] Mounted POSIX Message Queue File System.
[   21.683183] systemd[1]: Started Journal Service.
[[0;32m  OK  [0m] Started Journal Service.
[[0;32m  OK  [0m] Started Remount Root and Kernel File Systems.
[[0;32m  OK  [0m] Started Create list of required sta...ce nodes for the current kernel.
[[0;32m  OK  [0m] Started Load Kernel Modules.
[[0;32m  OK  [0m] Started Uncomplicated firewall.
[[0;32m  OK  [0m] Started Set console keymap.
[[0;32m  OK  [0m] Started Nameserver information manager.
[[0;32m  OK  [0m] Started LVM2 metadata daemon.
         Mounting FUSE Control File System...
         Starting Apply Kernel Variables...
         Starting Create Static Device Nodes in /dev...
         Starting Initial cloud-init job (pre-networking)...
         Starting Load/Save Random Seed...
         Starting udev Coldplug all Devices...
         Starting Flush Journal to Persistent Storage...
[[0;32m  OK  [0m] Mounted FUSE Control File System.
[[0;32m  OK  [0m] Started Apply Kernel Variables.
[[0;32m  OK  [0m] Started Create Static Device Nodes in /dev.
[[0;32m  OK  [0m] Started Load/Save Random Seed.
[[0;32m  OK  [0m] Started Flush Journal to Persistent Storage.
[[0;32m  OK  [0m] Started udev Coldplug all Devices.
         Starting udev Kernel Device Manager...
[[0;32m  OK  [0m] Started Monitoring of LVM2 mirrors,...ng dmeventd or progress polling.
[[0;32m  OK  [0m] Started udev Kernel Device Manager.
[[0;32m  OK  [0m] Started Dispatch Password Requests to Console Directory Watch.
[[0;32m  OK  [0m] Reached target Local File Systems (Pre).
[[0;32m  OK  [0m] Reached target Local File Systems.
         Starting Create Volatile Files and Directories...
         Starting LSB: AppArmor initialization...
         Starting Set console font and keymap...
         Starting Commit a transient machine-id on disk...
         Starting Tell Plymouth To Write Out Runtime Data...
[[0;32m  OK  [0m] Started Create Volatile Files and Directories.
[[0;32m  OK  [0m] Started Commit a transient machine-id on disk.
[[0;32m  OK  [0m] Started Tell Plymouth To Write Out Runtime Data.
[[0;32m  OK  [0m] Found device /dev/ttyS0.
[[0;32m  OK  [0m] Listening on Load/Save RF Kill Switch Status /dev/rfkill Watch.
[   17.371846] cloud-init[452]: Cloud-init v. 0.7.9 running 'init-local' at Mon, 23 Oct 2017 13:11:03 +0000. Up 16.78 seconds.
         Starting Update UTMP about System Boot/Shutdown...
[[0;32m  OK  [0m] Reached target System Time Synchronized.
[[0;32m  OK  [0m] Started Initial cloud-init job (pre-networking).
[[0;32m  OK  [0m] Started LSB: AppArmor initialization.
[[0;32m  OK  [0m] Started Set console font and keymap.
[[0;32m  OK  [0m] Started Update UTMP about System Boot/Shutdown.
[[0;32m  OK  [0m] Created slice system-getty.slice.
[[0;32m  OK  [0m] Reached target Network (Pre).
         Starting Raise network interfaces...
[[0;32m  OK  [0m] Started Raise network interfaces.
[[0;32m  OK  [0m] Reached target Network.
         Starting Initial cloud-init job (metadata service crawler)...
[   20.718187] cloud-init[943]: Cloud-init v. 0.7.9 running 'init' at Mon, 23 Oct 2017 13:11:06 +0000. Up 19.85 seconds.
[   20.760638] cloud-init[943]: ci-info: ++++++++++++++++++++++++++++++++++++++Net device info++++++++++++++++++++++++++++++++++++++
[   20.813027] cloud-init[943]: ci-info: +--------+-------+----------------------------+---------------+-------+-------------------+
[   20.813481] cloud-init[943]: ci-info: | Device |   Up  |          Address           |      Mask     | Scope |     Hw-Address    |
[[0;32m  OK  [0m] Started Initial cloud-init job (metadata service crawler).
[   20.813661] cloud-init[943]: ci-info: +--------+-------+----------------------------+---------------+-------+-------------------+
[   21.096858] cloud-init[943]: ci-info: | enp0s3 |  True |         10.0.2.15          | 255.255.255.0 |   .   | 02:14:68:3e:84:47 |
[   21.097423] cloud-init[943]: ci-info: | enp0s3 |  True | fe80::14:68ff:fe3e:8447/64 |       .       |  link | 02:14:68:3e:84:47 |
[[0;32m  OK  [0m] Reached target Network is Online.
[   21.097828] cloud-init[943]: ci-info: |   lo   |  True |         127.0.0.1          |   255.0.0.0   |   .   |         .         |
[   21.310942] cloud-init[943]: ci-info: |   lo   |  True |          ::1/128           |       .       |  host |         .         |
[   21.311629] cloud-init[943]: ci-info: | enp0s8 | False |             .              |       .       |   .   | 08:00:27:c3:8e:2f |
         Starting iSCSI initiator daemon (iscsid)...
[[   21.311995] cloud-init[943]: ci-info: +--------+-------+----------------------------+---------------+-------+-------------------+
[   21.473747] cloud-init[943]: ci-info: +++++++++++++++++++++++++++Route IPv4 info++++++++++++++++++++++++++++
[   21.474076] cloud-init[943]: ci-info: +-------+-------------+----------+---------------+-----------+-------+
[0;32m  OK  [0m] Reached target Cloud-config availability.
[[   21.474889] cloud-init[943]: ci-info: | Route | Destination | Gateway  |    Genmask    | Interface | Flags |
[   21.701201] cloud-init[943]: ci-info: +-------+-------------+----------+---------------+-----------+-------+
[0;32m  OK  [0m] Reached target System Initialization.
[   21.701547] cloud-init[943]: ci-info: |   0   |   0.0.0.0   | 10.0.2.2 |    0.0.0.0    |   enp0s3  |   UG  |
[   21.793349] cloud-init[943]: ci-info: |   1   |   10.0.2.0  | 0.0.0.0  | 255.255.255.0 |   enp0s3  |   U   |
[[0;32m  OK  [0m] Listening on ACPID Listen Socket.
[   21.793542] cloud-init[943]: ci-info: +-------+-------------+----------+---------------+-----------+-------+
[   21.947417] cloud-init[943]: Generating public/private rsa key pair.
[   21.947576] cloud-init[943]: Your identification has been saved in /etc/ssh/ssh_host_rsa_key.
         Starting Socket activation for snappy daemon.
[[   21.947899] cloud-init[943]: Your public key has been saved in /etc/ssh/ssh_host_rsa_key.pub.
[   22.053579] cloud-init[943]: The key fingerprint is:
[0;32m  OK  [0m] Started Daily apt download activities.
[[   22.053770] cloud-init[943]: SHA256:KTZlnYQQ+yrsYfUAPYurfae27uqtmC/CZT3pZhY3kns root@ubuntu-xenial
[0;32m  OK  [0m] Listening on UUID daemon activation socket.
[   22.152755] cloud-init[943]: The key's randomart image is:
[[0;32m  OK  [0m] Started Timer to automatically refresh installed snaps.
[[   22.249599] cloud-init[943]: +---[RSA 2048]----+
[   22.301972] cloud-init[943]: |      oo ..      |
[0;32m  OK  [0m] Started Daily apt upgrade and clean activities.
[   22.302323] cloud-init[943]: |     . ..o .     |
[   22.376581] cloud-init[943]: |    . + o o      |
[   22.377512] cloud-init[943]: |     o * .       |
         Starting LXD - unix socket.
[   22.377752] cloud-init[943]: |    o X S        |
[   22.481577] cloud-init[943]: |   + @ O         |
[[0;32m  OK  [0m] Started Timer to automatically fetch and run repair assertions.
[   22.481766] cloud-init[943]: |. o B B o        |
[   22.593568] cloud-init[943]: |...B XoE.        |
[[0;32m  OK  [0m] Started Daily Cleanup of Temporary Directories.
[[0;32m  OK  [0m[   22.593972] ] cloud-initReached target Timers.[943]: 
| .++@BB+         |
[   22.684880] cloud-init[943]: +----[SHA256]-----+
[   22.685359] cloud-init[943]: Generating public/private dsa key pair.
[[0;32m  OK  [0m] Started ACPI Events Check.
[[   22.685620] cloud-init[943]: Your identification has been saved in /etc/ssh/ssh_host_dsa_key.
[   22.765178] cloud-init[943]: Your public key has been saved in /etc/ssh/ssh_host_dsa_key.pub.
[0;32m  OK  [0m] Reached target Paths.
[   22.765362] cloud-init[943]: The key fingerprint is:
[   22.881076] cloud-init[943]: SHA256:pIzikkqAIG8zC3aMvb7vwBJbpuSzeacQeW2GQ8Lj/+c root@ubuntu-xenial
[[0;32m  OK  [0m] Listening on D-Bus System Message Bus Socket.
[   22.881308] cloud-init[943]: The key's randomart image is:
[   23.004034] cloud-init[943]: +---[DSA 1024]----+
[   23.004495] cloud-init[943]: |                 |
[[0;32m  OK  [0m] Listening on Socket activation for snappy daemon.
[   23.004756] cloud-init[943]: |.                |
[   23.077172] cloud-init[943]: |o+ .    .        |
[[0;32m  OK  [0m] Listening on LXD - unix socket.
[[   23.077409] cloud-init[943]: |=.O oo o         |
[   23.157265] cloud-init[943]: |+O*X.+o S        |
[0;32m  OK  [0m] Started iSCSI initiator daemon (iscsid).
[   23.157463] cloud-init[943]: |==%==            |
[   23.264239] cloud-init[943]: |oOo=             |
[   23.264674] cloud-init[943]: |o.B.o. .         |
         Starting Login to default iSCSI targets...
[   23.264921] cloud-init[943]: |.o.+*+oE         |
[   23.321262] cloud-init[943]: +----[SHA256]-----+
[[0;32m  OK  [0m] Reached target Sockets.
[   23.321477] cloud-init[943]: Generating public/private ecdsa key pair.
[   23.393433] cloud-init[943]: Your identification has been saved in /etc/ssh/ssh_host_ecdsa_key.
[[0;32m  OK  [0m] Reached target Basic System.
[   23.393628] cloud-init[943]: Your public key has been saved in /etc/ssh/ssh_host_ecdsa_key.pub.
[   23.592811] cloud-init[943]: The key fingerprint is:
[   23.593460] cloud-init[943]: SHA256:1tBqs3I9kv/V0Nj9420PoRAUh9h4FRyLyMQGTmqVE/Y root@ubuntu-xenial
         Starting Login Service...
[   23.593746] cloud-init[943]: The key's randomart image is:
[   23.740556] cloud-init[943]: +---[ECDSA 256]---+
[   23.741114] cloud-init[943]: |      *=.+o==o   |
         Starting /etc/rc.local Compatibility...
[   23.741450] cloud-init[943]: |     *o+=++o..   |
[   23.808476] cloud-init[943]: |    o .oE.+ .    |
[   23.808969] cloud-init[943]: |   .     + .   +.|
[[0;32m  OK  [0m] Started D-Bus System Message Bus.
[   23.809207] cloud-init[943]: |        S o   + +|
[   23.892791] cloud-init[943]: |       o = . . +.|
[   23.893323] cloud-init[943]: |      . = o . o.o|
         Starting Accounts Service...
[   23.893516] cloud-init[943]: |       o o . ...+|
[   23.980394] cloud-init[943]: |          ...  o+|
[   23.981027] cloud-init[943]: +----[SHA256]-----+
         Starting LSB: Record successful boot for GRUB...
[   23.981274] cloud-init[943]: Generating public/private ed25519 key pair.
[   24.079181] cloud-init[943]: Your identification has been saved in /etc/ssh/ssh_host_ed25519_key.
         Starting Pollinate to seed the pseudo random number generator...
[   24.079631] cloud-init[943]: Your public key has been saved in /etc/ssh/ssh_host_ed25519_key.pub.
[   24.257009] cloud-init[943]: The key fingerprint is:
[   24.257562] cloud-init[943]: SHA256:TlKLYB17VPpnYVLIy74D1pE0uCAes0n8WglbWn/Ah1s root@ubuntu-xenial
         Starting System Logging Service...
[   24.257885] cloud-init[943]: The key's randomart image is:
[   24.396593] cloud-init[943]: +--[ED25519 256]--+
[   24.397463]          cloud-initStarting LSB: MD monitoring daemon...[943]: 
|   .  ...=...    |
[   24.505708] cloud-init[943]: |    B.++=.E.     |
[   24.506139] cloud-init[943]: |   oo&o++O.+o    |
[[0;32m  OK  [0m] Started FUSE filesystem for LXC.
[   24.506370] cloud-init[943]: |   .*.+++o*o .   |
[   24.612519] cloud-init[943]: |     oo S+..o    |
[   24.648941] cloud-init[943]: |    .  +o oo     |
         Starting Apply the settings specified in cloud-config...
[   24.657551] cloud-init[943]: |       ... .     |
[[0;32m  OK  [0m] Started Regular background program processing daemon.
[   24.720600] cloud-init[943]: |          o      |
[   24.789517] cloud-init[943]: |           .     |
[[0;32m  OK  [0m] Started ACPI event daemon.
[   24.819668] cloud-init[943]: +----[SHA256]-----+
[[0;32m  OK  [0m] Started Deferred execution scheduler.
[[0;32m  OK  [0m] Started Unattended Upgrades Shutdown.
         Starting LXD - container startup/shutdown...
         Starting Snappy daemon...
[[0;32m  OK  [0m] Started System Logging Service.
[[0;32m  OK  [0m] Started /etc/rc.local Compatibility.
[[0;32m  OK  [0m] Started Pollinate to seed the pseudo random number generator.
[[0;32m  OK  [0m] Started LXD - container startup/shutdown.
[[0;32m  OK  [0m] Started Snappy daemon.
[[0;32m  OK  [0m] Started Login to default iSCSI targets.
[[0;32m  OK  [0m] Started LSB: Record successful boot for GRUB.
[[0;32m  OK  [0m] Started LSB: MD monitoring daemon.
[[0;32m  OK  [0m] Started Login Service.
         Starting Authenticate and Authorize Users to Run Privileged Tasks...
[[0;32m  OK  [0m] Reached target Remote File Systems (Pre).
[[0;32m  OK  [0m] Reached target Remote File Systems.
         Starting LSB: automatic crash report generation...
         Starting LSB: VirtualBox Linux Additions...
         Starting LSB: Set the CPU Frequency Scaling governor to "ondemand"...
         Starting Permit User Sessions...
         Starting LSB: daemon to balance interrupts for SMP systems...
         Starting Auto import assertions from block devices...
         Starting OpenBSD Secure Shell server...
[[0;32m  OK  [0m] Started Permit User Sessions.
[[0;32m  OK  [0m] Started Auto import assertions from block devices.
[[0;32m  OK  [0m] Started OpenBSD Secure Shell server.
[[0;32m  OK  [0m] Started Authenticate and Authorize Users to Run Privileged Tasks.
[[0;32m  OK  [0m] Started Accounts Service.
[[0;32m  OK  [0m] Started LSB: Set the CPU Frequency Scaling governor to "ondemand".
[[0;32m  OK  [0m] Started LSB: automatic crash report generation.
         Starting Terminate Plymouth Boot Screen...
[   25.975307] cloud-init[1129]: Generating locales (this might take a while)...
         Starting Hold until boot process finishes up...
[[0;32m  OK  [0m] Started LSB: VirtualBox Linux Additions.
[[0;32m  OK  [0m] Started LSB: daemon to balance interrupts for SMP systems.
[[0;32m  OK  [0m] Started Terminate Plymouth Boot Screen.
[[0;32m  OK  [0m] Started Hold until boot process finishes up.
[[0;32m  OK  [0m] Started Serial Getty on ttyS0.
         Starting Set console scheme...
[[0;32m  OK  [0m] Started Getty on tty1.
[[0;32m  OK  [0m] Reached target Login Prompts.
[[0;32m  OK  [0m] Reached target Multi-User System.
[[0;32m  OK  [0m] Reached target Graphical Interface.
         Starting Update UTMP about System Runlevel Changes...
[[0;32m  OK  [0m] Started Set console scheme.
[[0;32m  OK  [0m] Started Update UTMP about System Runlevel Changes.
[   27.537606] cloud-init[1129]:   en_US.UTF-8... done
[   27.560790] cloud-init[1129]: Generation complete.
         Stopping OpenBSD Secure Shell server...
[[0;32m  OK  [0m] Stopped OpenBSD Secure Shell server.
         Starting OpenBSD Secure Shell server...
[[0;32m  OK  [0m] Started OpenBSD Secure Shell server.
[[0;32m  OK  [0m] Created slice User Slice of ubuntu.
         Starting User Manager for UID 1000...
[[0;32m  OK  [0m] Started Session 1 of user ubuntu.
[[0;32m  OK  [0m] Started User Manager for UID 1000.
[   28.175535] cloud-init[1129]: Cloud-init v. 0.7.9 running 'modules:config' at Mon, 23 Oct 2017 13:11:11 +0000. Up 25.56 seconds.
[[0;32m  OK  [0m] Started Apply the settings specified in cloud-config.
         Starting Execute cloud user/final scripts...
ci-info: no authorized ssh keys fingerprints found for user ubuntu.
<14>Oct 23 13:11:15 ec2: 
<14>Oct 23 13:11:15 ec2: #############################################################
<14>Oct 23 13:11:15 ec2: -----BEGIN SSH HOST KEY FINGERPRINTS-----
<14>Oct 23 13:11:15 ec2: 1024 SHA256:pIzikkqAIG8zC3aMvb7vwBJbpuSzeacQeW2GQ8Lj/+c root@ubuntu-xenial (DSA)
<14>Oct 23 13:11:15 ec2: 256 SHA256:1tBqs3I9kv/V0Nj9420PoRAUh9h4FRyLyMQGTmqVE/Y root@ubuntu-xenial (ECDSA)
<14>Oct 23 13:11:15 ec2: 256 SHA256:TlKLYB17VPpnYVLIy74D1pE0uCAes0n8WglbWn/Ah1s root@ubuntu-xenial (ED25519)
<14>Oct 23 13:11:15 ec2: 2048 SHA256:KTZlnYQQ+yrsYfUAPYurfae27uqtmC/CZT3pZhY3kns root@ubuntu-xenial (RSA)
<14>Oct 23 13:11:15 ec2: -----END SSH HOST KEY FINGERPRINTS-----
<14>Oct 23 13:11:15 ec2: #############################################################
-----BEGIN SSH HOST KEY KEYS-----
ecdsa-sha2-nistp256 AAAAE2VjZHNhLXNoYTItbmlzdHAyNTYAAAAIbmlzdHAyNTYAAABBBH8R7imI+D7pwCEaOVnDqzFUKeTz/2MJUdi9DiYVw51lSDnmVqewjzIxWPPjloeTRUlJC/y7N06sKSOAAP4gVQw= root@ubuntu-xenial
ssh-ed25519 AAAAC3NzaC1lZDI1NTE5AAAAIHTuWn+PfjOYQ0QM9KUCwi0jWsHSd6aBNoXkGlTe83Es root@ubuntu-xenial
ssh-rsa AAAAB3NzaC1yc2EAAAADAQABAAABAQDiv2DxlLpc50qiQYmcL5NZza8avZsC/a7P+Xik0a3mit7QPQ/rjN+mdsBjuc8scRWsY22vhcWbTAOOtfmXEGWSoymN7ShD/ZU3cdMCSUa0qtHABKl+7ZEYoueLdQtXje+7g1QHINYZkXHFHFHNyRLJRX0bRAW+OV2ZV0w3Z4fVl3G1Qv80paH5fv0v4WSwn4FaHREaat4UwNxFZkc9thRYXcU6Cnfh1R59uMgcVkGPjblYJLGULB8X1i3njDhdNCR+G4G2OVHbnz77brLlriclzLq+MYKo0P9t8+tJRCy9MYxBFVVijsStpC1c0nRz5WMgegf4f3GrppxtYW+OjayV root@ubuntu-xenial
-----END SSH HOST KEY KEYS-----
         Stopping User Manager for UID 1000...
[[0;32m  OK  [0m] Stopped User Manager for UID 1000.
[   29.851933] cloud-init[1397]: Cloud-init v. 0.7.9 running 'modules:final' at Mon, 23 Oct 2017 13:11:15 +0000. Up 28.95 seconds.
[   30.004021] [cloud-init[0;32m  OK  [0m[1397]: ] ci-info: no authorized ssh keys fingerprints found for user ubuntu.Started Execute cloud user/final scripts.

[   30.005101] cloud-init[1397]: Cloud-init v. 0.7.9 finished at Mon, 23 Oct 2017 13:11:16 +0000. Datasource DataSourceNoCloud [seed=/dev/sdb][dsmode=net].  Up 29.82 seconds
[[0;32m  OK  [0m] Removed slice User Slice of ubuntu.
[[0;32m  OK  [0m] Reached target Cloud-init target.

Ubuntu 16.04.3 LTS ubuntu-xenial ttyS0

ubuntu-xenial login: 